Archive member included to satisfy reference by file (symbol)

D:\work\techsafe\MCRuntime\dev2\mcrt\Debug_STM32_M7\libMCRuntime_V1.a(mcCore.o)
                              Core/Src/main.o (mcCore_SM)
D:\work\techsafe\MCRuntime\dev2\mcrt\Debug_STM32_M7\libMCRuntime_V1.a(persistent_vars.o)
                              D:\work\techsafe\MCRuntime\dev2\mcrt\Debug_STM32_M7\libMCRuntime_V1.a(mcCore.o) (read_persistent_data_structure)
D:\work\techsafe\MCRuntime\dev2\mcrt\Debug_STM32_M7\libMCRuntime_V1.a(test_circuits.o)
                              D:\work\techsafe\MCRuntime\dev2\mcrt\Debug_STM32_M7\libMCRuntime_V1.a(mcCore.o) (create_test_circuit)
D:\work\techsafe\MCRuntime\dev2\mcrt\Debug_STM32_M7\libMCRuntime_V1.a(uniqueid.o)
                              D:\work\techsafe\MCRuntime\dev2\mcrt\Debug_STM32_M7\libMCRuntime_V1.a(mcCore.o) (init_uniqueid)
D:\work\techsafe\MCRuntime\dev2\mcrt\Debug_STM32_M7\libMCRuntime_V1.a(comm_service.o)
                              Adaptors/adaptor.o (Runtime_CommDataService_NewData_Received)
D:\work\techsafe\MCRuntime\dev2\mcrt\Debug_STM32_M7\libMCRuntime_V1.a(modbus_slave.o)
                              D:\work\techsafe\MCRuntime\dev2\mcrt\Debug_STM32_M7\libMCRuntime_V1.a(persistent_vars.o) (get_Modbus_Buf_Holding_Registers_40001)
D:\work\techsafe\MCRuntime\dev2\mcrt\Debug_STM32_M7\libMCRuntime_V1.a(Parser.o)
                              D:\work\techsafe\MCRuntime\dev2\mcrt\Debug_STM32_M7\libMCRuntime_V1.a(mcCore.o) (Parser)
D:\work\techsafe\MCRuntime\dev2\mcrt\Debug_STM32_M7\libMCRuntime_V1.a(deployment.o)
                              D:\work\techsafe\MCRuntime\dev2\mcrt\Debug_STM32_M7\libMCRuntime_V1.a(mcCore.o) (get_deployment_ch)
D:\work\techsafe\MCRuntime\dev2\mcrt\Debug_STM32_M7\libMCRuntime_V1.a(fcb.o)
                              D:\work\techsafe\MCRuntime\dev2\mcrt\Debug_STM32_M7\libMCRuntime_V1.a(persistent_vars.o) (write_flash_data)
D:\work\techsafe\MCRuntime\dev2\mcrt\Debug_STM32_M7\libMCRuntime_V1.a(mcCore_Watch.o)
                              D:\work\techsafe\MCRuntime\dev2\mcrt\Debug_STM32_M7\libMCRuntime_V1.a(Parser.o) (addWatch)
D:\work\techsafe\MCRuntime\dev2\mcrt\Debug_STM32_M7\libMCRuntime_V1.a(fb_wmhr.o)
                              D:\work\techsafe\MCRuntime\dev2\mcrt\Debug_STM32_M7\libMCRuntime_V1.a(Parser.o) (fb_wmhr_parser)
D:\work\techsafe\MCRuntime\dev2\mcrt\Debug_STM32_M7\libMCRuntime_V1.a(fb_number.o)
                              D:\work\techsafe\MCRuntime\dev2\mcrt\Debug_STM32_M7\libMCRuntime_V1.a(Parser.o) (fb_number_parser)
D:\work\techsafe\MCRuntime\dev2\mcrt\Debug_STM32_M7\libMCRuntime_V1.a(fb_rmhr.o)
                              D:\work\techsafe\MCRuntime\dev2\mcrt\Debug_STM32_M7\libMCRuntime_V1.a(Parser.o) (fb_rmhr_parser)
D:\work\techsafe\MCRuntime\dev2\mcrt\Debug_STM32_M7\libMCRuntime_V1.a(fb_and.o)
                              D:\work\techsafe\MCRuntime\dev2\mcrt\Debug_STM32_M7\libMCRuntime_V1.a(Parser.o) (fb_and_parser)
D:\work\techsafe\MCRuntime\dev2\mcrt\Debug_STM32_M7\libMCRuntime_V1.a(fb_nand.o)
                              D:\work\techsafe\MCRuntime\dev2\mcrt\Debug_STM32_M7\libMCRuntime_V1.a(Parser.o) (fb_nand_parser)
D:\work\techsafe\MCRuntime\dev2\mcrt\Debug_STM32_M7\libMCRuntime_V1.a(fb_nor.o)
                              D:\work\techsafe\MCRuntime\dev2\mcrt\Debug_STM32_M7\libMCRuntime_V1.a(Parser.o) (fb_nor_parser)
D:\work\techsafe\MCRuntime\dev2\mcrt\Debug_STM32_M7\libMCRuntime_V1.a(fb_not.o)
                              D:\work\techsafe\MCRuntime\dev2\mcrt\Debug_STM32_M7\libMCRuntime_V1.a(Parser.o) (fb_not_parser)
D:\work\techsafe\MCRuntime\dev2\mcrt\Debug_STM32_M7\libMCRuntime_V1.a(fb_or.o)
                              D:\work\techsafe\MCRuntime\dev2\mcrt\Debug_STM32_M7\libMCRuntime_V1.a(Parser.o) (fb_or_parser)
D:\work\techsafe\MCRuntime\dev2\mcrt\Debug_STM32_M7\libMCRuntime_V1.a(fb_xor.o)
                              D:\work\techsafe\MCRuntime\dev2\mcrt\Debug_STM32_M7\libMCRuntime_V1.a(Parser.o) (fb_xor_parser)
D:\work\techsafe\MCRuntime\dev2\mcrt\Debug_STM32_M7\libMCRuntime_V1.a(fb_cycle.o)
                              D:\work\techsafe\MCRuntime\dev2\mcrt\Debug_STM32_M7\libMCRuntime_V1.a(Parser.o) (fb_cycle_parser)
D:\work\techsafe\MCRuntime\dev2\mcrt\Debug_STM32_M7\libMCRuntime_V1.a(fb_inputpin.o)
                              D:\work\techsafe\MCRuntime\dev2\mcrt\Debug_STM32_M7\libMCRuntime_V1.a(Parser.o) (fb_inputpin_parser)
D:\work\techsafe\MCRuntime\dev2\mcrt\Debug_STM32_M7\libMCRuntime_V1.a(fb_outputpin.o)
                              D:\work\techsafe\MCRuntime\dev2\mcrt\Debug_STM32_M7\libMCRuntime_V1.a(Parser.o) (fb_output_pin_parser)
c:/st/stm32cubeide_1.5.1/stm32cubeide/plugins/com.st.stm32cube.ide.mcu.externaltools.gnu-tools-for-stm32.9-2020-q2-update.win32_1.5.0.202011040924/tools/bin/../lib/gcc/arm-none-eabi/9.3.1/../../../../arm-none-eabi/lib/thumb/v7e-m+dp/hard\libc_nano.a(lib_a-errno.o)
                              Core/Src/syscalls.o (__errno)
[...]
Memory Configuration

Name             Origin             Length             Attributes
RAM              0x0000000020000000 0x0000000000080000 xrw
FLASH            0x0000000008000000 0x0000000000200000 xr
*default*        0x0000000000000000 0xffffffffffffffff

Linker script and memory map

LOAD c:/st/stm32cubeide_1.5.1/stm32cubeide/plugins/com.st.stm32cube.ide.mcu.externaltools.gnu-tools-for-stm32.9-2020-q2-update.win32_1.5.0.202011040924/tools/bin/../lib/gcc/arm-none-eabi/9.3.1/thumb/v7e-m+dp/hard/crti.o
LOAD c:/st/stm32cubeide_1.5.1/stm32cubeide/plugins/com.st.stm32cube.ide.mcu.externaltools.gnu-tools-for-stm32.9-2020-q2-update.win32_1.5.0.202011040924/tools/bin/../lib/gcc/arm-none-eabi/9.3.1/thumb/v7e-m+dp/hard/crtbegin.o
LOAD c:/st/stm32cubeide_1.5.1/stm32cubeide/plugins/com.st.stm32cube.ide.mcu.externaltools.gnu-tools-for-stm32.9-2020-q2-update.win32_1.5.0.202011040924/tools/bin/../lib/gcc/arm-none-eabi/9.3.1/../../../../arm-none-eabi/lib/thumb/v7e-m+dp/hard/crt0.o
LOAD Adaptors/adaptor.o
LOAD Core/Src/GFX_FUNCTIONS.o
LOAD Core/Src/ST7735.o
LOAD Core/Src/fonts.o
LOAD Core/Src/main.o
LOAD Core/Src/stm32f7xx_hal_msp.o
LOAD Core/Src/stm32f7xx_it.o
LOAD Core/Src/syscalls.o
LOAD Core/Src/sysmem.o
LOAD Core/Src/system_stm32f7xx.o
LOAD Core/Startup/startup_stm32f767zitx.o
LOAD Drivers/STM32F7xx_HAL_Driver/Src/stm32f7xx_hal.o
LOAD Drivers/STM32F7xx_HAL_Driver/Src/stm32f7xx_hal_adc.o
LOAD Drivers/STM32F7xx_HAL_Driver/Src/stm32f7xx_hal_adc_ex.o
LOAD Drivers/STM32F7xx_HAL_Driver/Src/stm32f7xx_hal_cortex.o
LOAD Drivers/STM32F7xx_HAL_Driver/Src/stm32f7xx_hal_dma.o
LOAD Drivers/STM32F7xx_HAL_Driver/Src/stm32f7xx_hal_dma_ex.o
LOAD Drivers/STM32F7xx_HAL_Driver/Src/stm32f7xx_hal_exti.o
LOAD Drivers/STM32F7xx_HAL_Driver/Src/stm32f7xx_hal_flash.o
LOAD Drivers/STM32F7xx_HAL_Driver/Src/stm32f7xx_hal_flash_ex.o
LOAD Drivers/STM32F7xx_HAL_Driver/Src/stm32f7xx_hal_gpio.o
LOAD Drivers/STM32F7xx_HAL_Driver/Src/stm32f7xx_hal_i2c.o
LOAD Drivers/STM32F7xx_HAL_Driver/Src/stm32f7xx_hal_i2c_ex.o
LOAD Drivers/STM32F7xx_HAL_Driver/Src/stm32f7xx_hal_pwr.o
LOAD Drivers/STM32F7xx_HAL_Driver/Src/stm32f7xx_hal_pwr_ex.o
LOAD Drivers/STM32F7xx_HAL_Driver/Src/stm32f7xx_hal_rcc.o
LOAD Drivers/STM32F7xx_HAL_Driver/Src/stm32f7xx_hal_rcc_ex.o
LOAD Drivers/STM32F7xx_HAL_Driver/Src/stm32f7xx_hal_spi.o
LOAD Drivers/STM32F7xx_HAL_Driver/Src/stm32f7xx_hal_spi_ex.o
LOAD Drivers/STM32F7xx_HAL_Driver/Src/stm32f7xx_hal_tim.o
LOAD Drivers/STM32F7xx_HAL_Driver/Src/stm32f7xx_hal_tim_ex.o
LOAD Drivers/STM32F7xx_HAL_Driver/Src/stm32f7xx_hal_uart.o
LOAD Drivers/STM32F7xx_HAL_Driver/Src/stm32f7xx_hal_uart_ex.o
LOAD D:\work\techsafe\MCRuntime\dev2\mcrt\Debug_STM32_M7\libMCRuntime_V1.a
START GROUP
LOAD c:/st/stm32cubeide_1.5.1/stm32cubeide/plugins/com.st.stm32cube.ide.mcu.externaltools.gnu-tools-for-stm32.9-2020-q2-update.win32_1.5.0.202011040924/tools/bin/../lib/gcc/arm-none-eabi/9.3.1/../../../../arm-none-eabi/lib/thumb/v7e-m+dp/hard\libc_nano.a
LOAD c:/st/stm32cubeide_1.5.1/stm32cubeide/plugins/com.st.stm32cube.ide.mcu.externaltools.gnu-tools-for-stm32.9-2020-q2-update.win32_1.5.0.202011040924/tools/bin/../lib/gcc/arm-none-eabi/9.3.1/../../../../arm-none-eabi/lib/thumb/v7e-m+dp/hard\libm.a
END GROUP
START GROUP
LOAD c:/st/stm32cubeide_1.5.1/stm32cubeide/plugins/com.st.stm32cube.ide.mcu.externaltools.gnu-tools-for-stm32.9-2020-q2-update.win32_1.5.0.202011040924/tools/bin/../lib/gcc/arm-none-eabi/9.3.1/thumb/v7e-m+dp/hard\libgcc.a
LOAD c:/st/stm32cubeide_1.5.1/stm32cubeide/plugins/com.st.stm32cube.ide.mcu.externaltools.gnu-tools-for-stm32.9-2020-q2-update.win32_1.5.0.202011040924/tools/bin/../lib/gcc/arm-none-eabi/9.3.1/../../../../arm-none-eabi/lib/thumb/v7e-m+dp/hard\libc_nano.a
END GROUP
START GROUP
LOAD c:/st/stm32cubeide_1.5.1/stm32cubeide/plugins/com.st.stm32cube.ide.mcu.externaltools.gnu-tools-for-stm32.9-2020-q2-update.win32_1.5.0.202011040924/tools/bin/../lib/gcc/arm-none-eabi/9.3.1/thumb/v7e-m+dp/hard\libgcc.a
LOAD c:/st/stm32cubeide_1.5.1/stm32cubeide/plugins/com.st.stm32cube.ide.mcu.externaltools.gnu-tools-for-stm32.9-2020-q2-update.win32_1.5.0.202011040924/tools/bin/../lib/gcc/arm-none-eabi/9.3.1/../../../../arm-none-eabi/lib/thumb/v7e-m+dp/hard\libc_nano.a
LOAD c:/st/stm32cubeide_1.5.1/stm32cubeide/plugins/com.st.stm32cube.ide.mcu.externaltools.gnu-tools-for-stm32.9-2020-q2-update.win32_1.5.0.202011040924/tools/bin/../lib/gcc/arm-none-eabi/9.3.1/../../../../arm-none-eabi/lib/thumb/v7e-m+dp/hard\libnosys.a
END GROUP
START GROUP
LOAD c:/st/stm32cubeide_1.5.1/stm32cubeide/plugins/com.st.stm32cube.ide.mcu.externaltools.gnu-tools-for-stm32.9-2020-q2-update.win32_1.5.0.202011040924/tools/bin/../lib/gcc/arm-none-eabi/9.3.1/thumb/v7e-m+dp/hard\libgcc.a
LOAD c:/st/stm32cubeide_1.5.1/stm32cubeide/plugins/com.st.stm32cube.ide.mcu.externaltools.gnu-tools-for-stm32.9-2020-q2-update.win32_1.5.0.202011040924/tools/bin/../lib/gcc/arm-none-eabi/9.3.1/../../../../arm-none-eabi/lib/thumb/v7e-m+dp/hard\libc_nano.a
LOAD c:/st/stm32cubeide_1.5.1/stm32cubeide/plugins/com.st.stm32cube.ide.mcu.externaltools.gnu-tools-for-stm32.9-2020-q2-update.win32_1.5.0.202011040924/tools/bin/../lib/gcc/arm-none-eabi/9.3.1/../../../../arm-none-eabi/lib/thumb/v7e-m+dp/hard\libnosys.a
END GROUP
LOAD c:/st/stm32cubeide_1.5.1/stm32cubeide/plugins/com.st.stm32cube.ide.mcu.externaltools.gnu-tools-for-stm32.9-2020-q2-update.win32_1.5.0.202011040924/tools/bin/../lib/gcc/arm-none-eabi/9.3.1/thumb/v7e-m+dp/hard/crtend.o
LOAD c:/st/stm32cubeide_1.5.1/stm32cubeide/plugins/com.st.stm32cube.ide.mcu.externaltools.gnu-tools-for-stm32.9-2020-q2-update.win32_1.5.0.202011040924/tools/bin/../lib/gcc/arm-none-eabi/9.3.1/thumb/v7e-m+dp/hard/crtn.o
                0x0000000020080000                _estack = (ORIGIN (RAM) + LENGTH (RAM))
                0x0000000000000200                _Min_Heap_Size = 0x200
                0x0000000000000400                _Min_Stack_Size = 0x400

.isr_vector     0x0000000008000000      0x1f8
                0x0000000008000000                . = ALIGN (0x4)
 *(.isr_vector)
 .isr_vector    0x0000000008000000      0x1f8 Core/Startup/startup_stm32f767zitx.o
                0x0000000008000000                g_pfnVectors
                0x00000000080001f8                . = ALIGN (0x4)

.text           0x00000000080001f8     0x82ac
                0x00000000080001f8                . = ALIGN (0x4)
 *(.text)
 .text          0x00000000080001f8       0x40 c:/st/stm32cubeide_1.5.1/stm32cubeide/plugins/com.st.stm32cube.ide.mcu.externaltools.gnu-tools-for-stm32.9-2020-q2-update.win32_1.5.0.202011040924/tools/bin/../lib/gcc/arm-none-eabi/9.3.1/thumb/v7e-m+dp/hard/crtbegin.o
 .text          0x0000000008000238       0x30 c:/st/stm32cubeide_1.5.1/stm32cubeide/plugins/com.st.stm32cube.ide.mcu.externaltools.gnu-tools-for-stm32.9-2020-q2-update.win32_1.5.0.202011040924/tools/bin/../lib/gcc/arm-none-eabi/9.3.1/thumb/v7e-m+dp/hard\libgcc.a(_aeabi_uldivmod.o)
                0x0000000008000238                __aeabi_uldivmod
 .text          0x0000000008000268      0x2c4 c:/st/stm32cubeide_1.5.1/stm32cubeide/plugins/com.st.stm32cube.ide.mcu.externaltools.gnu-tools-for-stm32.9-2020-q2-update.win32_1.5.0.202011040924/tools/bin/../lib/gcc/arm-none-eabi/9.3.1/thumb/v7e-m+dp/hard\libgcc.a(_udivmoddi4.o)
                0x0000000008000268                __udivmoddi4
 .text          0x000000000800052c        0x4 c:/st/stm32cubeide_1.5.1/stm32cubeide/plugins/com.st.stm32cube.ide.mcu.externaltools.gnu-tools-for-stm32.9-2020-q2-update.win32_1.5.0.202011040924/tools/bin/../lib/gcc/arm-none-eabi/9.3.1/thumb/v7e-m+dp/hard\libgcc.a(_dvmd_tls.o)
                0x000000000800052c                __aeabi_idiv0
                0x000000000800052c                __aeabi_ldiv0
 *(.text*)
 .text.initiate_input_channels
                0x0000000008000530       0x3c Adaptors/adaptor.o
                0x0000000008000530                initiate_input_channels
 .text.initiate_output_channels
                0x000000000800056c       0x3c Adaptors/adaptor.o
                0x000000000800056c                initiate_output_channels
 .text.hal_gpio_write_pin
                0x00000000080005a8       0x3c Adaptors/adaptor.o
                0x00000000080005a8                hal_gpio_write_pin
 .text.hal_gpio_read_pin
                0x00000000080005e4       0x34 Adaptors/adaptor.o
                0x00000000080005e4                hal_gpio_read_pin
 .text.hal_get_tick
                0x0000000008000618        0xe Adaptors/adaptor.o
                0x0000000008000618                hal_get_tick
 .text.hal_init_tick
                0x0000000008000626        0xe Adaptors/adaptor.o
                0x0000000008000626                hal_init_tick
 .text.init_comm_data_service
                0x0000000008000634       0x20 Adaptors/adaptor.o
                0x0000000008000634                init_comm_data_service
 .text.init_comm_timing_service
                0x0000000008000654       0x20 Adaptors/adaptor.o
                0x0000000008000654                init_comm_timing_service
 .text.start_comm_timer
                0x0000000008000674       0x3c Adaptors/adaptor.o
                0x0000000008000674                start_comm_timer
 .text.stop_comm_timer
                0x00000000080006b0       0x2c Adaptors/adaptor.o
                0x00000000080006b0                stop_comm_timer
 .text.HAL_UART_RxCpltCallback
                0x00000000080006dc       0x38 Adaptors/adaptor.o
                0x00000000080006dc                HAL_UART_RxCpltCallback
 .text.HAL_TIM_PeriodElapsedCallback
                0x0000000008000714       0x30 Adaptors/adaptor.o
                0x0000000008000714                HAL_TIM_PeriodElapsedCallback
 .text.hal_modbus_uart_tx
                0x0000000008000744       0x28 Adaptors/adaptor.o
                0x0000000008000744                hal_modbus_uart_tx
 .text.HAL_UART_TxCpltCallback
                0x000000000800076c       0x14 Adaptors/adaptor.o
                0x000000000800076c                HAL_UART_TxCpltCallback
 .text.get_uniqueid
                0x0000000008000780       0x44 Adaptors/adaptor.o
                0x0000000008000780                get_uniqueid
 .text.get_flash_memory_info
                0x00000000080007c4       0x28 Adaptors/adaptor.o
                0x00000000080007c4                get_flash_memory_info
 .text.write_to_flash
                0x00000000080007ec       0x68 Adaptors/adaptor.o
                0x00000000080007ec                write_to_flash
 .text.erase_flash
                0x0000000008000854       0x52 Adaptors/adaptor.o
                0x0000000008000854                erase_flash
 .text.initiate_runtime
                0x00000000080008a6       0x18 Adaptors/adaptor.o
                0x00000000080008a6                initiate_runtime
 .text.main     0x00000000080008be       0x32 Core/Src/main.o
                0x00000000080008be                main
 .text.SystemClock_Config
                0x00000000080008f0      0x118 Core/Src/main.o
                0x00000000080008f0                SystemClock_Config
 .text.MX_ADC1_Init
                0x0000000008000a08       0xc0 Core/Src/main.o
 .text.MX_SPI1_Init
                0x0000000008000ac8       0x7c Core/Src/main.o
 .text.MX_TIM4_Init
                0x0000000008000b44       0xf0 Core/Src/main.o
 .text.MX_TIM6_Init
                0x0000000008000c34       0x6c Core/Src/main.o
 .text.MX_UART7_Init
                0x0000000008000ca0       0x60 Core/Src/main.o
 .text.MX_DMA_Init
                0x0000000008000d00       0x3c Core/Src/main.o
 .text.MX_GPIO_Init
                0x0000000008000d3c      0x200 Core/Src/main.o
 .text.HAL_GPIO_EXTI_Callback
                0x0000000008000f3c       0xc4 Core/Src/main.o
                0x0000000008000f3c                HAL_GPIO_EXTI_Callback
 .text.change_flag
                0x0000000008001000       0x22 Core/Src/main.o
                0x0000000008001000                change_flag
 *fill*         0x0000000008001022        0x2 
 .text.Error_Handler
                0x0000000008001024       0x18 Core/Src/main.o
                0x0000000008001024                Error_Handler
 .text.HAL_MspInit
                0x000000000800103c       0x48 Core/Src/stm32f7xx_hal_msp.o
                0x000000000800103c                HAL_MspInit
 .text.HAL_ADC_MspInit
                0x0000000008001084      0x11c Core/Src/stm32f7xx_hal_msp.o
                0x0000000008001084                HAL_ADC_MspInit
 .text.HAL_SPI_MspInit
                0x00000000080011a0       0x88 Core/Src/stm32f7xx_hal_msp.o
                0x00000000080011a0                HAL_SPI_MspInit
 .text.HAL_TIM_Base_MspInit
                0x0000000008001228       0x74 Core/Src/stm32f7xx_hal_msp.o
                0x0000000008001228                HAL_TIM_Base_MspInit
 .text.HAL_TIM_MspPostInit
                0x000000000800129c       0x70 Core/Src/stm32f7xx_hal_msp.o
                0x000000000800129c                HAL_TIM_MspPostInit
 .text.HAL_UART_MspInit
                0x000000000800130c       0x98 Core/Src/stm32f7xx_hal_msp.o
                0x000000000800130c                HAL_UART_MspInit
 .text.NMI_Handler
                0x00000000080013a4        0x6 Core/Src/stm32f7xx_it.o
                0x00000000080013a4                NMI_Handler
 .text.HardFault_Handler
                0x00000000080013aa        0x6 Core/Src/stm32f7xx_it.o
                0x00000000080013aa                HardFault_Handler
 .text.MemManage_Handler
                0x00000000080013b0        0x6 Core/Src/stm32f7xx_it.o
                0x00000000080013b0                MemManage_Handler
 .text.BusFault_Handler
                0x00000000080013b6        0x6 Core/Src/stm32f7xx_it.o
                0x00000000080013b6                BusFault_Handler
 .text.UsageFault_Handler
                0x00000000080013bc        0x6 Core/Src/stm32f7xx_it.o
                0x00000000080013bc                UsageFault_Handler
 .text.SVC_Handler
                0x00000000080013c2        0xe Core/Src/stm32f7xx_it.o
                0x00000000080013c2                SVC_Handler
 .text.DebugMon_Handler
                0x00000000080013d0        0xe Core/Src/stm32f7xx_it.o
                0x00000000080013d0                DebugMon_Handler
 .text.PendSV_Handler
                0x00000000080013de        0xe Core/Src/stm32f7xx_it.o
                0x00000000080013de                PendSV_Handler
 .text.SysTick_Handler
                0x00000000080013ec        0xc Core/Src/stm32f7xx_it.o
                0x00000000080013ec                SysTick_Handler
 .text.EXTI9_5_IRQHandler
                0x00000000080013f8       0x22 Core/Src/stm32f7xx_it.o
                0x00000000080013f8                EXTI9_5_IRQHandler
 *fill*         0x000000000800141a        0x2 
 .text.TIM6_DAC_IRQHandler
                0x000000000800141c       0x14 Core/Src/stm32f7xx_it.o
                0x000000000800141c                TIM6_DAC_IRQHandler
 .text.DMA2_Stream0_IRQHandler
                0x0000000008001430       0x14 Core/Src/stm32f7xx_it.o
                0x0000000008001430                DMA2_Stream0_IRQHandler
 .text.UART7_IRQHandler
                0x0000000008001444       0x14 Core/Src/stm32f7xx_it.o
                0x0000000008001444                UART7_IRQHandler
 .text.SystemInit
                0x0000000008001458       0x24 Core/Src/system_stm32f7xx.o
                0x0000000008001458                SystemInit
 .text.Reset_Handler
                0x000000000800147c       0x50 Core/Startup/startup_stm32f767zitx.o
                0x000000000800147c                Reset_Handler
 .text.Default_Handler
                0x00000000080014cc        0x2 Core/Startup/startup_stm32f767zitx.o
                0x00000000080014cc                RTC_Alarm_IRQHandler
                0x00000000080014cc                EXTI2_IRQHandler
                0x00000000080014cc                TIM8_CC_IRQHandler
                0x00000000080014cc                UART8_IRQHandler
                0x00000000080014cc                SPI4_IRQHandler
                0x00000000080014cc                TIM1_CC_IRQHandler
                0x00000000080014cc                DMA2_Stream5_IRQHandler
                0x00000000080014cc                JPEG_IRQHandler
                0x00000000080014cc                DMA1_Stream5_IRQHandler
                0x00000000080014cc                CAN3_RX1_IRQHandler
                0x00000000080014cc                PVD_IRQHandler
                0x00000000080014cc                TAMP_STAMP_IRQHandler
                0x00000000080014cc                CAN2_RX1_IRQHandler
                0x00000000080014cc                EXTI3_IRQHandler
                0x00000000080014cc                TIM8_TRG_COM_TIM14_IRQHandler
                0x00000000080014cc                DFSDM1_FLT1_IRQHandler
                0x00000000080014cc                TIM1_UP_TIM10_IRQHandler
                0x00000000080014cc                TIM8_UP_TIM13_IRQHandler
                0x00000000080014cc                I2C3_ER_IRQHandler
                0x00000000080014cc                DFSDM1_FLT2_IRQHandler
                0x00000000080014cc                EXTI0_IRQHandler
                0x00000000080014cc                I2C2_EV_IRQHandler
                0x00000000080014cc                DMA1_Stream2_IRQHandler
                0x00000000080014cc                CAN1_RX0_IRQHandler
                0x00000000080014cc                FPU_IRQHandler
                0x00000000080014cc                OTG_HS_WKUP_IRQHandler
                0x00000000080014cc                CAN3_SCE_IRQHandler
                0x00000000080014cc                LTDC_ER_IRQHandler
                0x00000000080014cc                CAN2_SCE_IRQHandler
                0x00000000080014cc                DMA2_Stream2_IRQHandler
                0x00000000080014cc                SPI1_IRQHandler
                0x00000000080014cc                TIM1_BRK_TIM9_IRQHandler
                0x00000000080014cc                DCMI_IRQHandler
                0x00000000080014cc                CAN2_RX0_IRQHandler
                0x00000000080014cc                DMA2_Stream3_IRQHandler
                0x00000000080014cc                SAI2_IRQHandler
                0x00000000080014cc                DFSDM1_FLT3_IRQHandler
                0x00000000080014cc                USART6_IRQHandler
                0x00000000080014cc                CAN3_RX0_IRQHandler
                0x00000000080014cc                USART3_IRQHandler
                0x00000000080014cc                CAN1_RX1_IRQHandler
                0x00000000080014cc                UART5_IRQHandler
                0x00000000080014cc                TIM4_IRQHandler
                0x00000000080014cc                QUADSPI_IRQHandler
                0x00000000080014cc                I2C1_EV_IRQHandler
                0x00000000080014cc                DMA1_Stream6_IRQHandler
                0x00000000080014cc                DMA1_Stream1_IRQHandler
                0x00000000080014cc                UART4_IRQHandler
                0x00000000080014cc                TIM3_IRQHandler
                0x00000000080014cc                RCC_IRQHandler
                0x00000000080014cc                TIM8_BRK_TIM12_IRQHandler
                0x00000000080014cc                Default_Handler
                0x00000000080014cc                CEC_IRQHandler
                0x00000000080014cc                EXTI15_10_IRQHandler
                0x00000000080014cc                ADC_IRQHandler
                0x00000000080014cc                DMA1_Stream7_IRQHandler
                0x00000000080014cc                SPI5_IRQHandler
                0x00000000080014cc                TIM7_IRQHandler
                0x00000000080014cc                SDMMC1_IRQHandler
                0x00000000080014cc                CAN2_TX_IRQHandler
                0x00000000080014cc                TIM5_IRQHandler
                0x00000000080014cc                DMA2_Stream7_IRQHandler
                0x00000000080014cc                I2C3_EV_IRQHandler
                0x00000000080014cc                RTC_WKUP_IRQHandler
                0x00000000080014cc                LTDC_IRQHandler
                0x00000000080014cc                ETH_WKUP_IRQHandler
                0x00000000080014cc                SPDIF_RX_IRQHandler
                0x00000000080014cc                SPI2_IRQHandler
                0x00000000080014cc                OTG_HS_EP1_IN_IRQHandler
                0x00000000080014cc                DMA1_Stream0_IRQHandler
                0x00000000080014cc                CAN1_TX_IRQHandler
                0x00000000080014cc                EXTI4_IRQHandler
                0x00000000080014cc                RNG_IRQHandler
                0x00000000080014cc                ETH_IRQHandler
                0x00000000080014cc                OTG_HS_EP1_OUT_IRQHandler
                0x00000000080014cc                WWDG_IRQHandler
                0x00000000080014cc                SPI6_IRQHandler
                0x00000000080014cc                MDIOS_IRQHandler
                0x00000000080014cc                I2C4_EV_IRQHandler
                0x00000000080014cc                CAN3_TX_IRQHandler
                0x00000000080014cc                TIM2_IRQHandler
                0x00000000080014cc                OTG_FS_WKUP_IRQHandler
                0x00000000080014cc                TIM1_TRG_COM_TIM11_IRQHandler
                0x00000000080014cc                OTG_HS_IRQHandler
                0x00000000080014cc                DMA2D_IRQHandler
                0x00000000080014cc                EXTI1_IRQHandler
                0x00000000080014cc                SDMMC2_IRQHandler
                0x00000000080014cc                USART2_IRQHandler
                0x00000000080014cc                DFSDM1_FLT0_IRQHandler
                0x00000000080014cc                I2C2_ER_IRQHandler
                0x00000000080014cc                DMA2_Stream1_IRQHandler
                0x00000000080014cc                CAN1_SCE_IRQHandler
                0x00000000080014cc                FLASH_IRQHandler
                0x00000000080014cc                DMA2_Stream4_IRQHandler
                0x00000000080014cc                USART1_IRQHandler
                0x00000000080014cc                OTG_FS_IRQHandler
                0x00000000080014cc                SPI3_IRQHandler
                0x00000000080014cc                DMA1_Stream4_IRQHandler
                0x00000000080014cc                I2C1_ER_IRQHandler
                0x00000000080014cc                FMC_IRQHandler
                0x00000000080014cc                LPTIM1_IRQHandler
                0x00000000080014cc                I2C4_ER_IRQHandler
                0x00000000080014cc                DMA2_Stream6_IRQHandler
                0x00000000080014cc                SAI1_IRQHandler
                0x00000000080014cc                DMA1_Stream3_IRQHandler
 .text.HAL_Init
                0x00000000080014ce       0x1a Drivers/STM32F7xx_HAL_Driver/Src/stm32f7xx_hal.o
                0x00000000080014ce                HAL_Init
 .text.HAL_InitTick
                0x00000000080014e8       0x60 Drivers/STM32F7xx_HAL_Driver/Src/stm32f7xx_hal.o
                0x00000000080014e8                HAL_InitTick
 .text.HAL_IncTick
                0x0000000008001548       0x28 Drivers/STM32F7xx_HAL_Driver/Src/stm32f7xx_hal.o
                0x0000000008001548                HAL_IncTick
 .text.HAL_GetTick
                0x0000000008001570       0x18 Drivers/STM32F7xx_HAL_Driver/Src/stm32f7xx_hal.o
                0x0000000008001570                HAL_GetTick
 .text.HAL_ADC_Init
                0x0000000008001588       0x88 Drivers/STM32F7xx_HAL_Driver/Src/stm32f7xx_hal_adc.o
                0x0000000008001588                HAL_ADC_Init
 .text.HAL_ADC_ConfigChannel
                0x0000000008001610      0x294 Drivers/STM32F7xx_HAL_Driver/Src/stm32f7xx_hal_adc.o
                0x0000000008001610                HAL_ADC_ConfigChannel
 .text.ADC_Init
                0x00000000080018a4      0x1f4 Drivers/STM32F7xx_HAL_Driver/Src/stm32f7xx_hal_adc.o
 .text.__NVIC_SetPriorityGrouping
                0x0000000008001a98       0x48 Drivers/STM32F7xx_HAL_Driver/Src/stm32f7xx_hal_cortex.o
 .text.__NVIC_GetPriorityGrouping
                0x0000000008001ae0       0x1c Drivers/STM32F7xx_HAL_Driver/Src/stm32f7xx_hal_cortex.o
 .text.__NVIC_EnableIRQ
                0x0000000008001afc       0x3c Drivers/STM32F7xx_HAL_Driver/Src/stm32f7xx_hal_cortex.o
 .text.__NVIC_SetPriority
                0x0000000008001b38       0x54 Drivers/STM32F7xx_HAL_Driver/Src/stm32f7xx_hal_cortex.o
 .text.NVIC_EncodePriority
                0x0000000008001b8c       0x66 Drivers/STM32F7xx_HAL_Driver/Src/stm32f7xx_hal_cortex.o
 *fill*         0x0000000008001bf2        0x2 
 .text.SysTick_Config
                0x0000000008001bf4       0x44 Drivers/STM32F7xx_HAL_Driver/Src/stm32f7xx_hal_cortex.o
 .text.HAL_NVIC_SetPriorityGrouping
                0x0000000008001c38       0x16 Drivers/STM32F7xx_HAL_Driver/Src/stm32f7xx_hal_cortex.o
                0x0000000008001c38                HAL_NVIC_SetPriorityGrouping
 .text.HAL_NVIC_SetPriority
                0x0000000008001c4e       0x38 Drivers/STM32F7xx_HAL_Driver/Src/stm32f7xx_hal_cortex.o
                0x0000000008001c4e                HAL_NVIC_SetPriority
 .text.HAL_NVIC_EnableIRQ
                0x0000000008001c86       0x1c Drivers/STM32F7xx_HAL_Driver/Src/stm32f7xx_hal_cortex.o
                0x0000000008001c86                HAL_NVIC_EnableIRQ
 .text.HAL_SYSTICK_Config
                0x0000000008001ca2       0x18 Drivers/STM32F7xx_HAL_Driver/Src/stm32f7xx_hal_cortex.o
                0x0000000008001ca2                HAL_SYSTICK_Config
 *fill*         0x0000000008001cba        0x2 
 .text.HAL_DMA_Init
                0x0000000008001cbc      0x15c Drivers/STM32F7xx_HAL_Driver/Src/stm32f7xx_hal_dma.o
                0x0000000008001cbc                HAL_DMA_Init
 .text.HAL_DMA_Abort
                0x0000000008001e18       0xe0 Drivers/STM32F7xx_HAL_Driver/Src/stm32f7xx_hal_dma.o
                0x0000000008001e18                HAL_DMA_Abort
 .text.HAL_DMA_Abort_IT
                0x0000000008001ef8       0x44 Drivers/STM32F7xx_HAL_Driver/Src/stm32f7xx_hal_dma.o
                0x0000000008001ef8                HAL_DMA_Abort_IT
 .text.HAL_DMA_IRQHandler
                0x0000000008001f3c      0x314 Drivers/STM32F7xx_HAL_Driver/Src/stm32f7xx_hal_dma.o
                0x0000000008001f3c                HAL_DMA_IRQHandler
 .text.DMA_CalcBaseAndBitshift
                0x0000000008002250       0x6c Drivers/STM32F7xx_HAL_Driver/Src/stm32f7xx_hal_dma.o
 .text.DMA_CheckFifoParam
                0x00000000080022bc       0xf8 Drivers/STM32F7xx_HAL_Driver/Src/stm32f7xx_hal_dma.o
 .text.HAL_FLASH_Program
                0x00000000080023b4       0xb8 Drivers/STM32F7xx_HAL_Driver/Src/stm32f7xx_hal_flash.o
                0x00000000080023b4                HAL_FLASH_Program
 .text.HAL_FLASH_Unlock
                0x000000000800246c       0x44 Drivers/STM32F7xx_HAL_Driver/Src/stm32f7xx_hal_flash.o
                0x000000000800246c                HAL_FLASH_Unlock
 .text.HAL_FLASH_Lock
                0x00000000080024b0       0x20 Drivers/STM32F7xx_HAL_Driver/Src/stm32f7xx_hal_flash.o
                0x00000000080024b0                HAL_FLASH_Lock
 .text.FLASH_WaitForLastOperation
                0x00000000080024d0       0x80 Drivers/STM32F7xx_HAL_Driver/Src/stm32f7xx_hal_flash.o
                0x00000000080024d0                FLASH_WaitForLastOperation
 .text.FLASH_Program_DoubleWord
                0x0000000008002550       0x6c Drivers/STM32F7xx_HAL_Driver/Src/stm32f7xx_hal_flash.o
 .text.FLASH_Program_Word
                0x00000000080025bc       0x4c Drivers/STM32F7xx_HAL_Driver/Src/stm32f7xx_hal_flash.o
 .text.FLASH_Program_HalfWord
                0x0000000008002608       0x4c Drivers/STM32F7xx_HAL_Driver/Src/stm32f7xx_hal_flash.o
 .text.FLASH_Program_Byte
                0x0000000008002654       0x48 Drivers/STM32F7xx_HAL_Driver/Src/stm32f7xx_hal_flash.o
 .text.FLASH_SetErrorCode
                0x000000000800269c       0x94 Drivers/STM32F7xx_HAL_Driver/Src/stm32f7xx_hal_flash.o
 .text.HAL_FLASHEx_Erase
                0x0000000008002730       0xe0 Drivers/STM32F7xx_HAL_Driver/Src/stm32f7xx_hal_flash_ex.o
                0x0000000008002730                HAL_FLASHEx_Erase
 .text.FLASH_MassErase
                0x0000000008002810       0x78 Drivers/STM32F7xx_HAL_Driver/Src/stm32f7xx_hal_flash_ex.o
 .text.FLASH_Erase_Sector
                0x0000000008002888       0xa4 Drivers/STM32F7xx_HAL_Driver/Src/stm32f7xx_hal_flash_ex.o
                0x0000000008002888                FLASH_Erase_Sector
 .text.HAL_GPIO_Init
                0x000000000800292c      0x358 Drivers/STM32F7xx_HAL_Driver/Src/stm32f7xx_hal_gpio.o
                0x000000000800292c                HAL_GPIO_Init
 .text.HAL_GPIO_ReadPin
                0x0000000008002c84       0x30 Drivers/STM32F7xx_HAL_Driver/Src/stm32f7xx_hal_gpio.o
                0x0000000008002c84                HAL_GPIO_ReadPin
 .text.HAL_GPIO_WritePin
                0x0000000008002cb4       0x32 Drivers/STM32F7xx_HAL_Driver/Src/stm32f7xx_hal_gpio.o
                0x0000000008002cb4                HAL_GPIO_WritePin
 .text.HAL_GPIO_TogglePin
                0x0000000008002ce6       0x34 Drivers/STM32F7xx_HAL_Driver/Src/stm32f7xx_hal_gpio.o
                0x0000000008002ce6                HAL_GPIO_TogglePin
 *fill*         0x0000000008002d1a        0x2 
 .text.HAL_GPIO_EXTI_IRQHandler
                0x0000000008002d1c       0x30 Drivers/STM32F7xx_HAL_Driver/Src/stm32f7xx_hal_gpio.o
                0x0000000008002d1c                HAL_GPIO_EXTI_IRQHandler
 .text.HAL_RCC_OscConfig
                0x0000000008002d4c      0x55c Drivers/STM32F7xx_HAL_Driver/Src/stm32f7xx_hal_rcc.o
                0x0000000008002d4c                HAL_RCC_OscConfig
 .text.HAL_RCC_ClockConfig
                0x00000000080032a8      0x1d8 Drivers/STM32F7xx_HAL_Driver/Src/stm32f7xx_hal_rcc.o
                0x00000000080032a8                HAL_RCC_ClockConfig
 .text.HAL_RCC_GetSysClockFreq
                0x0000000008003480      0x16c Drivers/STM32F7xx_HAL_Driver/Src/stm32f7xx_hal_rcc.o
                0x0000000008003480                HAL_RCC_GetSysClockFreq
 .text.HAL_RCC_GetHCLKFreq
                0x00000000080035ec       0x18 Drivers/STM32F7xx_HAL_Driver/Src/stm32f7xx_hal_rcc.o
                0x00000000080035ec                HAL_RCC_GetHCLKFreq
 .text.HAL_RCC_GetPCLK1Freq
                0x0000000008003604       0x28 Drivers/STM32F7xx_HAL_Driver/Src/stm32f7xx_hal_rcc.o
                0x0000000008003604                HAL_RCC_GetPCLK1Freq
 .text.HAL_RCC_GetPCLK2Freq
                0x000000000800362c       0x28 Drivers/STM32F7xx_HAL_Driver/Src/stm32f7xx_hal_rcc.o
                0x000000000800362c                HAL_RCC_GetPCLK2Freq
 .text.HAL_RCCEx_PeriphCLKConfig
                0x0000000008003654      0x850 Drivers/STM32F7xx_HAL_Driver/Src/stm32f7xx_hal_rcc_ex.o
                0x0000000008003654                HAL_RCCEx_PeriphCLKConfig
 .text.HAL_SPI_Init
                0x0000000008003ea4      0x156 Drivers/STM32F7xx_HAL_Driver/Src/stm32f7xx_hal_spi.o
                0x0000000008003ea4                HAL_SPI_Init
 .text.HAL_TIM_Base_Init
                0x0000000008003ffa       0xae Drivers/STM32F7xx_HAL_Driver/Src/stm32f7xx_hal_tim.o
                0x0000000008003ffa                HAL_TIM_Base_Init
 .text.HAL_TIM_Base_Start_IT
                0x00000000080040a8       0xf0 Drivers/STM32F7xx_HAL_Driver/Src/stm32f7xx_hal_tim.o
                0x00000000080040a8                HAL_TIM_Base_Start_IT
 .text.HAL_TIM_PWM_Init
                0x0000000008004198       0xae Drivers/STM32F7xx_HAL_Driver/Src/stm32f7xx_hal_tim.o
                0x0000000008004198                HAL_TIM_PWM_Init
 .text.HAL_TIM_PWM_MspInit
                0x0000000008004246       0x14 Drivers/STM32F7xx_HAL_Driver/Src/stm32f7xx_hal_tim.o
                0x0000000008004246                HAL_TIM_PWM_MspInit
 .text.HAL_TIM_IRQHandler
                0x000000000800425a      0x23e Drivers/STM32F7xx_HAL_Driver/Src/stm32f7xx_hal_tim.o
                0x000000000800425a                HAL_TIM_IRQHandler
 .text.HAL_TIM_PWM_ConfigChannel
                0x0000000008004498      0x220 Drivers/STM32F7xx_HAL_Driver/Src/stm32f7xx_hal_tim.o
                0x0000000008004498                HAL_TIM_PWM_ConfigChannel
 .text.HAL_TIM_ConfigClockSource
                0x00000000080046b8      0x18c Drivers/STM32F7xx_HAL_Driver/Src/stm32f7xx_hal_tim.o
                0x00000000080046b8                HAL_TIM_ConfigClockSource
 .text.HAL_TIM_OC_DelayElapsedCallback
                0x0000000008004844       0x14 Drivers/STM32F7xx_HAL_Driver/Src/stm32f7xx_hal_tim.o
                0x0000000008004844                HAL_TIM_OC_DelayElapsedCallback
 .text.HAL_TIM_IC_CaptureCallback
                0x0000000008004858       0x14 Drivers/STM32F7xx_HAL_Driver/Src/stm32f7xx_hal_tim.o
                0x0000000008004858                HAL_TIM_IC_CaptureCallback
 .text.HAL_TIM_PWM_PulseFinishedCallback
                0x000000000800486c       0x14 Drivers/STM32F7xx_HAL_Driver/Src/stm32f7xx_hal_tim.o
                0x000000000800486c                HAL_TIM_PWM_PulseFinishedCallback
 .text.HAL_TIM_TriggerCallback
                0x0000000008004880       0x14 Drivers/STM32F7xx_HAL_Driver/Src/stm32f7xx_hal_tim.o
                0x0000000008004880                HAL_TIM_TriggerCallback
 .text.TIM_Base_SetConfig
                0x0000000008004894      0x140 Drivers/STM32F7xx_HAL_Driver/Src/stm32f7xx_hal_tim.o
                0x0000000008004894                TIM_Base_SetConfig
 .text.TIM_OC1_SetConfig
                0x00000000080049d4       0xe4 Drivers/STM32F7xx_HAL_Driver/Src/stm32f7xx_hal_tim.o
 .text.TIM_OC2_SetConfig
                0x0000000008004ab8       0xf0 Drivers/STM32F7xx_HAL_Driver/Src/stm32f7xx_hal_tim.o
                0x0000000008004ab8                TIM_OC2_SetConfig
 .text.TIM_OC3_SetConfig
                0x0000000008004ba8       0xec Drivers/STM32F7xx_HAL_Driver/Src/stm32f7xx_hal_tim.o
 .text.TIM_OC4_SetConfig
                0x0000000008004c94       0xb0 Drivers/STM32F7xx_HAL_Driver/Src/stm32f7xx_hal_tim.o
 .text.TIM_OC5_SetConfig
                0x0000000008004d44       0xa4 Drivers/STM32F7xx_HAL_Driver/Src/stm32f7xx_hal_tim.o
 .text.TIM_OC6_SetConfig
                0x0000000008004de8       0xa8 Drivers/STM32F7xx_HAL_Driver/Src/stm32f7xx_hal_tim.o
 .text.TIM_TI1_ConfigInputStage
                0x0000000008004e90       0x5e Drivers/STM32F7xx_HAL_Driver/Src/stm32f7xx_hal_tim.o
 .text.TIM_TI2_ConfigInputStage
                0x0000000008004eee       0x60 Drivers/STM32F7xx_HAL_Driver/Src/stm32f7xx_hal_tim.o
 .text.TIM_ITRx_SetConfig
                0x0000000008004f4e       0x36 Drivers/STM32F7xx_HAL_Driver/Src/stm32f7xx_hal_tim.o
 .text.TIM_ETR_SetConfig
                0x0000000008004f84       0x40 Drivers/STM32F7xx_HAL_Driver/Src/stm32f7xx_hal_tim.o
                0x0000000008004f84                TIM_ETR_SetConfig
 .text.HAL_TIMEx_MasterConfigSynchronization
                0x0000000008004fc4      0x11c Drivers/STM32F7xx_HAL_Driver/Src/stm32f7xx_hal_tim_ex.o
                0x0000000008004fc4                HAL_TIMEx_MasterConfigSynchronization
 .text.HAL_TIMEx_CommutCallback
                0x00000000080050e0       0x14 Drivers/STM32F7xx_HAL_Driver/Src/stm32f7xx_hal_tim_ex.o
                0x00000000080050e0                HAL_TIMEx_CommutCallback
 .text.HAL_TIMEx_BreakCallback
                0x00000000080050f4       0x14 Drivers/STM32F7xx_HAL_Driver/Src/stm32f7xx_hal_tim_ex.o
                0x00000000080050f4                HAL_TIMEx_BreakCallback
 .text.HAL_TIMEx_Break2Callback
                0x0000000008005108       0x14 Drivers/STM32F7xx_HAL_Driver/Src/stm32f7xx_hal_tim_ex.o
                0x0000000008005108                HAL_TIMEx_Break2Callback
 .text.HAL_UART_Init
                0x000000000800511c       0x9c Drivers/STM32F7xx_HAL_Driver/Src/stm32f7xx_hal_uart.o
                0x000000000800511c                HAL_UART_Init
 .text.HAL_UART_Transmit_IT
                0x00000000080051b8       0xb8 Drivers/STM32F7xx_HAL_Driver/Src/stm32f7xx_hal_uart.o
                0x00000000080051b8                HAL_UART_Transmit_IT
 .text.HAL_UART_Receive_IT
                0x0000000008005270       0x7a Drivers/STM32F7xx_HAL_Driver/Src/stm32f7xx_hal_uart.o
                0x0000000008005270                HAL_UART_Receive_IT
 *fill*         0x00000000080052ea        0x2 
 .text.HAL_UART_IRQHandler
                0x00000000080052ec      0x400 Drivers/STM32F7xx_HAL_Driver/Src/stm32f7xx_hal_uart.o
                0x00000000080052ec                HAL_UART_IRQHandler
 .text.HAL_UART_ErrorCallback
                0x00000000080056ec       0x14 Drivers/STM32F7xx_HAL_Driver/Src/stm32f7xx_hal_uart.o
                0x00000000080056ec                HAL_UART_ErrorCallback
 .text.HAL_UARTEx_RxEventCallback
                0x0000000008005700       0x18 Drivers/STM32F7xx_HAL_Driver/Src/stm32f7xx_hal_uart.o
                0x0000000008005700                HAL_UARTEx_RxEventCallback
 .text.HAL_UARTEx_WakeupCallback
                0x0000000008005718       0x14 Drivers/STM32F7xx_HAL_Driver/Src/stm32f7xx_hal_uart.o
                0x0000000008005718                HAL_UARTEx_WakeupCallback
 .text.UART_SetConfig
                0x000000000800572c      0x4c4 Drivers/STM32F7xx_HAL_Driver/Src/stm32f7xx_hal_uart.o
                0x000000000800572c                UART_SetConfig
 .text.UART_AdvFeatureConfig
                0x0000000008005bf0      0x144 Drivers/STM32F7xx_HAL_Driver/Src/stm32f7xx_hal_uart.o
                0x0000000008005bf0                UART_AdvFeatureConfig
 .text.UART_CheckIdleState
                0x0000000008005d34       0x92 Drivers/STM32F7xx_HAL_Driver/Src/stm32f7xx_hal_uart.o
                0x0000000008005d34                UART_CheckIdleState
 .text.UART_WaitOnFlagUntilTimeout
                0x0000000008005dc6       0xf8 Drivers/STM32F7xx_HAL_Driver/Src/stm32f7xx_hal_uart.o
                0x0000000008005dc6                UART_WaitOnFlagUntilTimeout
 *fill*         0x0000000008005ebe        0x2 
 .text.UART_Start_Receive_IT
                0x0000000008005ec0      0x110 Drivers/STM32F7xx_HAL_Driver/Src/stm32f7xx_hal_uart.o
                0x0000000008005ec0                UART_Start_Receive_IT
 .text.UART_EndRxTransfer
                0x0000000008005fd0       0x5e Drivers/STM32F7xx_HAL_Driver/Src/stm32f7xx_hal_uart.o
 .text.UART_DMAAbortOnError
                0x000000000800602e       0x2c Drivers/STM32F7xx_HAL_Driver/Src/stm32f7xx_hal_uart.o
 .text.UART_TxISR_8BIT
                0x000000000800605a       0x72 Drivers/STM32F7xx_HAL_Driver/Src/stm32f7xx_hal_uart.o
 .text.UART_TxISR_16BIT
                0x00000000080060cc       0x7c Drivers/STM32F7xx_HAL_Driver/Src/stm32f7xx_hal_uart.o
 .text.UART_EndTransmit_IT
                0x0000000008006148       0x32 Drivers/STM32F7xx_HAL_Driver/Src/stm32f7xx_hal_uart.o
 .text.UART_RxISR_8BIT
                0x000000000800617a       0xd4 Drivers/STM32F7xx_HAL_Driver/Src/stm32f7xx_hal_uart.o
 .text.UART_RxISR_16BIT
                0x000000000800624e       0xd4 Drivers/STM32F7xx_HAL_Driver/Src/stm32f7xx_hal_uart.o
 *fill*         0x0000000008006322        0x2 
 .text.get_paramAddrTable
                0x0000000008006324       0x14 D:\work\techsafe\MCRuntime\dev2\mcrt\Debug_STM32_M7\libMCRuntime_V1.a(mcCore.o)
                0x0000000008006324                get_paramAddrTable
 .text.writeToFBTable
                0x0000000008006338       0x48 D:\work\techsafe\MCRuntime\dev2\mcrt\Debug_STM32_M7\libMCRuntime_V1.a(mcCore.o)
                0x0000000008006338                writeToFBTable
 .text.createParameter
                0x0000000008006380       0x4c D:\work\techsafe\MCRuntime\dev2\mcrt\Debug_STM32_M7\libMCRuntime_V1.a(mcCore.o)
                0x0000000008006380                createParameter
 .text.make_connection
                0x00000000080063cc       0x30 D:\work\techsafe\MCRuntime\dev2\mcrt\Debug_STM32_M7\libMCRuntime_V1.a(mcCore.o)
                0x00000000080063cc                make_connection
 .text.initiate_mccore
                0x00000000080063fc       0x28 D:\work\techsafe\MCRuntime\dev2\mcrt\Debug_STM32_M7\libMCRuntime_V1.a(mcCore.o)
                0x00000000080063fc                initiate_mccore
 .text.initiate_circuit
                0x0000000008006424        0xc D:\work\techsafe\MCRuntime\dev2\mcrt\Debug_STM32_M7\libMCRuntime_V1.a(mcCore.o)
                0x0000000008006424                initiate_circuit
 .text.run_one_cycle
                0x0000000008006430       0x44 D:\work\techsafe\MCRuntime\dev2\mcrt\Debug_STM32_M7\libMCRuntime_V1.a(mcCore.o)
                0x0000000008006430                run_one_cycle
 .text.mcCore_SM
                0x0000000008006474       0x94 D:\work\techsafe\MCRuntime\dev2\mcrt\Debug_STM32_M7\libMCRuntime_V1.a(mcCore.o)
                0x0000000008006474                mcCore_SM
 .text.get_gpd  0x0000000008006508       0x14 D:\work\techsafe\MCRuntime\dev2\mcrt\Debug_STM32_M7\libMCRuntime_V1.a(persistent_vars.o)
                0x0000000008006508                get_gpd
 .text.init_persistent_data_structure
                0x000000000800651c       0x40 D:\work\techsafe\MCRuntime\dev2\mcrt\Debug_STM32_M7\libMCRuntime_V1.a(persistent_vars.o)
                0x000000000800651c                init_persistent_data_structure
 .text.read_persistent_data_structure
                0x000000000800655c       0x7c D:\work\techsafe\MCRuntime\dev2\mcrt\Debug_STM32_M7\libMCRuntime_V1.a(persistent_vars.o)
                0x000000000800655c                read_persistent_data_structure
 .text.write_persistent_data_structure
                0x00000000080065d8       0x18 D:\work\techsafe\MCRuntime\dev2\mcrt\Debug_STM32_M7\libMCRuntime_V1.a(persistent_vars.o)
                0x00000000080065d8                write_persistent_data_structure
 .text.Record_To_Modbus_GPD
                0x00000000080065f0       0x28 D:\work\techsafe\MCRuntime\dev2\mcrt\Debug_STM32_M7\libMCRuntime_V1.a(persistent_vars.o)
                0x00000000080065f0                Record_To_Modbus_GPD
 .text.create_test_circuit
                0x0000000008006618        0xe D:\work\techsafe\MCRuntime\dev2\mcrt\Debug_STM32_M7\libMCRuntime_V1.a(test_circuits.o)
                0x0000000008006618                create_test_circuit
 .text.init_uniqueid
                0x0000000008006626       0x66 D:\work\techsafe\MCRuntime\dev2\mcrt\Debug_STM32_M7\libMCRuntime_V1.a(uniqueid.o)
                0x0000000008006626                init_uniqueid
 .text.Channel_Mapping
                0x000000000800668c       0x20 D:\work\techsafe\MCRuntime\dev2\mcrt\Debug_STM32_M7\libMCRuntime_V1.a(comm_service.o)
                0x000000000800668c                Channel_Mapping
 .text.Runtime_CommDataService_NewData_Received
                0x00000000080066ac       0x56 D:\work\techsafe\MCRuntime\dev2\mcrt\Debug_STM32_M7\libMCRuntime_V1.a(comm_service.o)
                0x00000000080066ac                Runtime_CommDataService_NewData_Received
 .text.Runtime_CommDataService_Process_DataBuffer
                0x0000000008006702       0x52 D:\work\techsafe\MCRuntime\dev2\mcrt\Debug_STM32_M7\libMCRuntime_V1.a(comm_service.o)
                0x0000000008006702                Runtime_CommDataService_Process_DataBuffer
 .text.get_Modbus_Buf_Holding_Registers_40001
                0x0000000008006754       0x14 D:\work\techsafe\MCRuntime\dev2\mcrt\Debug_STM32_M7\libMCRuntime_V1.a(modbus_slave.o)
                0x0000000008006754                get_Modbus_Buf_Holding_Registers_40001
 .text.get_Modbus_Buf_Input_Registers_30001
                0x0000000008006768       0x14 D:\work\techsafe\MCRuntime\dev2\mcrt\Debug_STM32_M7\libMCRuntime_V1.a(modbus_slave.o)
                0x0000000008006768                get_Modbus_Buf_Input_Registers_30001
 .text.get_MODBUS_SLAVE_ADDR
                0x000000000800677c       0x14 D:\work\techsafe\MCRuntime\dev2\mcrt\Debug_STM32_M7\libMCRuntime_V1.a(modbus_slave.o)
                0x000000000800677c                get_MODBUS_SLAVE_ADDR
 .text.get_low_byte
                0x0000000008006790       0x1a D:\work\techsafe\MCRuntime\dev2\mcrt\Debug_STM32_M7\libMCRuntime_V1.a(modbus_slave.o)
                0x0000000008006790                get_low_byte
 .text.get_hi_byte
                0x00000000080067aa       0x1e D:\work\techsafe\MCRuntime\dev2\mcrt\Debug_STM32_M7\libMCRuntime_V1.a(modbus_slave.o)
                0x00000000080067aa                get_hi_byte
 .text.modbus_byte2word
                0x00000000080067c8       0x2a D:\work\techsafe\MCRuntime\dev2\mcrt\Debug_STM32_M7\libMCRuntime_V1.a(modbus_slave.o)
                0x00000000080067c8                modbus_byte2word
 *fill*         0x00000000080067f2        0x2 
 .text.modbus_slave_prep_resp_data
                0x00000000080067f4      0x338 D:\work\techsafe\MCRuntime\dev2\mcrt\Debug_STM32_M7\libMCRuntime_V1.a(modbus_slave.o)
                0x00000000080067f4                modbus_slave_prep_resp_data
 .text.modbus_slave_tx
                0x0000000008006b2c       0x20 D:\work\techsafe\MCRuntime\dev2\mcrt\Debug_STM32_M7\libMCRuntime_V1.a(modbus_slave.o)
                0x0000000008006b2c                modbus_slave_tx
 .text.modbus_slave_rx
                0x0000000008006b4c      0x17c D:\work\techsafe\MCRuntime\dev2\mcrt\Debug_STM32_M7\libMCRuntime_V1.a(modbus_slave.o)
                0x0000000008006b4c                modbus_slave_rx
 .text.CRC16    0x0000000008006cc8       0x54 D:\work\techsafe\MCRuntime\dev2\mcrt\Debug_STM32_M7\libMCRuntime_V1.a(modbus_slave.o)
                0x0000000008006cc8                CRC16
 .text.parser_create_connection
                0x0000000008006d1c       0x26 D:\work\techsafe\MCRuntime\dev2\mcrt\Debug_STM32_M7\libMCRuntime_V1.a(Parser.o)
                0x0000000008006d1c                parser_create_connection
 .text.parser_addwatch
                0x0000000008006d42       0x1c D:\work\techsafe\MCRuntime\dev2\mcrt\Debug_STM32_M7\libMCRuntime_V1.a(Parser.o)
                0x0000000008006d42                parser_addwatch
 .text.parser_removewatch
                0x0000000008006d5e       0x1c D:\work\techsafe\MCRuntime\dev2\mcrt\Debug_STM32_M7\libMCRuntime_V1.a(Parser.o)
                0x0000000008006d5e                parser_removewatch
 .text.parser_monitor
                0x0000000008006d7a       0x16 D:\work\techsafe\MCRuntime\dev2\mcrt\Debug_STM32_M7\libMCRuntime_V1.a(Parser.o)
                0x0000000008006d7a                parser_monitor
 .text.Parser   0x0000000008006d90       0xe8 D:\work\techsafe\MCRuntime\dev2\mcrt\Debug_STM32_M7\libMCRuntime_V1.a(Parser.o)
                0x0000000008006d90                Parser
 .text.get_deployment_ch
                0x0000000008006e78       0x14 D:\work\techsafe\MCRuntime\dev2\mcrt\Debug_STM32_M7\libMCRuntime_V1.a(deployment.o)
                0x0000000008006e78                get_deployment_ch
 .text.deployment_data_validity_check
                0x0000000008006e8c       0x30 D:\work\techsafe\MCRuntime\dev2\mcrt\Debug_STM32_M7\libMCRuntime_V1.a(deployment.o)
                0x0000000008006e8c                deployment_data_validity_check
 .text.init_deployment_ch
                0x0000000008006ebc       0x28 D:\work\techsafe\MCRuntime\dev2\mcrt\Debug_STM32_M7\libMCRuntime_V1.a(deployment.o)
                0x0000000008006ebc                init_deployment_ch
 .text.check_for_available_memory
                0x0000000008006ee4       0x3e D:\work\techsafe\MCRuntime\dev2\mcrt\Debug_STM32_M7\libMCRuntime_V1.a(fcb.o)
 *fill*         0x0000000008006f22        0x2 
 .text.write_flash_block
                0x0000000008006f24       0x58 D:\work\techsafe\MCRuntime\dev2\mcrt\Debug_STM32_M7\libMCRuntime_V1.a(fcb.o)
 .text.get_current_address
                0x0000000008006f7c       0x74 D:\work\techsafe\MCRuntime\dev2\mcrt\Debug_STM32_M7\libMCRuntime_V1.a(fcb.o)
 .text.write_flash_data
                0x0000000008006ff0       0x68 D:\work\techsafe\MCRuntime\dev2\mcrt\Debug_STM32_M7\libMCRuntime_V1.a(fcb.o)
                0x0000000008006ff0                write_flash_data
 .text.get_flash_data
                0x0000000008007058       0x2c D:\work\techsafe\MCRuntime\dev2\mcrt\Debug_STM32_M7\libMCRuntime_V1.a(fcb.o)
                0x0000000008007058                get_flash_data
 .text.addWatch
                0x0000000008007084       0x3c D:\work\techsafe\MCRuntime\dev2\mcrt\Debug_STM32_M7\libMCRuntime_V1.a(mcCore_Watch.o)
                0x0000000008007084                addWatch
 .text.removeWatch
                0x00000000080070c0       0x7c D:\work\techsafe\MCRuntime\dev2\mcrt\Debug_STM32_M7\libMCRuntime_V1.a(mcCore_Watch.o)
                0x00000000080070c0                removeWatch
 .text.monitor  0x000000000800713c       0x80 D:\work\techsafe\MCRuntime\dev2\mcrt\Debug_STM32_M7\libMCRuntime_V1.a(mcCore_Watch.o)
                0x000000000800713c                monitor
 .text.fb_wmhr_parser
                0x00000000080071bc       0x32 D:\work\techsafe\MCRuntime\dev2\mcrt\Debug_STM32_M7\libMCRuntime_V1.a(fb_wmhr.o)
                0x00000000080071bc                fb_wmhr_parser
 .text.fb_wmhr  0x00000000080071ee      0x138 D:\work\techsafe\MCRuntime\dev2\mcrt\Debug_STM32_M7\libMCRuntime_V1.a(fb_wmhr.o)
                0x00000000080071ee                fb_wmhr
 *fill*         0x0000000008007326        0x2 
 .text.create_fb_wmhr
                0x0000000008007328       0x8c D:\work\techsafe\MCRuntime\dev2\mcrt\Debug_STM32_M7\libMCRuntime_V1.a(fb_wmhr.o)
                0x0000000008007328                create_fb_wmhr
 .text.fb_number_parser
                0x00000000080073b4       0x30 D:\work\techsafe\MCRuntime\dev2\mcrt\Debug_STM32_M7\libMCRuntime_V1.a(fb_number.o)
                0x00000000080073b4                fb_number_parser
 .text.fb_number
                0x00000000080073e4       0x16 D:\work\techsafe\MCRuntime\dev2\mcrt\Debug_STM32_M7\libMCRuntime_V1.a(fb_number.o)
                0x00000000080073e4                fb_number
 *fill*         0x00000000080073fa        0x2 
 .text.create_fb_number
                0x00000000080073fc       0x50 D:\work\techsafe\MCRuntime\dev2\mcrt\Debug_STM32_M7\libMCRuntime_V1.a(fb_number.o)
                0x00000000080073fc                create_fb_number
 .text.fb_rmhr_parser
                0x000000000800744c       0x32 D:\work\techsafe\MCRuntime\dev2\mcrt\Debug_STM32_M7\libMCRuntime_V1.a(fb_rmhr.o)
                0x000000000800744c                fb_rmhr_parser
 .text.fb_rmhr  0x000000000800747e       0x90 D:\work\techsafe\MCRuntime\dev2\mcrt\Debug_STM32_M7\libMCRuntime_V1.a(fb_rmhr.o)
                0x000000000800747e                fb_rmhr
 *fill*         0x000000000800750e        0x2 
 .text.create_fb_rmhr
                0x0000000008007510       0x74 D:\work\techsafe\MCRuntime\dev2\mcrt\Debug_STM32_M7\libMCRuntime_V1.a(fb_rmhr.o)
                0x0000000008007510                create_fb_rmhr
 .text.fb_and_parser
                0x0000000008007584       0x28 D:\work\techsafe\MCRuntime\dev2\mcrt\Debug_STM32_M7\libMCRuntime_V1.a(fb_and.o)
                0x0000000008007584                fb_and_parser
 .text.fb_and   0x00000000080075ac      0x10c D:\work\techsafe\MCRuntime\dev2\mcrt\Debug_STM32_M7\libMCRuntime_V1.a(fb_and.o)
                0x00000000080075ac                fb_and
 .text.create_fb_and
                0x00000000080076b8       0x90 D:\work\techsafe\MCRuntime\dev2\mcrt\Debug_STM32_M7\libMCRuntime_V1.a(fb_and.o)
                0x00000000080076b8                create_fb_and
 .text.fb_nand_parser
                0x0000000008007748       0x28 D:\work\techsafe\MCRuntime\dev2\mcrt\Debug_STM32_M7\libMCRuntime_V1.a(fb_nand.o)
                0x0000000008007748                fb_nand_parser
 .text.fb_nand  0x0000000008007770      0x118 D:\work\techsafe\MCRuntime\dev2\mcrt\Debug_STM32_M7\libMCRuntime_V1.a(fb_nand.o)
                0x0000000008007770                fb_nand
 .text.create_fb_nand
                0x0000000008007888       0x90 D:\work\techsafe\MCRuntime\dev2\mcrt\Debug_STM32_M7\libMCRuntime_V1.a(fb_nand.o)
                0x0000000008007888                create_fb_nand
 .text.fb_nor_parser
                0x0000000008007918       0x18 D:\work\techsafe\MCRuntime\dev2\mcrt\Debug_STM32_M7\libMCRuntime_V1.a(fb_nor.o)
                0x0000000008007918                fb_nor_parser
 .text.fb_nor   0x0000000008007930       0xcc D:\work\techsafe\MCRuntime\dev2\mcrt\Debug_STM32_M7\libMCRuntime_V1.a(fb_nor.o)
                0x0000000008007930                fb_nor
 .text.create_fb_nor
                0x00000000080079fc       0x80 D:\work\techsafe\MCRuntime\dev2\mcrt\Debug_STM32_M7\libMCRuntime_V1.a(fb_nor.o)
                0x00000000080079fc                create_fb_nor
 .text.fb_not_parser
                0x0000000008007a7c       0x32 D:\work\techsafe\MCRuntime\dev2\mcrt\Debug_STM32_M7\libMCRuntime_V1.a(fb_not.o)
                0x0000000008007a7c                fb_not_parser
 .text.fb_not   0x0000000008007aae       0x9e D:\work\techsafe\MCRuntime\dev2\mcrt\Debug_STM32_M7\libMCRuntime_V1.a(fb_not.o)
                0x0000000008007aae                fb_not
 .text.create_fb_not
                0x0000000008007b4c       0x74 D:\work\techsafe\MCRuntime\dev2\mcrt\Debug_STM32_M7\libMCRuntime_V1.a(fb_not.o)
                0x0000000008007b4c                create_fb_not
 .text.fb_or_parser
                0x0000000008007bc0       0x28 D:\work\techsafe\MCRuntime\dev2\mcrt\Debug_STM32_M7\libMCRuntime_V1.a(fb_or.o)
                0x0000000008007bc0                fb_or_parser
 .text.fb_or    0x0000000008007be8      0x10c D:\work\techsafe\MCRuntime\dev2\mcrt\Debug_STM32_M7\libMCRuntime_V1.a(fb_or.o)
                0x0000000008007be8                fb_or
 .text.create_fb_or
                0x0000000008007cf4       0x90 D:\work\techsafe\MCRuntime\dev2\mcrt\Debug_STM32_M7\libMCRuntime_V1.a(fb_or.o)
                0x0000000008007cf4                create_fb_or
 .text.fb_xor_parser
                0x0000000008007d84       0x18 D:\work\techsafe\MCRuntime\dev2\mcrt\Debug_STM32_M7\libMCRuntime_V1.a(fb_xor.o)
                0x0000000008007d84                fb_xor_parser
 .text.fb_xor   0x0000000008007d9c       0x9c D:\work\techsafe\MCRuntime\dev2\mcrt\Debug_STM32_M7\libMCRuntime_V1.a(fb_xor.o)
                0x0000000008007d9c                fb_xor
 .text.create_fb_xor
                0x0000000008007e38       0x74 D:\work\techsafe\MCRuntime\dev2\mcrt\Debug_STM32_M7\libMCRuntime_V1.a(fb_xor.o)
                0x0000000008007e38                create_fb_xor
 .text.fb_cycle_parser
                0x0000000008007eac       0x90 D:\work\techsafe\MCRuntime\dev2\mcrt\Debug_STM32_M7\libMCRuntime_V1.a(fb_cycle.o)
                0x0000000008007eac                fb_cycle_parser
 .text.fb_cycle
                0x0000000008007f3c      0x162 D:\work\techsafe\MCRuntime\dev2\mcrt\Debug_STM32_M7\libMCRuntime_V1.a(fb_cycle.o)
                0x0000000008007f3c                fb_cycle
 *fill*         0x000000000800809e        0x2 
 .text.create_fb_cycle
                0x00000000080080a0       0xb8 D:\work\techsafe\MCRuntime\dev2\mcrt\Debug_STM32_M7\libMCRuntime_V1.a(fb_cycle.o)
                0x00000000080080a0                create_fb_cycle
 .text.fb_inputpin_parser
                0x0000000008008158       0x32 D:\work\techsafe\MCRuntime\dev2\mcrt\Debug_STM32_M7\libMCRuntime_V1.a(fb_inputpin.o)
                0x0000000008008158                fb_inputpin_parser
 .text.fb_inputpin
                0x000000000800818a       0x86 D:\work\techsafe\MCRuntime\dev2\mcrt\Debug_STM32_M7\libMCRuntime_V1.a(fb_inputpin.o)
                0x000000000800818a                fb_inputpin
 .text.create_fb_inputpin
                0x0000000008008210       0x74 D:\work\techsafe\MCRuntime\dev2\mcrt\Debug_STM32_M7\libMCRuntime_V1.a(fb_inputpin.o)
                0x0000000008008210                create_fb_inputpin
 .text.fb_output_pin_parser
                0x0000000008008284       0x3c D:\work\techsafe\MCRuntime\dev2\mcrt\Debug_STM32_M7\libMCRuntime_V1.a(fb_outputpin.o)
                0x0000000008008284                fb_output_pin_parser
 .text.fb_outputpin
                0x00000000080082c0       0xc6 D:\work\techsafe\MCRuntime\dev2\mcrt\Debug_STM32_M7\libMCRuntime_V1.a(fb_outputpin.o)
                0x00000000080082c0                fb_outputpin
 *fill*         0x0000000008008386        0x2 
 .text.create_fb_outputpin
                0x0000000008008388       0x90 D:\work\techsafe\MCRuntime\dev2\mcrt\Debug_STM32_M7\libMCRuntime_V1.a(fb_outputpin.o)
                0x0000000008008388                create_fb_outputpin
 .text.__libc_init_array
                0x0000000008008418       0x48 c:/st/stm32cubeide_1.5.1/stm32cubeide/plugins/com.st.stm32cube.ide.mcu.externaltools.gnu-tools-for-stm32.9-2020-q2-update.win32_1.5.0.202011040924/tools/bin/../lib/gcc/arm-none-eabi/9.3.1/../../../../arm-none-eabi/lib/thumb/v7e-m+dp/hard\libc_nano.a(lib_a-init.o)
                0x0000000008008418                __libc_init_array
 .text.memcpy   0x0000000008008460       0x1c c:/st/stm32cubeide_1.5.1/stm32cubeide/plugins/com.st.stm32cube.ide.mcu.externaltools.gnu-tools-for-stm32.9-2020-q2-update.win32_1.5.0.202011040924/tools/bin/../lib/gcc/arm-none-eabi/9.3.1/../../../../arm-none-eabi/lib/thumb/v7e-m+dp/hard\libc_nano.a(lib_a-memcpy-stub.o)
                0x0000000008008460                memcpy
 .text.memset   0x000000000800847c       0x10 c:/st/stm32cubeide_1.5.1/stm32cubeide/plugins/com.st.stm32cube.ide.mcu.externaltools.gnu-tools-for-stm32.9-2020-q2-update.win32_1.5.0.202011040924/tools/bin/../lib/gcc/arm-none-eabi/9.3.1/../../../../arm-none-eabi/lib/thumb/v7e-m+dp/hard\libc_nano.a(lib_a-memset.o)
                0x000000000800847c                memset
 *(.glue_7)
 .glue_7        0x000000000800848c        0x0 linker stubs
 *(.glue_7t)
 .glue_7t       0x000000000800848c        0x0 linker stubs
 *(.eh_frame)
 .eh_frame      0x000000000800848c        0x0 c:/st/stm32cubeide_1.5.1/stm32cubeide/plugins/com.st.stm32cube.ide.mcu.externaltools.gnu-tools-for-stm32.9-2020-q2-update.win32_1.5.0.202011040924/tools/bin/../lib/gcc/arm-none-eabi/9.3.1/thumb/v7e-m+dp/hard/crtbegin.o
 *(.init)
 .init          0x000000000800848c        0x4 c:/st/stm32cubeide_1.5.1/stm32cubeide/plugins/com.st.stm32cube.ide.mcu.externaltools.gnu-tools-for-stm32.9-2020-q2-update.win32_1.5.0.202011040924/tools/bin/../lib/gcc/arm-none-eabi/9.3.1/thumb/v7e-m+dp/hard/crti.o
                0x000000000800848c                _init
 .init          0x0000000008008490        0x8 c:/st/stm32cubeide_1.5.1/stm32cubeide/plugins/com.st.stm32cube.ide.mcu.externaltools.gnu-tools-for-stm32.9-2020-q2-update.win32_1.5.0.202011040924/tools/bin/../lib/gcc/arm-none-eabi/9.3.1/thumb/v7e-m+dp/hard/crtn.o
 *(.fini)
 .fini          0x0000000008008498        0x4 c:/st/stm32cubeide_1.5.1/stm32cubeide/plugins/com.st.stm32cube.ide.mcu.externaltools.gnu-tools-for-stm32.9-2020-q2-update.win32_1.5.0.202011040924/tools/bin/../lib/gcc/arm-none-eabi/9.3.1/thumb/v7e-m+dp/hard/crti.o
                0x0000000008008498                _fini
 .fini          0x000000000800849c        0x8 c:/st/stm32cubeide_1.5.1/stm32cubeide/plugins/com.st.stm32cube.ide.mcu.externaltools.gnu-tools-for-stm32.9-2020-q2-update.win32_1.5.0.202011040924/tools/bin/../lib/gcc/arm-none-eabi/9.3.1/thumb/v7e-m+dp/hard/crtn.o
                0x00000000080084a4                . = ALIGN (0x4)
                0x00000000080084a4                _etext = .

.vfp11_veneer   0x00000000080084a4        0x0
 .vfp11_veneer  0x00000000080084a4        0x0 linker stubs

.v4_bx          0x00000000080084a4        0x0
 .v4_bx         0x00000000080084a4        0x0 linker stubs

.iplt           0x00000000080084a4        0x0
 .iplt          0x00000000080084a4        0x0 c:/st/stm32cubeide_1.5.1/stm32cubeide/plugins/com.st.stm32cube.ide.mcu.externaltools.gnu-tools-for-stm32.9-2020-q2-update.win32_1.5.0.202011040924/tools/bin/../lib/gcc/arm-none-eabi/9.3.1/thumb/v7e-m+dp/hard/crtbegin.o

.rodata         0x00000000080084a4      0x220
                0x00000000080084a4                . = ALIGN (0x4)
 *(.rodata)
 *(.rodata*)
 .rodata.AHBPrescTable
                0x00000000080084a4       0x10 Core/Src/system_stm32f7xx.o
                0x00000000080084a4                AHBPrescTable
 .rodata.APBPrescTable
                0x00000000080084b4        0x8 Core/Src/system_stm32f7xx.o
                0x00000000080084b4                APBPrescTable
 .rodata.flagBitshiftOffset.9400
                0x00000000080084bc        0x8 Drivers/STM32F7xx_HAL_Driver/Src/stm32f7xx_hal_dma.o
 .rodata.wCRCTable.5655
                0x00000000080084c4      0x200 D:\work\techsafe\MCRuntime\dev2\mcrt\Debug_STM32_M7\libMCRuntime_V1.a(modbus_slave.o)
                0x00000000080086c4                . = ALIGN (0x4)

.ARM.extab      0x00000000080086c4        0x0
                0x00000000080086c4                . = ALIGN (0x4)
 *(.ARM.extab* .gnu.linkonce.armextab.*)
                0x00000000080086c4                . = ALIGN (0x4)

.ARM            0x00000000080086c4        0x8
                0x00000000080086c4                . = ALIGN (0x4)
                0x00000000080086c4                __exidx_start = .
 *(.ARM.exidx*)
 .ARM.exidx     0x00000000080086c4        0x8 c:/st/stm32cubeide_1.5.1/stm32cubeide/plugins/com.st.stm32cube.ide.mcu.externaltools.gnu-tools-for-stm32.9-2020-q2-update.win32_1.5.0.202011040924/tools/bin/../lib/gcc/arm-none-eabi/9.3.1/thumb/v7e-m+dp/hard\libgcc.a(_udivmoddi4.o)
                0x00000000080086cc                __exidx_end = .
                0x00000000080086cc                . = ALIGN (0x4)

.rel.dyn        0x00000000080086cc        0x0
 .rel.iplt      0x00000000080086cc        0x0 c:/st/stm32cubeide_1.5.1/stm32cubeide/plugins/com.st.stm32cube.ide.mcu.externaltools.gnu-tools-for-stm32.9-2020-q2-update.win32_1.5.0.202011040924/tools/bin/../lib/gcc/arm-none-eabi/9.3.1/thumb/v7e-m+dp/hard/crtbegin.o

.preinit_array  0x00000000080086cc        0x0
                0x00000000080086cc                . = ALIGN (0x4)
                0x00000000080086cc                PROVIDE (__preinit_array_start = .)
 *(.preinit_array*)
                0x00000000080086cc                PROVIDE (__preinit_array_end = .)
                0x00000000080086cc                . = ALIGN (0x4)

.init_array     0x00000000080086cc        0x4
                0x00000000080086cc                . = ALIGN (0x4)
                0x00000000080086cc                PROVIDE (__init_array_start = .)
 *(SORT_BY_NAME(.init_array.*))
 *(.init_array*)
 .init_array    0x00000000080086cc        0x4 c:/st/stm32cubeide_1.5.1/stm32cubeide/plugins/com.st.stm32cube.ide.mcu.externaltools.gnu-tools-for-stm32.9-2020-q2-update.win32_1.5.0.202011040924/tools/bin/../lib/gcc/arm-none-eabi/9.3.1/thumb/v7e-m+dp/hard/crtbegin.o
                0x00000000080086d0                PROVIDE (__init_array_end = .)
                0x00000000080086d0                . = ALIGN (0x4)

.fini_array     0x00000000080086d0        0x4
                0x00000000080086d0                . = ALIGN (0x4)
                [!provide]                        PROVIDE (__fini_array_start = .)
 *(SORT_BY_NAME(.fini_array.*))
 *(.fini_array*)
 .fini_array    0x00000000080086d0        0x4 c:/st/stm32cubeide_1.5.1/stm32cubeide/plugins/com.st.stm32cube.ide.mcu.externaltools.gnu-tools-for-stm32.9-2020-q2-update.win32_1.5.0.202011040924/tools/bin/../lib/gcc/arm-none-eabi/9.3.1/thumb/v7e-m+dp/hard/crtbegin.o
                [!provide]                        PROVIDE (__fini_array_end = .)
                0x00000000080086d4                . = ALIGN (0x4)
                0x00000000080086d4                _sidata = LOADADDR (.data)

.data           0x0000000020000000       0x54 load address 0x00000000080086d4
                0x0000000020000000                . = ALIGN (0x4)
                0x0000000020000000                _sdata = .
 *(.data)
 *(.data*)
 .data.ra       0x0000000020000000        0x8 Adaptors/adaptor.o
                0x0000000020000000                ra
 .data.SystemCoreClock
                0x0000000020000008        0x4 Core/Src/system_stm32f7xx.o
                0x0000000020000008                SystemCoreClock
 .data.uwTickPrio
                0x000000002000000c        0x4 Drivers/STM32F7xx_HAL_Driver/Src/stm32f7xx_hal.o
                0x000000002000000c                uwTickPrio
 .data.uwTickFreq
                0x0000000020000010        0x1 Drivers/STM32F7xx_HAL_Driver/Src/stm32f7xx_hal.o
                0x0000000020000010                uwTickFreq
 .data.MODBUS_SLAVE_ADDR
                0x0000000020000011        0x1 D:\work\techsafe\MCRuntime\dev2\mcrt\Debug_STM32_M7\libMCRuntime_V1.a(modbus_slave.o)
                0x0000000020000011                MODBUS_SLAVE_ADDR
 *fill*         0x0000000020000012        0x2 
 .data.fb_parsers
                0x0000000020000014       0x40 D:\work\techsafe\MCRuntime\dev2\mcrt\Debug_STM32_M7\libMCRuntime_V1.a(Parser.o)
                0x0000000020000014                fb_parsers
                0x0000000020000054                . = ALIGN (0x4)
                0x0000000020000054                _edata = .

.igot.plt       0x0000000020000054        0x0 load address 0x0000000008008728
 .igot.plt      0x0000000020000054        0x0 c:/st/stm32cubeide_1.5.1/stm32cubeide/plugins/com.st.stm32cube.ide.mcu.externaltools.gnu-tools-for-stm32.9-2020-q2-update.win32_1.5.0.202011040924/tools/bin/../lib/gcc/arm-none-eabi/9.3.1/thumb/v7e-m+dp/hard/crtbegin.o
                0x0000000020000054                . = ALIGN (0x4)

.bss            0x0000000020000054      0x93c load address 0x0000000008008728
                0x0000000020000054                _sbss = .
                0x0000000020000054                __bss_start__ = _sbss
 *(.bss)
 .bss           0x0000000020000054       0x1c c:/st/stm32cubeide_1.5.1/stm32cubeide/plugins/com.st.stm32cube.ide.mcu.externaltools.gnu-tools-for-stm32.9-2020-q2-update.win32_1.5.0.202011040924/tools/bin/../lib/gcc/arm-none-eabi/9.3.1/thumb/v7e-m+dp/hard/crtbegin.o
 *(.bss*)
 .bss.inputChannel
                0x0000000020000070       0x18 Adaptors/adaptor.o
 .bss.outputChannel
                0x0000000020000088       0x18 Adaptors/adaptor.o
 .bss.joystick_button_flag
                0x00000000200000a0        0x1 Core/Src/main.o
                0x00000000200000a0                joystick_button_flag
 .bss.joystick_button_time_start_memory_counter
                0x00000000200000a1        0x1 Core/Src/main.o
                0x00000000200000a1                joystick_button_time_start_memory_counter
 .bss.ENC_A_flag
                0x00000000200000a2        0x1 Core/Src/main.o
                0x00000000200000a2                ENC_A_flag
 .bss.ENC_B_flag
                0x00000000200000a3        0x1 Core/Src/main.o
                0x00000000200000a3                ENC_B_flag
 .bss.ENC_BUTTON_flag
                0x00000000200000a4        0x1 Core/Src/main.o
                0x00000000200000a4                ENC_BUTTON_flag
 .bss.Encoder_button_time_start_memory_counter
                0x00000000200000a5        0x1 Core/Src/main.o
                0x00000000200000a5                Encoder_button_time_start_memory_counter
 .bss.mcCore_state.5884
                0x00000000200000a6        0x1 D:\work\techsafe\MCRuntime\dev2\mcrt\Debug_STM32_M7\libMCRuntime_V1.a(mcCore.o)
 *fill*         0x00000000200000a7        0x1 
 .bss.deployment_ch
                0x00000000200000a8       0x50 D:\work\techsafe\MCRuntime\dev2\mcrt\Debug_STM32_M7\libMCRuntime_V1.a(deployment.o)
                0x00000000200000a8                deployment_ch
 *(COMMON)
 COMMON         0x00000000200000f8        0x1 Adaptors/adaptor.o
                0x00000000200000f8                uart_rx_data
 *fill*         0x00000000200000f9        0x3 
 COMMON         0x00000000200000fc      0x27c Core/Src/main.o
                0x00000000200000fc                huart7
                0x0000000020000180                htim4
                0x00000000200001cc                joystick_button_time_start
                0x00000000200001f4                Encoder_button_time_start
                0x000000002000021c                hadc1
                0x0000000020000264                value_adc
                0x0000000020000268                hdma_adc1
                0x00000000200002c8                htim6
                0x0000000020000314                hspi1
 COMMON         0x0000000020000378        0x4 Drivers/STM32F7xx_HAL_Driver/Src/stm32f7xx_hal.o
                0x0000000020000378                uwTick
 COMMON         0x000000002000037c       0x1c Drivers/STM32F7xx_HAL_Driver/Src/stm32f7xx_hal_flash.o
                0x000000002000037c                pFlash
 COMMON         0x0000000020000398      0x508 D:\work\techsafe\MCRuntime\dev2\mcrt\Debug_STM32_M7\libMCRuntime_V1.a(mcCore.o)
                0x0000000020000398                fbTable
                0x000000002000049c                paramAddrTable
 COMMON         0x00000000200008a0       0x28 D:\work\techsafe\MCRuntime\dev2\mcrt\Debug_STM32_M7\libMCRuntime_V1.a(persistent_vars.o)
                0x00000000200008a0                gpd
 COMMON         0x00000000200008c8       0x68 D:\work\techsafe\MCRuntime\dev2\mcrt\Debug_STM32_M7\libMCRuntime_V1.a(modbus_slave.o)
                0x00000000200008c8                resp_data
                0x00000000200008f0                Modbus_Buf_Holding_Registers_40001
                0x0000000020000910                Modbus_Buf_Input_Registers_30001
 COMMON         0x0000000020000930       0x60 D:\work\techsafe\MCRuntime\dev2\mcrt\Debug_STM32_M7\libMCRuntime_V1.a(mcCore_Watch.o)
                0x0000000020000930                watchList
                0x0000000020000990                . = ALIGN (0x4)
                0x0000000020000990                _ebss = .
                0x0000000020000990                __bss_end__ = _ebss

._user_heap_stack
                0x0000000020000990      0x600 load address 0x0000000008008728
                0x0000000020000990                . = ALIGN (0x8)
                [!provide]                        PROVIDE (end = .)
                0x0000000020000990                PROVIDE (_end = .)
                0x0000000020000b90                . = (. + _Min_Heap_Size)
 *fill*         0x0000000020000990      0x200 
                0x0000000020000f90                . = (. + _Min_Stack_Size)
 *fill*         0x0000000020000b90      0x400 
                0x0000000020000f90                . = ALIGN (0x8)

/DISCARD/
 libc.a(*)
 libm.a(*)
 libgcc.a(*)

.ARM.attributes
                0x0000000000000000       0x2e
 *(.ARM.attributes)
 .ARM.attributes
                0x0000000000000000       0x1e c:/st/stm32cubeide_1.5.1/stm32cubeide/plugins/com.st.stm32cube.ide.mcu.externaltools.gnu-tools-for-stm32.9-2020-q2-update.win32_1.5.0.202011040924/tools/bin/../lib/gcc/arm-none-eabi/9.3.1/thumb/v7e-m+dp/hard/crti.o
 .ARM.attributes
                0x000000000000001e       0x32 c:/st/stm32cubeide_1.5.1/stm32cubeide/plugins/com.st.stm32cube.ide.mcu.externaltools.gnu-tools-for-stm32.9-2020-q2-update.win32_1.5.0.202011040924/tools/bin/../lib/gcc/arm-none-eabi/9.3.1/thumb/v7e-m+dp/hard/crtbegin.o
 .ARM.attributes
                0x0000000000000050       0x32 Adaptors/adaptor.o
 .ARM.attributes
                0x0000000000000082       0x32 Core/Src/main.o
 .ARM.attributes
                0x00000000000000b4       0x32 Core/Src/stm32f7xx_hal_msp.o
 .ARM.attributes
                0x00000000000000e6       0x32 Core/Src/stm32f7xx_it.o
 .ARM.attributes
                0x0000000000000118       0x32 Core/Src/system_stm32f7xx.o
 .ARM.attributes
                0x000000000000014a       0x21 Core/Startup/startup_stm32f767zitx.o
 .ARM.attributes
                0x000000000000016b       0x32 Drivers/STM32F7xx_HAL_Driver/Src/stm32f7xx_hal.o
 .ARM.attributes
                0x000000000000019d       0x32 Drivers/STM32F7xx_HAL_Driver/Src/stm32f7xx_hal_adc.o
 .ARM.attributes
                0x00000000000001cf       0x32 Drivers/STM32F7xx_HAL_Driver/Src/stm32f7xx_hal_cortex.o
 .ARM.attributes
                0x0000000000000201       0x32 Drivers/STM32F7xx_HAL_Driver/Src/stm32f7xx_hal_dma.o
 .ARM.attributes
                0x0000000000000233       0x32 Drivers/STM32F7xx_HAL_Driver/Src/stm32f7xx_hal_flash.o
 .ARM.attributes
                0x0000000000000265       0x32 Drivers/STM32F7xx_HAL_Driver/Src/stm32f7xx_hal_flash_ex.o
 .ARM.attributes
                0x0000000000000297       0x32 Drivers/STM32F7xx_HAL_Driver/Src/stm32f7xx_hal_gpio.o
 .ARM.attributes
                0x00000000000002c9       0x32 Drivers/STM32F7xx_HAL_Driver/Src/stm32f7xx_hal_rcc.o
 .ARM.attributes
                0x00000000000002fb       0x32 Drivers/STM32F7xx_HAL_Driver/Src/stm32f7xx_hal_rcc_ex.o
 .ARM.attributes
                0x000000000000032d       0x32 Drivers/STM32F7xx_HAL_Driver/Src/stm32f7xx_hal_spi.o
 .ARM.attributes
                0x000000000000035f       0x32 Drivers/STM32F7xx_HAL_Driver/Src/stm32f7xx_hal_tim.o
 .ARM.attributes
                0x0000000000000391       0x32 Drivers/STM32F7xx_HAL_Driver/Src/stm32f7xx_hal_tim_ex.o
 .ARM.attributes
                0x00000000000003c3       0x32 Drivers/STM32F7xx_HAL_Driver/Src/stm32f7xx_hal_uart.o
 .ARM.attributes
                0x00000000000003f5       0x32 D:\work\techsafe\MCRuntime\dev2\mcrt\Debug_STM32_M7\libMCRuntime_V1.a(mcCore.o)
 .ARM.attributes
                0x0000000000000427       0x32 D:\work\techsafe\MCRuntime\dev2\mcrt\Debug_STM32_M7\libMCRuntime_V1.a(persistent_vars.o)
 .ARM.attributes
                0x0000000000000459       0x32 D:\work\techsafe\MCRuntime\dev2\mcrt\Debug_STM32_M7\libMCRuntime_V1.a(test_circuits.o)
 .ARM.attributes
                0x000000000000048b       0x32 D:\work\techsafe\MCRuntime\dev2\mcrt\Debug_STM32_M7\libMCRuntime_V1.a(uniqueid.o)
 .ARM.attributes
                0x00000000000004bd       0x32 D:\work\techsafe\MCRuntime\dev2\mcrt\Debug_STM32_M7\libMCRuntime_V1.a(comm_service.o)
 .ARM.attributes
                0x00000000000004ef       0x32 D:\work\techsafe\MCRuntime\dev2\mcrt\Debug_STM32_M7\libMCRuntime_V1.a(modbus_slave.o)
 .ARM.attributes
                0x0000000000000521       0x32 D:\work\techsafe\MCRuntime\dev2\mcrt\Debug_STM32_M7\libMCRuntime_V1.a(Parser.o)
 .ARM.attributes
                0x0000000000000553       0x32 D:\work\techsafe\MCRuntime\dev2\mcrt\Debug_STM32_M7\libMCRuntime_V1.a(deployment.o)
 .ARM.attributes
                0x0000000000000585       0x32 D:\work\techsafe\MCRuntime\dev2\mcrt\Debug_STM32_M7\libMCRuntime_V1.a(fcb.o)
 .ARM.attributes
                0x00000000000005b7       0x32 D:\work\techsafe\MCRuntime\dev2\mcrt\Debug_STM32_M7\libMCRuntime_V1.a(mcCore_Watch.o)
 .ARM.attributes
                0x00000000000005e9       0x32 D:\work\techsafe\MCRuntime\dev2\mcrt\Debug_STM32_M7\libMCRuntime_V1.a(fb_wmhr.o)
 .ARM.attributes
                0x000000000000061b       0x32 D:\work\techsafe\MCRuntime\dev2\mcrt\Debug_STM32_M7\libMCRuntime_V1.a(fb_number.o)
 .ARM.attributes
                0x000000000000064d       0x32 D:\work\techsafe\MCRuntime\dev2\mcrt\Debug_STM32_M7\libMCRuntime_V1.a(fb_rmhr.o)
 .ARM.attributes
                0x000000000000067f       0x32 D:\work\techsafe\MCRuntime\dev2\mcrt\Debug_STM32_M7\libMCRuntime_V1.a(fb_and.o)
 .ARM.attributes
                0x00000000000006b1       0x32 D:\work\techsafe\MCRuntime\dev2\mcrt\Debug_STM32_M7\libMCRuntime_V1.a(fb_nand.o)
 .ARM.attributes
                0x00000000000006e3       0x32 D:\work\techsafe\MCRuntime\dev2\mcrt\Debug_STM32_M7\libMCRuntime_V1.a(fb_nor.o)
 .ARM.attributes
                0x0000000000000715       0x32 D:\work\techsafe\MCRuntime\dev2\mcrt\Debug_STM32_M7\libMCRuntime_V1.a(fb_not.o)
 .ARM.attributes
                0x0000000000000747       0x32 D:\work\techsafe\MCRuntime\dev2\mcrt\Debug_STM32_M7\libMCRuntime_V1.a(fb_or.o)
 .ARM.attributes
                0x0000000000000779       0x32 D:\work\techsafe\MCRuntime\dev2\mcrt\Debug_STM32_M7\libMCRuntime_V1.a(fb_xor.o)
 .ARM.attributes
                0x00000000000007ab       0x32 D:\work\techsafe\MCRuntime\dev2\mcrt\Debug_STM32_M7\libMCRuntime_V1.a(fb_cycle.o)
 .ARM.attributes
                0x00000000000007dd       0x32 D:\work\techsafe\MCRuntime\dev2\mcrt\Debug_STM32_M7\libMCRuntime_V1.a(fb_inputpin.o)
 .ARM.attributes
                0x000000000000080f       0x32 D:\work\techsafe\MCRuntime\dev2\mcrt\Debug_STM32_M7\libMCRuntime_V1.a(fb_outputpin.o)
 .ARM.attributes
                0x0000000000000841       0x32 c:/st/stm32cubeide_1.5.1/stm32cubeide/plugins/com.st.stm32cube.ide.mcu.externaltools.gnu-tools-for-stm32.9-2020-q2-update.win32_1.5.0.202011040924/tools/bin/../lib/gcc/arm-none-eabi/9.3.1/../../../../arm-none-eabi/lib/thumb/v7e-m+dp/hard\libc_nano.a(lib_a-init.o)
 .ARM.attributes
                0x0000000000000873       0x32 c:/st/stm32cubeide_1.5.1/stm32cubeide/plugins/com.st.stm32cube.ide.mcu.externaltools.gnu-tools-for-stm32.9-2020-q2-update.win32_1.5.0.202011040924/tools/bin/../lib/gcc/arm-none-eabi/9.3.1/../../../../arm-none-eabi/lib/thumb/v7e-m+dp/hard\libc_nano.a(lib_a-memcpy-stub.o)
 .ARM.attributes
                0x00000000000008a5       0x32 c:/st/stm32cubeide_1.5.1/stm32cubeide/plugins/com.st.stm32cube.ide.mcu.externaltools.gnu-tools-for-stm32.9-2020-q2-update.win32_1.5.0.202011040924/tools/bin/../lib/gcc/arm-none-eabi/9.3.1/../../../../arm-none-eabi/lib/thumb/v7e-m+dp/hard\libc_nano.a(lib_a-memset.o)
 .ARM.attributes
                0x00000000000008d7       0x1e c:/st/stm32cubeide_1.5.1/stm32cubeide/plugins/com.st.stm32cube.ide.mcu.externaltools.gnu-tools-for-stm32.9-2020-q2-update.win32_1.5.0.202011040924/tools/bin/../lib/gcc/arm-none-eabi/9.3.1/thumb/v7e-m+dp/hard\libgcc.a(_aeabi_uldivmod.o)
 .ARM.attributes
                0x00000000000008f5       0x32 c:/st/stm32cubeide_1.5.1/stm32cubeide/plugins/com.st.stm32cube.ide.mcu.externaltools.gnu-tools-for-stm32.9-2020-q2-update.win32_1.5.0.202011040924/tools/bin/../lib/gcc/arm-none-eabi/9.3.1/thumb/v7e-m+dp/hard\libgcc.a(_udivmoddi4.o)
 .ARM.attributes
                0x0000000000000927       0x1e c:/st/stm32cubeide_1.5.1/stm32cubeide/plugins/com.st.stm32cube.ide.mcu.externaltools.gnu-tools-for-stm32.9-2020-q2-update.win32_1.5.0.202011040924/tools/bin/../lib/gcc/arm-none-eabi/9.3.1/thumb/v7e-m+dp/hard\libgcc.a(_dvmd_tls.o)
 .ARM.attributes
                0x0000000000000945       0x1e c:/st/stm32cubeide_1.5.1/stm32cubeide/plugins/com.st.stm32cube.ide.mcu.externaltools.gnu-tools-for-stm32.9-2020-q2-update.win32_1.5.0.202011040924/tools/bin/../lib/gcc/arm-none-eabi/9.3.1/thumb/v7e-m+dp/hard/crtn.o
OUTPUT(LCD_Button_LED.elf elf32-littlearm)
LOAD linker stubs
LOAD c:/st/stm32cubeide_1.5.1/stm32cubeide/plugins/com.st.stm32cube.ide.mcu.externaltools.gnu-tools-for-stm32.9-2020-q2-update.win32_1.5.0.202011040924/tools/bin/../lib/gcc/arm-none-eabi/9.3.1/../../../../arm-none-eabi/lib/thumb/v7e-m+dp/hard\libc.a
LOAD c:/st/stm32cubeide_1.5.1/stm32cubeide/plugins/com.st.stm32cube.ide.mcu.externaltools.gnu-tools-for-stm32.9-2020-q2-update.win32_1.5.0.202011040924/tools/bin/../lib/gcc/arm-none-eabi/9.3.1/../../../../arm-none-eabi/lib/thumb/v7e-m+dp/hard\libm.a
LOAD c:/st/stm32cubeide_1.5.1/stm32cubeide/plugins/com.st.stm32cube.ide.mcu.externaltools.gnu-tools-for-stm32.9-2020-q2-update.win32_1.5.0.202011040924/tools/bin/../lib/gcc/arm-none-eabi/9.3.1/thumb/v7e-m+dp/hard\libgcc.a

.debug_info     0x0000000000000000    0x16e31
 .debug_info    0x0000000000000000     0x1043 Adaptors/adaptor.o
 .debug_info    0x0000000000001043     0x2144 Core/Src/main.o
 .debug_info    0x0000000000003187     0x18f6 Core/Src/stm32f7xx_hal_msp.o
 .debug_info    0x0000000000004a7d      0xbf2 Core/Src/stm32f7xx_it.o
 .debug_info    0x000000000000566f      0x7ad Core/Src/system_stm32f7xx.o
 .debug_info    0x0000000000005e1c       0x22 Core/Startup/startup_stm32f767zitx.o
 .debug_info    0x0000000000005e3e      0xab8 Drivers/STM32F7xx_HAL_Driver/Src/stm32f7xx_hal.o
 .debug_info    0x00000000000068f6      0xd66 Drivers/STM32F7xx_HAL_Driver/Src/stm32f7xx_hal_adc.o
 .debug_info    0x000000000000765c     0x1158 Drivers/STM32F7xx_HAL_Driver/Src/stm32f7xx_hal_cortex.o
 .debug_info    0x00000000000087b4      0x9f1 Drivers/STM32F7xx_HAL_Driver/Src/stm32f7xx_hal_dma.o
 .debug_info    0x00000000000091a5      0x6ba Drivers/STM32F7xx_HAL_Driver/Src/stm32f7xx_hal_flash.o
 .debug_info    0x000000000000985f      0x838 Drivers/STM32F7xx_HAL_Driver/Src/stm32f7xx_hal_flash_ex.o
 .debug_info    0x000000000000a097      0x876 Drivers/STM32F7xx_HAL_Driver/Src/stm32f7xx_hal_gpio.o
 .debug_info    0x000000000000a90d      0xa28 Drivers/STM32F7xx_HAL_Driver/Src/stm32f7xx_hal_rcc.o
 .debug_info    0x000000000000b335      0x853 Drivers/STM32F7xx_HAL_Driver/Src/stm32f7xx_hal_rcc_ex.o
 .debug_info    0x000000000000bb88     0x1825 Drivers/STM32F7xx_HAL_Driver/Src/stm32f7xx_hal_spi.o
 .debug_info    0x000000000000d3ad     0x2bc9 Drivers/STM32F7xx_HAL_Driver/Src/stm32f7xx_hal_tim.o
 .debug_info    0x000000000000ff76     0x1703 Drivers/STM32F7xx_HAL_Driver/Src/stm32f7xx_hal_tim_ex.o
 .debug_info    0x0000000000011679     0x1974 Drivers/STM32F7xx_HAL_Driver/Src/stm32f7xx_hal_uart.o
 .debug_info    0x0000000000012fed      0x39e D:\work\techsafe\MCRuntime\dev2\mcrt\Debug_STM32_M7\libMCRuntime_V1.a(mcCore.o)
 .debug_info    0x000000000001338b      0x2c3 D:\work\techsafe\MCRuntime\dev2\mcrt\Debug_STM32_M7\libMCRuntime_V1.a(persistent_vars.o)
 .debug_info    0x000000000001364e       0x82 D:\work\techsafe\MCRuntime\dev2\mcrt\Debug_STM32_M7\libMCRuntime_V1.a(test_circuits.o)
 .debug_info    0x00000000000136d0      0x117 D:\work\techsafe\MCRuntime\dev2\mcrt\Debug_STM32_M7\libMCRuntime_V1.a(uniqueid.o)
 .debug_info    0x00000000000137e7      0x254 D:\work\techsafe\MCRuntime\dev2\mcrt\Debug_STM32_M7\libMCRuntime_V1.a(comm_service.o)
 .debug_info    0x0000000000013a3b      0x557 D:\work\techsafe\MCRuntime\dev2\mcrt\Debug_STM32_M7\libMCRuntime_V1.a(modbus_slave.o)
 .debug_info    0x0000000000013f92      0x2b8 D:\work\techsafe\MCRuntime\dev2\mcrt\Debug_STM32_M7\libMCRuntime_V1.a(Parser.o)
 .debug_info    0x000000000001424a      0x1ae D:\work\techsafe\MCRuntime\dev2\mcrt\Debug_STM32_M7\libMCRuntime_V1.a(deployment.o)
 .debug_info    0x00000000000143f8      0x41e D:\work\techsafe\MCRuntime\dev2\mcrt\Debug_STM32_M7\libMCRuntime_V1.a(fcb.o)
 .debug_info    0x0000000000014816      0x2cf D:\work\techsafe\MCRuntime\dev2\mcrt\Debug_STM32_M7\libMCRuntime_V1.a(mcCore_Watch.o)
 .debug_info    0x0000000000014ae5      0x355 D:\work\techsafe\MCRuntime\dev2\mcrt\Debug_STM32_M7\libMCRuntime_V1.a(fb_wmhr.o)
 .debug_info    0x0000000000014e3a      0x222 D:\work\techsafe\MCRuntime\dev2\mcrt\Debug_STM32_M7\libMCRuntime_V1.a(fb_number.o)
 .debug_info    0x000000000001505c      0x301 D:\work\techsafe\MCRuntime\dev2\mcrt\Debug_STM32_M7\libMCRuntime_V1.a(fb_rmhr.o)
 .debug_info    0x000000000001535d      0x2fc D:\work\techsafe\MCRuntime\dev2\mcrt\Debug_STM32_M7\libMCRuntime_V1.a(fb_and.o)
 .debug_info    0x0000000000015659      0x2fc D:\work\techsafe\MCRuntime\dev2\mcrt\Debug_STM32_M7\libMCRuntime_V1.a(fb_nand.o)
 .debug_info    0x0000000000015955      0x2aa D:\work\techsafe\MCRuntime\dev2\mcrt\Debug_STM32_M7\libMCRuntime_V1.a(fb_nor.o)
 .debug_info    0x0000000000015bff      0x2c6 D:\work\techsafe\MCRuntime\dev2\mcrt\Debug_STM32_M7\libMCRuntime_V1.a(fb_not.o)
 .debug_info    0x0000000000015ec5      0x2fc D:\work\techsafe\MCRuntime\dev2\mcrt\Debug_STM32_M7\libMCRuntime_V1.a(fb_or.o)
 .debug_info    0x00000000000161c1      0x28e D:\work\techsafe\MCRuntime\dev2\mcrt\Debug_STM32_M7\libMCRuntime_V1.a(fb_xor.o)
 .debug_info    0x000000000001644f      0x3ea D:\work\techsafe\MCRuntime\dev2\mcrt\Debug_STM32_M7\libMCRuntime_V1.a(fb_cycle.o)
 .debug_info    0x0000000000016839      0x2cc D:\work\techsafe\MCRuntime\dev2\mcrt\Debug_STM32_M7\libMCRuntime_V1.a(fb_inputpin.o)
 .debug_info    0x0000000000016b05      0x32c D:\work\techsafe\MCRuntime\dev2\mcrt\Debug_STM32_M7\libMCRuntime_V1.a(fb_outputpin.o)

.debug_abbrev   0x0000000000000000     0x4383
 .debug_abbrev  0x0000000000000000      0x298 Adaptors/adaptor.o
 .debug_abbrev  0x0000000000000298      0x289 Core/Src/main.o
 .debug_abbrev  0x0000000000000521      0x206 Core/Src/stm32f7xx_hal_msp.o
 .debug_abbrev  0x0000000000000727      0x176 Core/Src/stm32f7xx_it.o
 .debug_abbrev  0x000000000000089d      0x165 Core/Src/system_stm32f7xx.o
 .debug_abbrev  0x0000000000000a02       0x12 Core/Startup/startup_stm32f767zitx.o
 .debug_abbrev  0x0000000000000a14      0x1ed Drivers/STM32F7xx_HAL_Driver/Src/stm32f7xx_hal.o
 .debug_abbrev  0x0000000000000c01      0x22f Drivers/STM32F7xx_HAL_Driver/Src/stm32f7xx_hal_adc.o
 .debug_abbrev  0x0000000000000e30      0x33c Drivers/STM32F7xx_HAL_Driver/Src/stm32f7xx_hal_cortex.o
 .debug_abbrev  0x000000000000116c      0x259 Drivers/STM32F7xx_HAL_Driver/Src/stm32f7xx_hal_dma.o
 .debug_abbrev  0x00000000000013c5      0x27c Drivers/STM32F7xx_HAL_Driver/Src/stm32f7xx_hal_flash.o
 .debug_abbrev  0x0000000000001641      0x24d Drivers/STM32F7xx_HAL_Driver/Src/stm32f7xx_hal_flash_ex.o
 .debug_abbrev  0x000000000000188e      0x1f1 Drivers/STM32F7xx_HAL_Driver/Src/stm32f7xx_hal_gpio.o
 .debug_abbrev  0x0000000000001a7f      0x29c Drivers/STM32F7xx_HAL_Driver/Src/stm32f7xx_hal_rcc.o
 .debug_abbrev  0x0000000000001d1b      0x1d1 Drivers/STM32F7xx_HAL_Driver/Src/stm32f7xx_hal_rcc_ex.o
 .debug_abbrev  0x0000000000001eec      0x254 Drivers/STM32F7xx_HAL_Driver/Src/stm32f7xx_hal_spi.o
 .debug_abbrev  0x0000000000002140      0x25e Drivers/STM32F7xx_HAL_Driver/Src/stm32f7xx_hal_tim.o
 .debug_abbrev  0x000000000000239e      0x266 Drivers/STM32F7xx_HAL_Driver/Src/stm32f7xx_hal_tim_ex.o
 .debug_abbrev  0x0000000000002604      0x23f Drivers/STM32F7xx_HAL_Driver/Src/stm32f7xx_hal_uart.o
 .debug_abbrev  0x0000000000002843      0x1bf D:\work\techsafe\MCRuntime\dev2\mcrt\Debug_STM32_M7\libMCRuntime_V1.a(mcCore.o)
 .debug_abbrev  0x0000000000002a02      0x192 D:\work\techsafe\MCRuntime\dev2\mcrt\Debug_STM32_M7\libMCRuntime_V1.a(persistent_vars.o)
 .debug_abbrev  0x0000000000002b94       0x45 D:\work\techsafe\MCRuntime\dev2\mcrt\Debug_STM32_M7\libMCRuntime_V1.a(test_circuits.o)
 .debug_abbrev  0x0000000000002bd9       0xc1 D:\work\techsafe\MCRuntime\dev2\mcrt\Debug_STM32_M7\libMCRuntime_V1.a(uniqueid.o)
 .debug_abbrev  0x0000000000002c9a      0x14f D:\work\techsafe\MCRuntime\dev2\mcrt\Debug_STM32_M7\libMCRuntime_V1.a(comm_service.o)
 .debug_abbrev  0x0000000000002de9      0x1d2 D:\work\techsafe\MCRuntime\dev2\mcrt\Debug_STM32_M7\libMCRuntime_V1.a(modbus_slave.o)
 .debug_abbrev  0x0000000000002fbb      0x13d D:\work\techsafe\MCRuntime\dev2\mcrt\Debug_STM32_M7\libMCRuntime_V1.a(Parser.o)
 .debug_abbrev  0x00000000000030f8       0xde D:\work\techsafe\MCRuntime\dev2\mcrt\Debug_STM32_M7\libMCRuntime_V1.a(deployment.o)
 .debug_abbrev  0x00000000000031d6      0x1a2 D:\work\techsafe\MCRuntime\dev2\mcrt\Debug_STM32_M7\libMCRuntime_V1.a(fcb.o)
 .debug_abbrev  0x0000000000003378      0x15d D:\work\techsafe\MCRuntime\dev2\mcrt\Debug_STM32_M7\libMCRuntime_V1.a(mcCore_Watch.o)
 .debug_abbrev  0x00000000000034d5      0x160 D:\work\techsafe\MCRuntime\dev2\mcrt\Debug_STM32_M7\libMCRuntime_V1.a(fb_wmhr.o)
 .debug_abbrev  0x0000000000003635      0x119 D:\work\techsafe\MCRuntime\dev2\mcrt\Debug_STM32_M7\libMCRuntime_V1.a(fb_number.o)
 .debug_abbrev  0x000000000000374e      0x142 D:\work\techsafe\MCRuntime\dev2\mcrt\Debug_STM32_M7\libMCRuntime_V1.a(fb_rmhr.o)
 .debug_abbrev  0x0000000000003890      0x12a D:\work\techsafe\MCRuntime\dev2\mcrt\Debug_STM32_M7\libMCRuntime_V1.a(fb_and.o)
 .debug_abbrev  0x00000000000039ba      0x12a D:\work\techsafe\MCRuntime\dev2\mcrt\Debug_STM32_M7\libMCRuntime_V1.a(fb_nand.o)
 .debug_abbrev  0x0000000000003ae4      0x135 D:\work\techsafe\MCRuntime\dev2\mcrt\Debug_STM32_M7\libMCRuntime_V1.a(fb_nor.o)
 .debug_abbrev  0x0000000000003c19      0x12a D:\work\techsafe\MCRuntime\dev2\mcrt\Debug_STM32_M7\libMCRuntime_V1.a(fb_not.o)
 .debug_abbrev  0x0000000000003d43      0x12a D:\work\techsafe\MCRuntime\dev2\mcrt\Debug_STM32_M7\libMCRuntime_V1.a(fb_or.o)
 .debug_abbrev  0x0000000000003e6d      0x135 D:\work\techsafe\MCRuntime\dev2\mcrt\Debug_STM32_M7\libMCRuntime_V1.a(fb_xor.o)
 .debug_abbrev  0x0000000000003fa2      0x154 D:\work\techsafe\MCRuntime\dev2\mcrt\Debug_STM32_M7\libMCRuntime_V1.a(fb_cycle.o)
 .debug_abbrev  0x00000000000040f6      0x142 D:\work\techsafe\MCRuntime\dev2\mcrt\Debug_STM32_M7\libMCRuntime_V1.a(fb_inputpin.o)
 .debug_abbrev  0x0000000000004238      0x14b D:\work\techsafe\MCRuntime\dev2\mcrt\Debug_STM32_M7\libMCRuntime_V1.a(fb_outputpin.o)

.debug_aranges  0x0000000000000000     0x1690
 .debug_aranges
                0x0000000000000000       0xb0 Adaptors/adaptor.o
 .debug_aranges
                0x00000000000000b0       0x80 Core/Src/main.o
 .debug_aranges
                0x0000000000000130       0x68 Core/Src/stm32f7xx_hal_msp.o
 .debug_aranges
                0x0000000000000198       0x80 Core/Src/stm32f7xx_it.o
 .debug_aranges
                0x0000000000000218       0x28 Core/Src/system_stm32f7xx.o
 .debug_aranges
                0x0000000000000240       0x28 Core/Startup/startup_stm32f767zitx.o
 .debug_aranges
                0x0000000000000268      0x110 Drivers/STM32F7xx_HAL_Driver/Src/stm32f7xx_hal.o
 .debug_aranges
                0x0000000000000378       0xe8 Drivers/STM32F7xx_HAL_Driver/Src/stm32f7xx_hal_adc.o
 .debug_aranges
                0x0000000000000460      0x118 Drivers/STM32F7xx_HAL_Driver/Src/stm32f7xx_hal_cortex.o
 .debug_aranges
                0x0000000000000578       0x90 Drivers/STM32F7xx_HAL_Driver/Src/stm32f7xx_hal_dma.o
 .debug_aranges
                0x0000000000000608       0xa0 Drivers/STM32F7xx_HAL_Driver/Src/stm32f7xx_hal_flash.o
 .debug_aranges
                0x00000000000006a8       0xa0 Drivers/STM32F7xx_HAL_Driver/Src/stm32f7xx_hal_flash_ex.o
 .debug_aranges
                0x0000000000000748       0x58 Drivers/STM32F7xx_HAL_Driver/Src/stm32f7xx_hal_gpio.o
 .debug_aranges
                0x00000000000007a0       0x88 Drivers/STM32F7xx_HAL_Driver/Src/stm32f7xx_hal_rcc.o
 .debug_aranges
                0x0000000000000828       0x50 Drivers/STM32F7xx_HAL_Driver/Src/stm32f7xx_hal_rcc_ex.o
 .debug_aranges
                0x0000000000000878      0x1d8 Drivers/STM32F7xx_HAL_Driver/Src/stm32f7xx_hal_spi.o
 .debug_aranges
                0x0000000000000a50      0x3e0 Drivers/STM32F7xx_HAL_Driver/Src/stm32f7xx_hal_tim.o
 .debug_aranges
                0x0000000000000e30      0x180 Drivers/STM32F7xx_HAL_Driver/Src/stm32f7xx_hal_tim_ex.o
 .debug_aranges
                0x0000000000000fb0      0x230 Drivers/STM32F7xx_HAL_Driver/Src/stm32f7xx_hal_uart.o
 .debug_aranges
                0x00000000000011e0       0x60 D:\work\techsafe\MCRuntime\dev2\mcrt\Debug_STM32_M7\libMCRuntime_V1.a(mcCore.o)
 .debug_aranges
                0x0000000000001240       0x40 D:\work\techsafe\MCRuntime\dev2\mcrt\Debug_STM32_M7\libMCRuntime_V1.a(persistent_vars.o)
 .debug_aranges
                0x0000000000001280       0x20 D:\work\techsafe\MCRuntime\dev2\mcrt\Debug_STM32_M7\libMCRuntime_V1.a(test_circuits.o)
 .debug_aranges
                0x00000000000012a0       0x20 D:\work\techsafe\MCRuntime\dev2\mcrt\Debug_STM32_M7\libMCRuntime_V1.a(uniqueid.o)
 .debug_aranges
                0x00000000000012c0       0x30 D:\work\techsafe\MCRuntime\dev2\mcrt\Debug_STM32_M7\libMCRuntime_V1.a(comm_service.o)
 .debug_aranges
                0x00000000000012f0       0x70 D:\work\techsafe\MCRuntime\dev2\mcrt\Debug_STM32_M7\libMCRuntime_V1.a(modbus_slave.o)
 .debug_aranges
                0x0000000000001360       0x40 D:\work\techsafe\MCRuntime\dev2\mcrt\Debug_STM32_M7\libMCRuntime_V1.a(Parser.o)
 .debug_aranges
                0x00000000000013a0       0x30 D:\work\techsafe\MCRuntime\dev2\mcrt\Debug_STM32_M7\libMCRuntime_V1.a(deployment.o)
 .debug_aranges
                0x00000000000013d0       0x48 D:\work\techsafe\MCRuntime\dev2\mcrt\Debug_STM32_M7\libMCRuntime_V1.a(fcb.o)
 .debug_aranges
                0x0000000000001418       0x38 D:\work\techsafe\MCRuntime\dev2\mcrt\Debug_STM32_M7\libMCRuntime_V1.a(mcCore_Watch.o)
 .debug_aranges
                0x0000000000001450       0x30 D:\work\techsafe\MCRuntime\dev2\mcrt\Debug_STM32_M7\libMCRuntime_V1.a(fb_wmhr.o)
 .debug_aranges
                0x0000000000001480       0x30 D:\work\techsafe\MCRuntime\dev2\mcrt\Debug_STM32_M7\libMCRuntime_V1.a(fb_number.o)
 .debug_aranges
                0x00000000000014b0       0x30 D:\work\techsafe\MCRuntime\dev2\mcrt\Debug_STM32_M7\libMCRuntime_V1.a(fb_rmhr.o)
 .debug_aranges
                0x00000000000014e0       0x30 D:\work\techsafe\MCRuntime\dev2\mcrt\Debug_STM32_M7\libMCRuntime_V1.a(fb_and.o)
 .debug_aranges
                0x0000000000001510       0x30 D:\work\techsafe\MCRuntime\dev2\mcrt\Debug_STM32_M7\libMCRuntime_V1.a(fb_nand.o)
 .debug_aranges
                0x0000000000001540       0x30 D:\work\techsafe\MCRuntime\dev2\mcrt\Debug_STM32_M7\libMCRuntime_V1.a(fb_nor.o)
 .debug_aranges
                0x0000000000001570       0x30 D:\work\techsafe\MCRuntime\dev2\mcrt\Debug_STM32_M7\libMCRuntime_V1.a(fb_not.o)
 .debug_aranges
                0x00000000000015a0       0x30 D:\work\techsafe\MCRuntime\dev2\mcrt\Debug_STM32_M7\libMCRuntime_V1.a(fb_or.o)
 .debug_aranges
                0x00000000000015d0       0x30 D:\work\techsafe\MCRuntime\dev2\mcrt\Debug_STM32_M7\libMCRuntime_V1.a(fb_xor.o)
 .debug_aranges
                0x0000000000001600       0x30 D:\work\techsafe\MCRuntime\dev2\mcrt\Debug_STM32_M7\libMCRuntime_V1.a(fb_cycle.o)
 .debug_aranges
                0x0000000000001630       0x30 D:\work\techsafe\MCRuntime\dev2\mcrt\Debug_STM32_M7\libMCRuntime_V1.a(fb_inputpin.o)
 .debug_aranges
                0x0000000000001660       0x30 D:\work\techsafe\MCRuntime\dev2\mcrt\Debug_STM32_M7\libMCRuntime_V1.a(fb_outputpin.o)

.debug_ranges   0x0000000000000000     0x1470
 .debug_ranges  0x0000000000000000       0xa0 Adaptors/adaptor.o
 .debug_ranges  0x00000000000000a0       0x70 Core/Src/main.o
 .debug_ranges  0x0000000000000110       0x58 Core/Src/stm32f7xx_hal_msp.o
 .debug_ranges  0x0000000000000168       0x70 Core/Src/stm32f7xx_it.o
 .debug_ranges  0x00000000000001d8       0x18 Core/Src/system_stm32f7xx.o
 .debug_ranges  0x00000000000001f0       0x20 Core/Startup/startup_stm32f767zitx.o
 .debug_ranges  0x0000000000000210      0x100 Drivers/STM32F7xx_HAL_Driver/Src/stm32f7xx_hal.o
 .debug_ranges  0x0000000000000310       0xd8 Drivers/STM32F7xx_HAL_Driver/Src/stm32f7xx_hal_adc.o