Archive member included to satisfy reference by file (symbol)

D:\work\techsafe\MCRuntime\dev_mcrt\mcrt\Debug_STM32_M7\libMCRuntime_V1.a(mcCore.o)
                              Core/Src/main.o (mcCore_SM)
D:\work\techsafe\MCRuntime\dev_mcrt\mcrt\Debug_STM32_M7\libMCRuntime_V1.a(persistent_vars.o)
                              D:\work\techsafe\MCRuntime\dev_mcrt\mcrt\Debug_STM32_M7\libMCRuntime_V1.a(mcCore.o) (read_persistent_data_structure)
D:\work\techsafe\MCRuntime\dev_mcrt\mcrt\Debug_STM32_M7\libMCRuntime_V1.a(test_circuits.o)
                              D:\work\techsafe\MCRuntime\dev_mcrt\mcrt\Debug_STM32_M7\libMCRuntime_V1.a(mcCore.o) (create_display_test_circuit)
D:\work\techsafe\MCRuntime\dev_mcrt\mcrt\Debug_STM32_M7\libMCRuntime_V1.a(uniqueid.o)
                              D:\work\techsafe\MCRuntime\dev_mcrt\mcrt\Debug_STM32_M7\libMCRuntime_V1.a(mcCore.o) (init_uniqueid)
D:\work\techsafe\MCRuntime\dev_mcrt\mcrt\Debug_STM32_M7\libMCRuntime_V1.a(comm_service.o)
                              Adaptors/adaptor.o (Runtime_CommDataService_NewData_Received)
D:\work\techsafe\MCRuntime\dev_mcrt\mcrt\Debug_STM32_M7\libMCRuntime_V1.a(modbus_slave.o)
                              D:\work\techsafe\MCRuntime\dev_mcrt\mcrt\Debug_STM32_M7\libMCRuntime_V1.a(persistent_vars.o) (get_Modbus_Buf_Holding_Registers_40001)
D:\work\techsafe\MCRuntime\dev_mcrt\mcrt\Debug_STM32_M7\libMCRuntime_V1.a(fb_gui_display.o)
                              D:\work\techsafe\MCRuntime\dev_mcrt\mcrt\Debug_STM32_M7\libMCRuntime_V1.a(test_circuits.o) (create_fb_gui_display)
D:\work\techsafe\MCRuntime\dev_mcrt\mcrt\Debug_STM32_M7\libMCRuntime_V1.a(fb_text.o)
                              D:\work\techsafe\MCRuntime\dev_mcrt\mcrt\Debug_STM32_M7\libMCRuntime_V1.a(test_circuits.o) (create_fb_text)
D:\work\techsafe\MCRuntime\dev_mcrt\mcrt\Debug_STM32_M7\libMCRuntime_V1.a(Parser.o)
                              D:\work\techsafe\MCRuntime\dev_mcrt\mcrt\Debug_STM32_M7\libMCRuntime_V1.a(mcCore.o) (Parser)
D:\work\techsafe\MCRuntime\dev_mcrt\mcrt\Debug_STM32_M7\libMCRuntime_V1.a(deployment.o)
                              D:\work\techsafe\MCRuntime\dev_mcrt\mcrt\Debug_STM32_M7\libMCRuntime_V1.a(mcCore.o) (get_deployment_ch)
D:\work\techsafe\MCRuntime\dev_mcrt\mcrt\Debug_STM32_M7\libMCRuntime_V1.a(fcb.o)
                              D:\work\techsafe\MCRuntime\dev_mcrt\mcrt\Debug_STM32_M7\libMCRuntime_V1.a(persistent_vars.o) (write_flash_data)
D:\work\techsafe\MCRuntime\dev_mcrt\mcrt\Debug_STM32_M7\libMCRuntime_V1.a(mcCore_Watch.o)
                              D:\work\techsafe\MCRuntime\dev_mcrt\mcrt\Debug_STM32_M7\libMCRuntime_V1.a(Parser.o) (addWatch)
D:\work\techsafe\MCRuntime\dev_mcrt\mcrt\Debug_STM32_M7\libMCRuntime_V1.a(text_table.o)
                              D:\work\techsafe\MCRuntime\dev_mcrt\mcrt\Debug_STM32_M7\libMCRuntime_V1.a(fb_gui_display.o) (get_text_element_table)
D:\work\techsafe\MCRuntime\dev_mcrt\mcrt\Debug_STM32_M7\libMCRuntime_V1.a(utility.o)
                              D:\work\techsafe\MCRuntime\dev_mcrt\mcrt\Debug_STM32_M7\libMCRuntime_V1.a(fb_gui_display.o) (get_uint8)
D:\work\techsafe\MCRuntime\dev_mcrt\mcrt\Debug_STM32_M7\libMCRuntime_V1.a(adaptor.o)
                              D:\work\techsafe\MCRuntime\dev_mcrt\mcrt\Debug_STM32_M7\libMCRuntime_V1.a(fb_gui_display.o) (Display_String)
D:\work\techsafe\MCRuntime\dev_mcrt\mcrt\Debug_STM32_M7\libMCRuntime_V1.a(fb_and.o)
                              D:\work\techsafe\MCRuntime\dev_mcrt\mcrt\Debug_STM32_M7\libMCRuntime_V1.a(Parser.o) (fb_and_parser)
D:\work\techsafe\MCRuntime\dev_mcrt\mcrt\Debug_STM32_M7\libMCRuntime_V1.a(fb_nand.o)
                              D:\work\techsafe\MCRuntime\dev_mcrt\mcrt\Debug_STM32_M7\libMCRuntime_V1.a(Parser.o) (fb_nand_parser)
D:\work\techsafe\MCRuntime\dev_mcrt\mcrt\Debug_STM32_M7\libMCRuntime_V1.a(fb_nor.o)
                              D:\work\techsafe\MCRuntime\dev_mcrt\mcrt\Debug_STM32_M7\libMCRuntime_V1.a(Parser.o) (fb_nor_parser)
D:\work\techsafe\MCRuntime\dev_mcrt\mcrt\Debug_STM32_M7\libMCRuntime_V1.a(fb_not.o)
                              D:\work\techsafe\MCRuntime\dev_mcrt\mcrt\Debug_STM32_M7\libMCRuntime_V1.a(Parser.o) (fb_not_parser)
D:\work\techsafe\MCRuntime\dev_mcrt\mcrt\Debug_STM32_M7\libMCRuntime_V1.a(fb_or.o)
                              D:\work\techsafe\MCRuntime\dev_mcrt\mcrt\Debug_STM32_M7\libMCRuntime_V1.a(Parser.o) (fb_or_parser)
D:\work\techsafe\MCRuntime\dev_mcrt\mcrt\Debug_STM32_M7\libMCRuntime_V1.a(fb_xor.o)
                              D:\work\techsafe\MCRuntime\dev_mcrt\mcrt\Debug_STM32_M7\libMCRuntime_V1.a(Parser.o) (fb_xor_parser)
D:\work\techsafe\MCRuntime\dev_mcrt\mcrt\Debug_STM32_M7\libMCRuntime_V1.a(fb_condition.o)
                              D:\work\techsafe\MCRuntime\dev_mcrt\mcrt\Debug_STM32_M7\libMCRuntime_V1.a(Parser.o) (fb_condition_parser)
D:\work\techsafe\MCRuntime\dev_mcrt\mcrt\Debug_STM32_M7\libMCRuntime_V1.a(fb_cycle.o)
[...]
Memory Configuration

Name             Origin             Length             Attributes
RAM              0x0000000020000000 0x0000000000080000 xrw
FLASH            0x0000000008000000 0x0000000000200000 xr
*default*        0x0000000000000000 0xffffffffffffffff

Linker script and memory map

LOAD c:/st/stm32cubeide_1.5.1/stm32cubeide/plugins/com.st.stm32cube.ide.mcu.externaltools.gnu-tools-for-stm32.9-2020-q2-update.win32_1.5.0.202011040924/tools/bin/../lib/gcc/arm-none-eabi/9.3.1/thumb/v7e-m+dp/hard/crti.o
LOAD c:/st/stm32cubeide_1.5.1/stm32cubeide/plugins/com.st.stm32cube.ide.mcu.externaltools.gnu-tools-for-stm32.9-2020-q2-update.win32_1.5.0.202011040924/tools/bin/../lib/gcc/arm-none-eabi/9.3.1/thumb/v7e-m+dp/hard/crtbegin.o
LOAD c:/st/stm32cubeide_1.5.1/stm32cubeide/plugins/com.st.stm32cube.ide.mcu.externaltools.gnu-tools-for-stm32.9-2020-q2-update.win32_1.5.0.202011040924/tools/bin/../lib/gcc/arm-none-eabi/9.3.1/../../../../arm-none-eabi/lib/thumb/v7e-m+dp/hard/crt0.o
LOAD Adaptors/adaptor.o
LOAD Core/Src/GFX_FUNCTIONS.o
LOAD Core/Src/ST7735.o
LOAD Core/Src/fonts.o
LOAD Core/Src/main.o
LOAD Core/Src/stm32f7xx_hal_msp.o
LOAD Core/Src/stm32f7xx_it.o
LOAD Core/Src/syscalls.o
LOAD Core/Src/sysmem.o
LOAD Core/Src/system_stm32f7xx.o
LOAD Core/Startup/startup_stm32f767zitx.o
LOAD Drivers/STM32F7xx_HAL_Driver/Src/stm32f7xx_hal.o
LOAD Drivers/STM32F7xx_HAL_Driver/Src/stm32f7xx_hal_adc.o
LOAD Drivers/STM32F7xx_HAL_Driver/Src/stm32f7xx_hal_adc_ex.o
LOAD Drivers/STM32F7xx_HAL_Driver/Src/stm32f7xx_hal_cortex.o
LOAD Drivers/STM32F7xx_HAL_Driver/Src/stm32f7xx_hal_dma.o
LOAD Drivers/STM32F7xx_HAL_Driver/Src/stm32f7xx_hal_dma_ex.o
LOAD Drivers/STM32F7xx_HAL_Driver/Src/stm32f7xx_hal_exti.o
LOAD Drivers/STM32F7xx_HAL_Driver/Src/stm32f7xx_hal_flash.o
LOAD Drivers/STM32F7xx_HAL_Driver/Src/stm32f7xx_hal_flash_ex.o
LOAD Drivers/STM32F7xx_HAL_Driver/Src/stm32f7xx_hal_gpio.o
LOAD Drivers/STM32F7xx_HAL_Driver/Src/stm32f7xx_hal_i2c.o
LOAD Drivers/STM32F7xx_HAL_Driver/Src/stm32f7xx_hal_i2c_ex.o
LOAD Drivers/STM32F7xx_HAL_Driver/Src/stm32f7xx_hal_pwr.o
LOAD Drivers/STM32F7xx_HAL_Driver/Src/stm32f7xx_hal_pwr_ex.o
LOAD Drivers/STM32F7xx_HAL_Driver/Src/stm32f7xx_hal_rcc.o
LOAD Drivers/STM32F7xx_HAL_Driver/Src/stm32f7xx_hal_rcc_ex.o
LOAD Drivers/STM32F7xx_HAL_Driver/Src/stm32f7xx_hal_spi.o
LOAD Drivers/STM32F7xx_HAL_Driver/Src/stm32f7xx_hal_spi_ex.o
LOAD Drivers/STM32F7xx_HAL_Driver/Src/stm32f7xx_hal_tim.o
LOAD Drivers/STM32F7xx_HAL_Driver/Src/stm32f7xx_hal_tim_ex.o
LOAD Drivers/STM32F7xx_HAL_Driver/Src/stm32f7xx_hal_uart.o
LOAD Drivers/STM32F7xx_HAL_Driver/Src/stm32f7xx_hal_uart_ex.o
LOAD D:\work\techsafe\MCRuntime\dev_mcrt\mcrt\Debug_STM32_M7\libMCRuntime_V1.a
START GROUP
LOAD c:/st/stm32cubeide_1.5.1/stm32cubeide/plugins/com.st.stm32cube.ide.mcu.externaltools.gnu-tools-for-stm32.9-2020-q2-update.win32_1.5.0.202011040924/tools/bin/../lib/gcc/arm-none-eabi/9.3.1/../../../../arm-none-eabi/lib/thumb/v7e-m+dp/hard\libc_nano.a
LOAD c:/st/stm32cubeide_1.5.1/stm32cubeide/plugins/com.st.stm32cube.ide.mcu.externaltools.gnu-tools-for-stm32.9-2020-q2-update.win32_1.5.0.202011040924/tools/bin/../lib/gcc/arm-none-eabi/9.3.1/../../../../arm-none-eabi/lib/thumb/v7e-m+dp/hard\libm.a
END GROUP
START GROUP
LOAD c:/st/stm32cubeide_1.5.1/stm32cubeide/plugins/com.st.stm32cube.ide.mcu.externaltools.gnu-tools-for-stm32.9-2020-q2-update.win32_1.5.0.202011040924/tools/bin/../lib/gcc/arm-none-eabi/9.3.1/thumb/v7e-m+dp/hard\libgcc.a
LOAD c:/st/stm32cubeide_1.5.1/stm32cubeide/plugins/com.st.stm32cube.ide.mcu.externaltools.gnu-tools-for-stm32.9-2020-q2-update.win32_1.5.0.202011040924/tools/bin/../lib/gcc/arm-none-eabi/9.3.1/../../../../arm-none-eabi/lib/thumb/v7e-m+dp/hard\libc_nano.a
END GROUP
START GROUP
LOAD c:/st/stm32cubeide_1.5.1/stm32cubeide/plugins/com.st.stm32cube.ide.mcu.externaltools.gnu-tools-for-stm32.9-2020-q2-update.win32_1.5.0.202011040924/tools/bin/../lib/gcc/arm-none-eabi/9.3.1/thumb/v7e-m+dp/hard\libgcc.a
LOAD c:/st/stm32cubeide_1.5.1/stm32cubeide/plugins/com.st.stm32cube.ide.mcu.externaltools.gnu-tools-for-stm32.9-2020-q2-update.win32_1.5.0.202011040924/tools/bin/../lib/gcc/arm-none-eabi/9.3.1/../../../../arm-none-eabi/lib/thumb/v7e-m+dp/hard\libc_nano.a
LOAD c:/st/stm32cubeide_1.5.1/stm32cubeide/plugins/com.st.stm32cube.ide.mcu.externaltools.gnu-tools-for-stm32.9-2020-q2-update.win32_1.5.0.202011040924/tools/bin/../lib/gcc/arm-none-eabi/9.3.1/../../../../arm-none-eabi/lib/thumb/v7e-m+dp/hard\libnosys.a
END GROUP
START GROUP
LOAD c:/st/stm32cubeide_1.5.1/stm32cubeide/plugins/com.st.stm32cube.ide.mcu.externaltools.gnu-tools-for-stm32.9-2020-q2-update.win32_1.5.0.202011040924/tools/bin/../lib/gcc/arm-none-eabi/9.3.1/thumb/v7e-m+dp/hard\libgcc.a
LOAD c:/st/stm32cubeide_1.5.1/stm32cubeide/plugins/com.st.stm32cube.ide.mcu.externaltools.gnu-tools-for-stm32.9-2020-q2-update.win32_1.5.0.202011040924/tools/bin/../lib/gcc/arm-none-eabi/9.3.1/../../../../arm-none-eabi/lib/thumb/v7e-m+dp/hard\libc_nano.a
LOAD c:/st/stm32cubeide_1.5.1/stm32cubeide/plugins/com.st.stm32cube.ide.mcu.externaltools.gnu-tools-for-stm32.9-2020-q2-update.win32_1.5.0.202011040924/tools/bin/../lib/gcc/arm-none-eabi/9.3.1/../../../../arm-none-eabi/lib/thumb/v7e-m+dp/hard\libnosys.a
END GROUP
LOAD c:/st/stm32cubeide_1.5.1/stm32cubeide/plugins/com.st.stm32cube.ide.mcu.externaltools.gnu-tools-for-stm32.9-2020-q2-update.win32_1.5.0.202011040924/tools/bin/../lib/gcc/arm-none-eabi/9.3.1/thumb/v7e-m+dp/hard/crtend.o
LOAD c:/st/stm32cubeide_1.5.1/stm32cubeide/plugins/com.st.stm32cube.ide.mcu.externaltools.gnu-tools-for-stm32.9-2020-q2-update.win32_1.5.0.202011040924/tools/bin/../lib/gcc/arm-none-eabi/9.3.1/thumb/v7e-m+dp/hard/crtn.o
                0x0000000020080000                _estack = (ORIGIN (RAM) + LENGTH (RAM))
                0x0000000000000200                _Min_Heap_Size = 0x200
                0x0000000000000400                _Min_Stack_Size = 0x400

.isr_vector     0x0000000008000000      0x1f8
                0x0000000008000000                . = ALIGN (0x4)
 *(.isr_vector)
 .isr_vector    0x0000000008000000      0x1f8 Core/Startup/startup_stm32f767zitx.o
                0x0000000008000000                g_pfnVectors
                0x00000000080001f8                . = ALIGN (0x4)

.text           0x00000000080001f8     0x9c80
                0x00000000080001f8                . = ALIGN (0x4)
 *(.text)
 .text          0x00000000080001f8       0x40 c:/st/stm32cubeide_1.5.1/stm32cubeide/plugins/com.st.stm32cube.ide.mcu.externaltools.gnu-tools-for-stm32.9-2020-q2-update.win32_1.5.0.202011040924/tools/bin/../lib/gcc/arm-none-eabi/9.3.1/thumb/v7e-m+dp/hard/crtbegin.o
 .text          0x0000000008000238       0x30 c:/st/stm32cubeide_1.5.1/stm32cubeide/plugins/com.st.stm32cube.ide.mcu.externaltools.gnu-tools-for-stm32.9-2020-q2-update.win32_1.5.0.202011040924/tools/bin/../lib/gcc/arm-none-eabi/9.3.1/thumb/v7e-m+dp/hard\libgcc.a(_aeabi_uldivmod.o)
                0x0000000008000238                __aeabi_uldivmod
 .text          0x0000000008000268      0x2c4 c:/st/stm32cubeide_1.5.1/stm32cubeide/plugins/com.st.stm32cube.ide.mcu.externaltools.gnu-tools-for-stm32.9-2020-q2-update.win32_1.5.0.202011040924/tools/bin/../lib/gcc/arm-none-eabi/9.3.1/thumb/v7e-m+dp/hard\libgcc.a(_udivmoddi4.o)
                0x0000000008000268                __udivmoddi4
 .text          0x000000000800052c        0x4 c:/st/stm32cubeide_1.5.1/stm32cubeide/plugins/com.st.stm32cube.ide.mcu.externaltools.gnu-tools-for-stm32.9-2020-q2-update.win32_1.5.0.202011040924/tools/bin/../lib/gcc/arm-none-eabi/9.3.1/thumb/v7e-m+dp/hard\libgcc.a(_dvmd_tls.o)
                0x000000000800052c                __aeabi_idiv0
                0x000000000800052c                __aeabi_ldiv0
 *(.text*)
 .text.initiate_input_channels
                0x0000000008000530       0x4c Adaptors/adaptor.o
                0x0000000008000530                initiate_input_channels
 .text.initiate_output_channels
                0x000000000800057c       0x3c Adaptors/adaptor.o
                0x000000000800057c                initiate_output_channels
 .text.initate_analog_channels
                0x00000000080005b8       0x30 Adaptors/adaptor.o
                0x00000000080005b8                initate_analog_channels
 .text.hal_gpio_write_pin
                0x00000000080005e8       0x3c Adaptors/adaptor.o
                0x00000000080005e8                hal_gpio_write_pin
 .text.hal_gpio_read_pin
                0x0000000008000624       0x34 Adaptors/adaptor.o
                0x0000000008000624                hal_gpio_read_pin
 .text.hal_read_analog_ch
                0x0000000008000658       0x5c Adaptors/adaptor.o
                0x0000000008000658                hal_read_analog_ch
 .text.HAL_ADC_ConvCpltCallback
                0x00000000080006b4       0x68 Adaptors/adaptor.o
                0x00000000080006b4                HAL_ADC_ConvCpltCallback
 .text.hal_get_tick
                0x000000000800071c        0xe Adaptors/adaptor.o
                0x000000000800071c                hal_get_tick
 .text.hal_init_tick
                0x000000000800072a        0xe Adaptors/adaptor.o
                0x000000000800072a                hal_init_tick
 .text.init_comm_data_service
                0x0000000008000738       0x20 Adaptors/adaptor.o
                0x0000000008000738                init_comm_data_service
 .text.init_comm_timing_service
                0x0000000008000758       0x20 Adaptors/adaptor.o
                0x0000000008000758                init_comm_timing_service
 .text.start_comm_timer
                0x0000000008000778       0x3c Adaptors/adaptor.o
                0x0000000008000778                start_comm_timer
 .text.stop_comm_timer
                0x00000000080007b4       0x2c Adaptors/adaptor.o
                0x00000000080007b4                stop_comm_timer
 .text.HAL_UART_RxCpltCallback
                0x00000000080007e0       0x38 Adaptors/adaptor.o
                0x00000000080007e0                HAL_UART_RxCpltCallback
 .text.HAL_TIM_PeriodElapsedCallback
                0x0000000008000818       0x30 Adaptors/adaptor.o
                0x0000000008000818                HAL_TIM_PeriodElapsedCallback
 .text.hal_modbus_uart_tx
                0x0000000008000848       0x28 Adaptors/adaptor.o
                0x0000000008000848                hal_modbus_uart_tx
 .text.HAL_UART_TxCpltCallback
                0x0000000008000870       0x14 Adaptors/adaptor.o
                0x0000000008000870                HAL_UART_TxCpltCallback
 .text.get_uniqueid
                0x0000000008000884       0x44 Adaptors/adaptor.o
                0x0000000008000884                get_uniqueid
 .text.get_flash_memory_info
                0x00000000080008c8       0x28 Adaptors/adaptor.o
                0x00000000080008c8                get_flash_memory_info
 .text.write_to_flash
                0x00000000080008f0       0x68 Adaptors/adaptor.o
                0x00000000080008f0                write_to_flash
 .text.erase_flash
                0x0000000008000958       0x52 Adaptors/adaptor.o
                0x0000000008000958                erase_flash
 *fill*         0x00000000080009aa        0x2 
 .text.hal_get_encoder_value
                0x00000000080009ac       0x1c Adaptors/adaptor.o
                0x00000000080009ac                hal_get_encoder_value
 .text.initiate_runtime
                0x00000000080009c8       0x1c Adaptors/adaptor.o
                0x00000000080009c8                initiate_runtime
 .text.main     0x00000000080009e4       0x44 Core/Src/main.o
                0x00000000080009e4                main
 .text.SystemClock_Config
                0x0000000008000a28      0x118 Core/Src/main.o
                0x0000000008000a28                SystemClock_Config
 .text.MX_ADC1_Init
                0x0000000008000b40       0xc0 Core/Src/main.o
 .text.MX_SPI1_Init
                0x0000000008000c00       0x7c Core/Src/main.o
 .text.MX_TIM1_Init
                0x0000000008000c7c       0xb4 Core/Src/main.o
 .text.MX_TIM4_Init
                0x0000000008000d30       0xf0 Core/Src/main.o
 .text.MX_TIM6_Init
                0x0000000008000e20       0x6c Core/Src/main.o
 .text.MX_UART7_Init
                0x0000000008000e8c       0x60 Core/Src/main.o
 .text.MX_DMA_Init
                0x0000000008000eec       0x3c Core/Src/main.o
 .text.MX_GPIO_Init
                0x0000000008000f28      0x218 Core/Src/main.o
 .text.Error_Handler
                0x0000000008001140       0x18 Core/Src/main.o
                0x0000000008001140                Error_Handler
 .text.HAL_MspInit
                0x0000000008001158       0x48 Core/Src/stm32f7xx_hal_msp.o
                0x0000000008001158                HAL_MspInit
 .text.HAL_ADC_MspInit
                0x00000000080011a0      0x12c Core/Src/stm32f7xx_hal_msp.o
                0x00000000080011a0                HAL_ADC_MspInit
 .text.HAL_SPI_MspInit
                0x00000000080012cc       0x88 Core/Src/stm32f7xx_hal_msp.o
                0x00000000080012cc                HAL_SPI_MspInit
 .text.HAL_TIM_Encoder_MspInit
                0x0000000008001354       0x88 Core/Src/stm32f7xx_hal_msp.o
                0x0000000008001354                HAL_TIM_Encoder_MspInit
 .text.HAL_TIM_Base_MspInit
                0x00000000080013dc       0x74 Core/Src/stm32f7xx_hal_msp.o
                0x00000000080013dc                HAL_TIM_Base_MspInit
 .text.HAL_TIM_MspPostInit
                0x0000000008001450       0x70 Core/Src/stm32f7xx_hal_msp.o
                0x0000000008001450                HAL_TIM_MspPostInit
 .text.HAL_UART_MspInit
                0x00000000080014c0       0x98 Core/Src/stm32f7xx_hal_msp.o
                0x00000000080014c0                HAL_UART_MspInit
 .text.NMI_Handler
                0x0000000008001558        0x6 Core/Src/stm32f7xx_it.o
                0x0000000008001558                NMI_Handler
 .text.HardFault_Handler
                0x000000000800155e        0x6 Core/Src/stm32f7xx_it.o
                0x000000000800155e                HardFault_Handler
 .text.MemManage_Handler
                0x0000000008001564        0x6 Core/Src/stm32f7xx_it.o
                0x0000000008001564                MemManage_Handler
 .text.BusFault_Handler
                0x000000000800156a        0x6 Core/Src/stm32f7xx_it.o
                0x000000000800156a                BusFault_Handler
 .text.UsageFault_Handler
                0x0000000008001570        0x6 Core/Src/stm32f7xx_it.o
                0x0000000008001570                UsageFault_Handler
 .text.SVC_Handler
                0x0000000008001576        0xe Core/Src/stm32f7xx_it.o
                0x0000000008001576                SVC_Handler
 .text.DebugMon_Handler
                0x0000000008001584        0xe Core/Src/stm32f7xx_it.o
                0x0000000008001584                DebugMon_Handler
 .text.PendSV_Handler
                0x0000000008001592        0xe Core/Src/stm32f7xx_it.o
                0x0000000008001592                PendSV_Handler
 .text.SysTick_Handler
                0x00000000080015a0        0xc Core/Src/stm32f7xx_it.o
                0x00000000080015a0                SysTick_Handler
 .text.ADC_IRQHandler
                0x00000000080015ac       0x14 Core/Src/stm32f7xx_it.o
                0x00000000080015ac                ADC_IRQHandler
 .text.EXTI9_5_IRQHandler
                0x00000000080015c0       0x22 Core/Src/stm32f7xx_it.o
                0x00000000080015c0                EXTI9_5_IRQHandler
 *fill*         0x00000000080015e2        0x2 
 .text.TIM6_DAC_IRQHandler
                0x00000000080015e4       0x14 Core/Src/stm32f7xx_it.o
                0x00000000080015e4                TIM6_DAC_IRQHandler
 .text.DMA2_Stream0_IRQHandler
                0x00000000080015f8       0x14 Core/Src/stm32f7xx_it.o
                0x00000000080015f8                DMA2_Stream0_IRQHandler
 .text.UART7_IRQHandler
                0x000000000800160c       0x14 Core/Src/stm32f7xx_it.o
                0x000000000800160c                UART7_IRQHandler
 .text.SystemInit
                0x0000000008001620       0x24 Core/Src/system_stm32f7xx.o
                0x0000000008001620                SystemInit
 .text.Reset_Handler
                0x0000000008001644       0x50 Core/Startup/startup_stm32f767zitx.o
                0x0000000008001644                Reset_Handler
 .text.Default_Handler
                0x0000000008001694        0x2 Core/Startup/startup_stm32f767zitx.o
                0x0000000008001694                RTC_Alarm_IRQHandler
                0x0000000008001694                EXTI2_IRQHandler
                0x0000000008001694                TIM8_CC_IRQHandler
                0x0000000008001694                UART8_IRQHandler
                0x0000000008001694                SPI4_IRQHandler
                0x0000000008001694                TIM1_CC_IRQHandler
                0x0000000008001694                DMA2_Stream5_IRQHandler
                0x0000000008001694                JPEG_IRQHandler
                0x0000000008001694                DMA1_Stream5_IRQHandler
                0x0000000008001694                CAN3_RX1_IRQHandler
                0x0000000008001694                PVD_IRQHandler
                0x0000000008001694                TAMP_STAMP_IRQHandler
                0x0000000008001694                CAN2_RX1_IRQHandler
                0x0000000008001694                EXTI3_IRQHandler
                0x0000000008001694                TIM8_TRG_COM_TIM14_IRQHandler
                0x0000000008001694                DFSDM1_FLT1_IRQHandler
                0x0000000008001694                TIM1_UP_TIM10_IRQHandler
                0x0000000008001694                TIM8_UP_TIM13_IRQHandler
                0x0000000008001694                I2C3_ER_IRQHandler
                0x0000000008001694                DFSDM1_FLT2_IRQHandler
                0x0000000008001694                EXTI0_IRQHandler
                0x0000000008001694                I2C2_EV_IRQHandler
                0x0000000008001694                DMA1_Stream2_IRQHandler
                0x0000000008001694                CAN1_RX0_IRQHandler
                0x0000000008001694                FPU_IRQHandler
                0x0000000008001694                OTG_HS_WKUP_IRQHandler
                0x0000000008001694                CAN3_SCE_IRQHandler
                0x0000000008001694                LTDC_ER_IRQHandler
                0x0000000008001694                CAN2_SCE_IRQHandler
                0x0000000008001694                DMA2_Stream2_IRQHandler
                0x0000000008001694                SPI1_IRQHandler
                0x0000000008001694                TIM1_BRK_TIM9_IRQHandler
                0x0000000008001694                DCMI_IRQHandler
                0x0000000008001694                CAN2_RX0_IRQHandler
                0x0000000008001694                DMA2_Stream3_IRQHandler
                0x0000000008001694                SAI2_IRQHandler
                0x0000000008001694                DFSDM1_FLT3_IRQHandler
                0x0000000008001694                USART6_IRQHandler
                0x0000000008001694                CAN3_RX0_IRQHandler
                0x0000000008001694                USART3_IRQHandler
                0x0000000008001694                CAN1_RX1_IRQHandler
                0x0000000008001694                UART5_IRQHandler
                0x0000000008001694                TIM4_IRQHandler
                0x0000000008001694                QUADSPI_IRQHandler
                0x0000000008001694                I2C1_EV_IRQHandler
                0x0000000008001694                DMA1_Stream6_IRQHandler
                0x0000000008001694                DMA1_Stream1_IRQHandler
                0x0000000008001694                UART4_IRQHandler
                0x0000000008001694                TIM3_IRQHandler
                0x0000000008001694                RCC_IRQHandler
                0x0000000008001694                TIM8_BRK_TIM12_IRQHandler
                0x0000000008001694                Default_Handler
                0x0000000008001694                CEC_IRQHandler
                0x0000000008001694                EXTI15_10_IRQHandler
                0x0000000008001694                DMA1_Stream7_IRQHandler
                0x0000000008001694                SPI5_IRQHandler
                0x0000000008001694                TIM7_IRQHandler
                0x0000000008001694                SDMMC1_IRQHandler
                0x0000000008001694                CAN2_TX_IRQHandler
                0x0000000008001694                TIM5_IRQHandler
                0x0000000008001694                DMA2_Stream7_IRQHandler
                0x0000000008001694                I2C3_EV_IRQHandler
                0x0000000008001694                RTC_WKUP_IRQHandler
                0x0000000008001694                LTDC_IRQHandler
                0x0000000008001694                ETH_WKUP_IRQHandler
                0x0000000008001694                SPDIF_RX_IRQHandler
                0x0000000008001694                SPI2_IRQHandler
                0x0000000008001694                OTG_HS_EP1_IN_IRQHandler
                0x0000000008001694                DMA1_Stream0_IRQHandler
                0x0000000008001694                CAN1_TX_IRQHandler
                0x0000000008001694                EXTI4_IRQHandler
                0x0000000008001694                RNG_IRQHandler
                0x0000000008001694                ETH_IRQHandler
                0x0000000008001694                OTG_HS_EP1_OUT_IRQHandler
                0x0000000008001694                WWDG_IRQHandler
                0x0000000008001694                SPI6_IRQHandler
                0x0000000008001694                MDIOS_IRQHandler
                0x0000000008001694                I2C4_EV_IRQHandler
                0x0000000008001694                CAN3_TX_IRQHandler
                0x0000000008001694                TIM2_IRQHandler
                0x0000000008001694                OTG_FS_WKUP_IRQHandler
                0x0000000008001694                TIM1_TRG_COM_TIM11_IRQHandler
                0x0000000008001694                OTG_HS_IRQHandler
                0x0000000008001694                DMA2D_IRQHandler
                0x0000000008001694                EXTI1_IRQHandler
                0x0000000008001694                SDMMC2_IRQHandler
                0x0000000008001694                USART2_IRQHandler
                0x0000000008001694                DFSDM1_FLT0_IRQHandler
                0x0000000008001694                I2C2_ER_IRQHandler
                0x0000000008001694                DMA2_Stream1_IRQHandler
                0x0000000008001694                CAN1_SCE_IRQHandler
                0x0000000008001694                FLASH_IRQHandler
                0x0000000008001694                DMA2_Stream4_IRQHandler
                0x0000000008001694                USART1_IRQHandler
                0x0000000008001694                OTG_FS_IRQHandler
                0x0000000008001694                SPI3_IRQHandler
                0x0000000008001694                DMA1_Stream4_IRQHandler
                0x0000000008001694                I2C1_ER_IRQHandler
                0x0000000008001694                FMC_IRQHandler
                0x0000000008001694                LPTIM1_IRQHandler
                0x0000000008001694                I2C4_ER_IRQHandler
                0x0000000008001694                DMA2_Stream6_IRQHandler
                0x0000000008001694                SAI1_IRQHandler
                0x0000000008001694                DMA1_Stream3_IRQHandler
 .text.HAL_Init
                0x0000000008001696       0x1a Drivers/STM32F7xx_HAL_Driver/Src/stm32f7xx_hal.o
                0x0000000008001696                HAL_Init
 .text.HAL_InitTick
                0x00000000080016b0       0x60 Drivers/STM32F7xx_HAL_Driver/Src/stm32f7xx_hal.o
                0x00000000080016b0                HAL_InitTick
 .text.HAL_IncTick
                0x0000000008001710       0x28 Drivers/STM32F7xx_HAL_Driver/Src/stm32f7xx_hal.o
                0x0000000008001710                HAL_IncTick
 .text.HAL_GetTick
                0x0000000008001738       0x18 Drivers/STM32F7xx_HAL_Driver/Src/stm32f7xx_hal.o
                0x0000000008001738                HAL_GetTick
 .text.HAL_ADC_Init
                0x0000000008001750       0x88 Drivers/STM32F7xx_HAL_Driver/Src/stm32f7xx_hal_adc.o
                0x0000000008001750                HAL_ADC_Init
 .text.HAL_ADC_IRQHandler
                0x00000000080017d8      0x282 Drivers/STM32F7xx_HAL_Driver/Src/stm32f7xx_hal_adc.o
                0x00000000080017d8                HAL_ADC_IRQHandler
 *fill*         0x0000000008001a5a        0x2 
 .text.HAL_ADC_Start_DMA
                0x0000000008001a5c      0x1f4 Drivers/STM32F7xx_HAL_Driver/Src/stm32f7xx_hal_adc.o
                0x0000000008001a5c                HAL_ADC_Start_DMA
 .text.HAL_ADC_ConvHalfCpltCallback
                0x0000000008001c50       0x14 Drivers/STM32F7xx_HAL_Driver/Src/stm32f7xx_hal_adc.o
                0x0000000008001c50                HAL_ADC_ConvHalfCpltCallback
 .text.HAL_ADC_LevelOutOfWindowCallback
                0x0000000008001c64       0x14 Drivers/STM32F7xx_HAL_Driver/Src/stm32f7xx_hal_adc.o
                0x0000000008001c64                HAL_ADC_LevelOutOfWindowCallback
 .text.HAL_ADC_ErrorCallback
                0x0000000008001c78       0x14 Drivers/STM32F7xx_HAL_Driver/Src/stm32f7xx_hal_adc.o
                0x0000000008001c78                HAL_ADC_ErrorCallback
 .text.HAL_ADC_ConfigChannel
                0x0000000008001c8c      0x294 Drivers/STM32F7xx_HAL_Driver/Src/stm32f7xx_hal_adc.o
                0x0000000008001c8c                HAL_ADC_ConfigChannel
 .text.ADC_Init
                0x0000000008001f20      0x1f4 Drivers/STM32F7xx_HAL_Driver/Src/stm32f7xx_hal_adc.o
 .text.ADC_DMAConvCplt
                0x0000000008002114       0xba Drivers/STM32F7xx_HAL_Driver/Src/stm32f7xx_hal_adc.o
 .text.ADC_DMAHalfConvCplt
                0x00000000080021ce       0x1c Drivers/STM32F7xx_HAL_Driver/Src/stm32f7xx_hal_adc.o
 .text.ADC_DMAError
                0x00000000080021ea       0x2e Drivers/STM32F7xx_HAL_Driver/Src/stm32f7xx_hal_adc.o
 .text.HAL_ADCEx_InjectedConvCpltCallback
                0x0000000008002218       0x14 Drivers/STM32F7xx_HAL_Driver/Src/stm32f7xx_hal_adc_ex.o
                0x0000000008002218                HAL_ADCEx_InjectedConvCpltCallback
 .text.__NVIC_SetPriorityGrouping
                0x000000000800222c       0x48 Drivers/STM32F7xx_HAL_Driver/Src/stm32f7xx_hal_cortex.o
 .text.__NVIC_GetPriorityGrouping
                0x0000000008002274       0x1c Drivers/STM32F7xx_HAL_Driver/Src/stm32f7xx_hal_cortex.o
 .text.__NVIC_EnableIRQ
                0x0000000008002290       0x3c Drivers/STM32F7xx_HAL_Driver/Src/stm32f7xx_hal_cortex.o
 .text.__NVIC_SetPriority
                0x00000000080022cc       0x54 Drivers/STM32F7xx_HAL_Driver/Src/stm32f7xx_hal_cortex.o
 .text.NVIC_EncodePriority
                0x0000000008002320       0x66 Drivers/STM32F7xx_HAL_Driver/Src/stm32f7xx_hal_cortex.o
 *fill*         0x0000000008002386        0x2 
 .text.SysTick_Config
                0x0000000008002388       0x44 Drivers/STM32F7xx_HAL_Driver/Src/stm32f7xx_hal_cortex.o
 .text.HAL_NVIC_SetPriorityGrouping
                0x00000000080023cc       0x16 Drivers/STM32F7xx_HAL_Driver/Src/stm32f7xx_hal_cortex.o
                0x00000000080023cc                HAL_NVIC_SetPriorityGrouping
 .text.HAL_NVIC_SetPriority
                0x00000000080023e2       0x38 Drivers/STM32F7xx_HAL_Driver/Src/stm32f7xx_hal_cortex.o
                0x00000000080023e2                HAL_NVIC_SetPriority
 .text.HAL_NVIC_EnableIRQ
                0x000000000800241a       0x1c Drivers/STM32F7xx_HAL_Driver/Src/stm32f7xx_hal_cortex.o
                0x000000000800241a                HAL_NVIC_EnableIRQ
 .text.HAL_SYSTICK_Config
                0x0000000008002436       0x18 Drivers/STM32F7xx_HAL_Driver/Src/stm32f7xx_hal_cortex.o
                0x0000000008002436                HAL_SYSTICK_Config
 *fill*         0x000000000800244e        0x2 
 .text.HAL_DMA_Init
                0x0000000008002450      0x15c Drivers/STM32F7xx_HAL_Driver/Src/stm32f7xx_hal_dma.o
                0x0000000008002450                HAL_DMA_Init
 .text.HAL_DMA_Start_IT
                0x00000000080025ac       0xc0 Drivers/STM32F7xx_HAL_Driver/Src/stm32f7xx_hal_dma.o
                0x00000000080025ac                HAL_DMA_Start_IT
 .text.HAL_DMA_Abort
                0x000000000800266c       0xe0 Drivers/STM32F7xx_HAL_Driver/Src/stm32f7xx_hal_dma.o
                0x000000000800266c                HAL_DMA_Abort
 .text.HAL_DMA_Abort_IT
                0x000000000800274c       0x44 Drivers/STM32F7xx_HAL_Driver/Src/stm32f7xx_hal_dma.o
                0x000000000800274c                HAL_DMA_Abort_IT
 .text.HAL_DMA_IRQHandler
                0x0000000008002790      0x314 Drivers/STM32F7xx_HAL_Driver/Src/stm32f7xx_hal_dma.o
                0x0000000008002790                HAL_DMA_IRQHandler
 .text.DMA_SetConfig
                0x0000000008002aa4       0x5c Drivers/STM32F7xx_HAL_Driver/Src/stm32f7xx_hal_dma.o
 .text.DMA_CalcBaseAndBitshift
                0x0000000008002b00       0x6c Drivers/STM32F7xx_HAL_Driver/Src/stm32f7xx_hal_dma.o
 .text.DMA_CheckFifoParam
                0x0000000008002b6c       0xf8 Drivers/STM32F7xx_HAL_Driver/Src/stm32f7xx_hal_dma.o
 .text.HAL_FLASH_Program
                0x0000000008002c64       0xb8 Drivers/STM32F7xx_HAL_Driver/Src/stm32f7xx_hal_flash.o
                0x0000000008002c64                HAL_FLASH_Program
 .text.HAL_FLASH_Unlock
                0x0000000008002d1c       0x44 Drivers/STM32F7xx_HAL_Driver/Src/stm32f7xx_hal_flash.o
                0x0000000008002d1c                HAL_FLASH_Unlock
 .text.HAL_FLASH_Lock
                0x0000000008002d60       0x20 Drivers/STM32F7xx_HAL_Driver/Src/stm32f7xx_hal_flash.o
                0x0000000008002d60                HAL_FLASH_Lock
 .text.FLASH_WaitForLastOperation
                0x0000000008002d80       0x80 Drivers/STM32F7xx_HAL_Driver/Src/stm32f7xx_hal_flash.o
                0x0000000008002d80                FLASH_WaitForLastOperation
 .text.FLASH_Program_DoubleWord
                0x0000000008002e00       0x6c Drivers/STM32F7xx_HAL_Driver/Src/stm32f7xx_hal_flash.o
 .text.FLASH_Program_Word
                0x0000000008002e6c       0x4c Drivers/STM32F7xx_HAL_Driver/Src/stm32f7xx_hal_flash.o
 .text.FLASH_Program_HalfWord
                0x0000000008002eb8       0x4c Drivers/STM32F7xx_HAL_Driver/Src/stm32f7xx_hal_flash.o
 .text.FLASH_Program_Byte
                0x0000000008002f04       0x48 Drivers/STM32F7xx_HAL_Driver/Src/stm32f7xx_hal_flash.o
 .text.FLASH_SetErrorCode
                0x0000000008002f4c       0x94 Drivers/STM32F7xx_HAL_Driver/Src/stm32f7xx_hal_flash.o
 .text.HAL_FLASHEx_Erase
                0x0000000008002fe0       0xe0 Drivers/STM32F7xx_HAL_Driver/Src/stm32f7xx_hal_flash_ex.o
                0x0000000008002fe0                HAL_FLASHEx_Erase
 .text.FLASH_MassErase
                0x00000000080030c0       0x78 Drivers/STM32F7xx_HAL_Driver/Src/stm32f7xx_hal_flash_ex.o
 .text.FLASH_Erase_Sector
                0x0000000008003138       0xa4 Drivers/STM32F7xx_HAL_Driver/Src/stm32f7xx_hal_flash_ex.o
                0x0000000008003138                FLASH_Erase_Sector
 .text.HAL_GPIO_Init
                0x00000000080031dc      0x358 Drivers/STM32F7xx_HAL_Driver/Src/stm32f7xx_hal_gpio.o
                0x00000000080031dc                HAL_GPIO_Init
 .text.HAL_GPIO_ReadPin
                0x0000000008003534       0x30 Drivers/STM32F7xx_HAL_Driver/Src/stm32f7xx_hal_gpio.o
                0x0000000008003534                HAL_GPIO_ReadPin
 .text.HAL_GPIO_WritePin
                0x0000000008003564       0x32 Drivers/STM32F7xx_HAL_Driver/Src/stm32f7xx_hal_gpio.o
                0x0000000008003564                HAL_GPIO_WritePin
 .text.HAL_GPIO_TogglePin
                0x0000000008003596       0x34 Drivers/STM32F7xx_HAL_Driver/Src/stm32f7xx_hal_gpio.o
                0x0000000008003596                HAL_GPIO_TogglePin
 *fill*         0x00000000080035ca        0x2 
 .text.HAL_GPIO_EXTI_IRQHandler
                0x00000000080035cc       0x30 Drivers/STM32F7xx_HAL_Driver/Src/stm32f7xx_hal_gpio.o
                0x00000000080035cc                HAL_GPIO_EXTI_IRQHandler
 .text.HAL_GPIO_EXTI_Callback
                0x00000000080035fc       0x16 Drivers/STM32F7xx_HAL_Driver/Src/stm32f7xx_hal_gpio.o
                0x00000000080035fc                HAL_GPIO_EXTI_Callback
 *fill*         0x0000000008003612        0x2 
 .text.HAL_RCC_OscConfig
                0x0000000008003614      0x55c Drivers/STM32F7xx_HAL_Driver/Src/stm32f7xx_hal_rcc.o
                0x0000000008003614                HAL_RCC_OscConfig
 .text.HAL_RCC_ClockConfig
                0x0000000008003b70      0x1d8 Drivers/STM32F7xx_HAL_Driver/Src/stm32f7xx_hal_rcc.o
                0x0000000008003b70                HAL_RCC_ClockConfig
 .text.HAL_RCC_GetSysClockFreq
                0x0000000008003d48      0x16c Drivers/STM32F7xx_HAL_Driver/Src/stm32f7xx_hal_rcc.o
                0x0000000008003d48                HAL_RCC_GetSysClockFreq
 .text.HAL_RCC_GetHCLKFreq
                0x0000000008003eb4       0x18 Drivers/STM32F7xx_HAL_Driver/Src/stm32f7xx_hal_rcc.o
                0x0000000008003eb4                HAL_RCC_GetHCLKFreq
 .text.HAL_RCC_GetPCLK1Freq
                0x0000000008003ecc       0x28 Drivers/STM32F7xx_HAL_Driver/Src/stm32f7xx_hal_rcc.o
                0x0000000008003ecc                HAL_RCC_GetPCLK1Freq
 .text.HAL_RCC_GetPCLK2Freq
                0x0000000008003ef4       0x28 Drivers/STM32F7xx_HAL_Driver/Src/stm32f7xx_hal_rcc.o
                0x0000000008003ef4                HAL_RCC_GetPCLK2Freq
 .text.HAL_RCCEx_PeriphCLKConfig
                0x0000000008003f1c      0x850 Drivers/STM32F7xx_HAL_Driver/Src/stm32f7xx_hal_rcc_ex.o
                0x0000000008003f1c                HAL_RCCEx_PeriphCLKConfig
 .text.HAL_SPI_Init
                0x000000000800476c      0x156 Drivers/STM32F7xx_HAL_Driver/Src/stm32f7xx_hal_spi.o
                0x000000000800476c                HAL_SPI_Init
 .text.HAL_TIM_Base_Init
                0x00000000080048c2       0xae Drivers/STM32F7xx_HAL_Driver/Src/stm32f7xx_hal_tim.o
                0x00000000080048c2                HAL_TIM_Base_Init
 .text.HAL_TIM_Base_Start_IT
                0x0000000008004970       0xf0 Drivers/STM32F7xx_HAL_Driver/Src/stm32f7xx_hal_tim.o
                0x0000000008004970                HAL_TIM_Base_Start_IT
 .text.HAL_TIM_PWM_Init
                0x0000000008004a60       0xae Drivers/STM32F7xx_HAL_Driver/Src/stm32f7xx_hal_tim.o
                0x0000000008004a60                HAL_TIM_PWM_Init
 .text.HAL_TIM_PWM_MspInit
                0x0000000008004b0e       0x14 Drivers/STM32F7xx_HAL_Driver/Src/stm32f7xx_hal_tim.o
                0x0000000008004b0e                HAL_TIM_PWM_MspInit
 *fill*         0x0000000008004b22        0x2 
 .text.HAL_TIM_Encoder_Init
                0x0000000008004b24      0x14c Drivers/STM32F7xx_HAL_Driver/Src/stm32f7xx_hal_tim.o
                0x0000000008004b24                HAL_TIM_Encoder_Init
 .text.HAL_TIM_Encoder_Start
                0x0000000008004c70      0x11c Drivers/STM32F7xx_HAL_Driver/Src/stm32f7xx_hal_tim.o
                0x0000000008004c70                HAL_TIM_Encoder_Start
 .text.HAL_TIM_IRQHandler
                0x0000000008004d8c      0x23e Drivers/STM32F7xx_HAL_Driver/Src/stm32f7xx_hal_tim.o
                0x0000000008004d8c                HAL_TIM_IRQHandler
 *fill*         0x0000000008004fca        0x2 
 .text.HAL_TIM_PWM_ConfigChannel
                0x0000000008004fcc      0x220 Drivers/STM32F7xx_HAL_Driver/Src/stm32f7xx_hal_tim.o
                0x0000000008004fcc                HAL_TIM_PWM_ConfigChannel
 .text.HAL_TIM_ConfigClockSource
                0x00000000080051ec      0x18c Drivers/STM32F7xx_HAL_Driver/Src/stm32f7xx_hal_tim.o
                0x00000000080051ec                HAL_TIM_ConfigClockSource
 .text.HAL_TIM_OC_DelayElapsedCallback
                0x0000000008005378       0x14 Drivers/STM32F7xx_HAL_Driver/Src/stm32f7xx_hal_tim.o
                0x0000000008005378                HAL_TIM_OC_DelayElapsedCallback
 .text.HAL_TIM_IC_CaptureCallback
                0x000000000800538c       0x14 Drivers/STM32F7xx_HAL_Driver/Src/stm32f7xx_hal_tim.o
                0x000000000800538c                HAL_TIM_IC_CaptureCallback
 .text.HAL_TIM_PWM_PulseFinishedCallback
                0x00000000080053a0       0x14 Drivers/STM32F7xx_HAL_Driver/Src/stm32f7xx_hal_tim.o
                0x00000000080053a0                HAL_TIM_PWM_PulseFinishedCallback
 .text.HAL_TIM_TriggerCallback
                0x00000000080053b4       0x14 Drivers/STM32F7xx_HAL_Driver/Src/stm32f7xx_hal_tim.o
                0x00000000080053b4                HAL_TIM_TriggerCallback
 .text.TIM_Base_SetConfig
                0x00000000080053c8      0x140 Drivers/STM32F7xx_HAL_Driver/Src/stm32f7xx_hal_tim.o
                0x00000000080053c8                TIM_Base_SetConfig
 .text.TIM_OC1_SetConfig
                0x0000000008005508       0xe4 Drivers/STM32F7xx_HAL_Driver/Src/stm32f7xx_hal_tim.o
 .text.TIM_OC2_SetConfig
                0x00000000080055ec       0xf0 Drivers/STM32F7xx_HAL_Driver/Src/stm32f7xx_hal_tim.o
                0x00000000080055ec                TIM_OC2_SetConfig
 .text.TIM_OC3_SetConfig
                0x00000000080056dc       0xec Drivers/STM32F7xx_HAL_Driver/Src/stm32f7xx_hal_tim.o
 .text.TIM_OC4_SetConfig
                0x00000000080057c8       0xb0 Drivers/STM32F7xx_HAL_Driver/Src/stm32f7xx_hal_tim.o
 .text.TIM_OC5_SetConfig
                0x0000000008005878       0xa4 Drivers/STM32F7xx_HAL_Driver/Src/stm32f7xx_hal_tim.o
 .text.TIM_OC6_SetConfig
                0x000000000800591c       0xa8 Drivers/STM32F7xx_HAL_Driver/Src/stm32f7xx_hal_tim.o
 .text.TIM_TI1_ConfigInputStage
                0x00000000080059c4       0x5e Drivers/STM32F7xx_HAL_Driver/Src/stm32f7xx_hal_tim.o
 .text.TIM_TI2_ConfigInputStage
                0x0000000008005a22       0x60 Drivers/STM32F7xx_HAL_Driver/Src/stm32f7xx_hal_tim.o
 .text.TIM_ITRx_SetConfig
                0x0000000008005a82       0x36 Drivers/STM32F7xx_HAL_Driver/Src/stm32f7xx_hal_tim.o
 .text.TIM_ETR_SetConfig
                0x0000000008005ab8       0x40 Drivers/STM32F7xx_HAL_Driver/Src/stm32f7xx_hal_tim.o
                0x0000000008005ab8                TIM_ETR_SetConfig
 .text.TIM_CCxChannelCmd
                0x0000000008005af8       0x4a Drivers/STM32F7xx_HAL_Driver/Src/stm32f7xx_hal_tim.o
                0x0000000008005af8                TIM_CCxChannelCmd
 *fill*         0x0000000008005b42        0x2 
 .text.HAL_TIMEx_MasterConfigSynchronization
                0x0000000008005b44      0x11c Drivers/STM32F7xx_HAL_Driver/Src/stm32f7xx_hal_tim_ex.o
                0x0000000008005b44                HAL_TIMEx_MasterConfigSynchronization
 .text.HAL_TIMEx_CommutCallback
                0x0000000008005c60       0x14 Drivers/STM32F7xx_HAL_Driver/Src/stm32f7xx_hal_tim_ex.o
                0x0000000008005c60                HAL_TIMEx_CommutCallback
 .text.HAL_TIMEx_BreakCallback
                0x0000000008005c74       0x14 Drivers/STM32F7xx_HAL_Driver/Src/stm32f7xx_hal_tim_ex.o
                0x0000000008005c74                HAL_TIMEx_BreakCallback
 .text.HAL_TIMEx_Break2Callback
                0x0000000008005c88       0x14 Drivers/STM32F7xx_HAL_Driver/Src/stm32f7xx_hal_tim_ex.o
                0x0000000008005c88                HAL_TIMEx_Break2Callback
 .text.HAL_UART_Init
                0x0000000008005c9c       0x9c Drivers/STM32F7xx_HAL_Driver/Src/stm32f7xx_hal_uart.o
                0x0000000008005c9c                HAL_UART_Init
 .text.HAL_UART_Transmit_IT
                0x0000000008005d38       0xb8 Drivers/STM32F7xx_HAL_Driver/Src/stm32f7xx_hal_uart.o
                0x0000000008005d38                HAL_UART_Transmit_IT
 .text.HAL_UART_Receive_IT
                0x0000000008005df0       0x7a Drivers/STM32F7xx_HAL_Driver/Src/stm32f7xx_hal_uart.o
                0x0000000008005df0                HAL_UART_Receive_IT
 *fill*         0x0000000008005e6a        0x2 
 .text.HAL_UART_IRQHandler
                0x0000000008005e6c      0x400 Drivers/STM32F7xx_HAL_Driver/Src/stm32f7xx_hal_uart.o
                0x0000000008005e6c                HAL_UART_IRQHandler
 .text.HAL_UART_ErrorCallback
                0x000000000800626c       0x14 Drivers/STM32F7xx_HAL_Driver/Src/stm32f7xx_hal_uart.o
                0x000000000800626c                HAL_UART_ErrorCallback
 .text.HAL_UARTEx_RxEventCallback
                0x0000000008006280       0x18 Drivers/STM32F7xx_HAL_Driver/Src/stm32f7xx_hal_uart.o
                0x0000000008006280                HAL_UARTEx_RxEventCallback
 .text.HAL_UARTEx_WakeupCallback
                0x0000000008006298       0x14 Drivers/STM32F7xx_HAL_Driver/Src/stm32f7xx_hal_uart.o
                0x0000000008006298                HAL_UARTEx_WakeupCallback
 .text.UART_SetConfig
                0x00000000080062ac      0x4c4 Drivers/STM32F7xx_HAL_Driver/Src/stm32f7xx_hal_uart.o
                0x00000000080062ac                UART_SetConfig
 .text.UART_AdvFeatureConfig
                0x0000000008006770      0x144 Drivers/STM32F7xx_HAL_Driver/Src/stm32f7xx_hal_uart.o
                0x0000000008006770                UART_AdvFeatureConfig
 .text.UART_CheckIdleState
                0x00000000080068b4       0x92 Drivers/STM32F7xx_HAL_Driver/Src/stm32f7xx_hal_uart.o
                0x00000000080068b4                UART_CheckIdleState
 .text.UART_WaitOnFlagUntilTimeout
                0x0000000008006946       0xf8 Drivers/STM32F7xx_HAL_Driver/Src/stm32f7xx_hal_uart.o
                0x0000000008006946                UART_WaitOnFlagUntilTimeout
 *fill*         0x0000000008006a3e        0x2 
 .text.UART_Start_Receive_IT
                0x0000000008006a40      0x110 Drivers/STM32F7xx_HAL_Driver/Src/stm32f7xx_hal_uart.o
                0x0000000008006a40                UART_Start_Receive_IT
 .text.UART_EndRxTransfer
                0x0000000008006b50       0x5e Drivers/STM32F7xx_HAL_Driver/Src/stm32f7xx_hal_uart.o
 .text.UART_DMAAbortOnError
                0x0000000008006bae       0x2c Drivers/STM32F7xx_HAL_Driver/Src/stm32f7xx_hal_uart.o
 .text.UART_TxISR_8BIT
                0x0000000008006bda       0x72 Drivers/STM32F7xx_HAL_Driver/Src/stm32f7xx_hal_uart.o
 .text.UART_TxISR_16BIT
                0x0000000008006c4c       0x7c Drivers/STM32F7xx_HAL_Driver/Src/stm32f7xx_hal_uart.o
 .text.UART_EndTransmit_IT
                0x0000000008006cc8       0x32 Drivers/STM32F7xx_HAL_Driver/Src/stm32f7xx_hal_uart.o
 .text.UART_RxISR_8BIT
                0x0000000008006cfa       0xd4 Drivers/STM32F7xx_HAL_Driver/Src/stm32f7xx_hal_uart.o
 .text.UART_RxISR_16BIT
                0x0000000008006dce       0xd4 Drivers/STM32F7xx_HAL_Driver/Src/stm32f7xx_hal_uart.o
 *fill*         0x0000000008006ea2        0x2 
 .text.get_paramAddrTable
                0x0000000008006ea4       0x14 D:\work\techsafe\MCRuntime\dev_mcrt\mcrt\Debug_STM32_M7\libMCRuntime_V1.a(mcCore.o)
                0x0000000008006ea4                get_paramAddrTable
 .text.writeToFBTable
                0x0000000008006eb8       0x48 D:\work\techsafe\MCRuntime\dev_mcrt\mcrt\Debug_STM32_M7\libMCRuntime_V1.a(mcCore.o)
                0x0000000008006eb8                writeToFBTable
 .text.createParameter
                0x0000000008006f00       0x4c D:\work\techsafe\MCRuntime\dev_mcrt\mcrt\Debug_STM32_M7\libMCRuntime_V1.a(mcCore.o)
                0x0000000008006f00                createParameter
 .text.make_connection
                0x0000000008006f4c       0x30 D:\work\techsafe\MCRuntime\dev_mcrt\mcrt\Debug_STM32_M7\libMCRuntime_V1.a(mcCore.o)
                0x0000000008006f4c                make_connection
 .text.initiate_mccore
                0x0000000008006f7c       0x28 D:\work\techsafe\MCRuntime\dev_mcrt\mcrt\Debug_STM32_M7\libMCRuntime_V1.a(mcCore.o)
                0x0000000008006f7c                initiate_mccore
 .text.initiate_circuit
                0x0000000008006fa4        0xc D:\work\techsafe\MCRuntime\dev_mcrt\mcrt\Debug_STM32_M7\libMCRuntime_V1.a(mcCore.o)
                0x0000000008006fa4                initiate_circuit
 .text.run_one_cycle
                0x0000000008006fb0       0x44 D:\work\techsafe\MCRuntime\dev_mcrt\mcrt\Debug_STM32_M7\libMCRuntime_V1.a(mcCore.o)
                0x0000000008006fb0                run_one_cycle
 .text.mcCore_SM
                0x0000000008006ff4       0x94 D:\work\techsafe\MCRuntime\dev_mcrt\mcrt\Debug_STM32_M7\libMCRuntime_V1.a(mcCore.o)
                0x0000000008006ff4                mcCore_SM
 .text.get_gpd  0x0000000008007088       0x14 D:\work\techsafe\MCRuntime\dev_mcrt\mcrt\Debug_STM32_M7\libMCRuntime_V1.a(persistent_vars.o)
                0x0000000008007088                get_gpd
 .text.init_persistent_data_structure
                0x000000000800709c       0x40 D:\work\techsafe\MCRuntime\dev_mcrt\mcrt\Debug_STM32_M7\libMCRuntime_V1.a(persistent_vars.o)
                0x000000000800709c                init_persistent_data_structure
 .text.read_persistent_data_structure
                0x00000000080070dc       0x7c D:\work\techsafe\MCRuntime\dev_mcrt\mcrt\Debug_STM32_M7\libMCRuntime_V1.a(persistent_vars.o)
                0x00000000080070dc                read_persistent_data_structure
 .text.write_persistent_data_structure
                0x0000000008007158       0x18 D:\work\techsafe\MCRuntime\dev_mcrt\mcrt\Debug_STM32_M7\libMCRuntime_V1.a(persistent_vars.o)
                0x0000000008007158                write_persistent_data_structure
 .text.Record_To_Modbus_GPD
                0x0000000008007170       0x28 D:\work\techsafe\MCRuntime\dev_mcrt\mcrt\Debug_STM32_M7\libMCRuntime_V1.a(persistent_vars.o)
                0x0000000008007170                Record_To_Modbus_GPD
 .text.create_display_test_circuit
                0x0000000008007198       0x48 D:\work\techsafe\MCRuntime\dev_mcrt\mcrt\Debug_STM32_M7\libMCRuntime_V1.a(test_circuits.o)
                0x0000000008007198                create_display_test_circuit
 .text.init_uniqueid
                0x00000000080071e0       0x66 D:\work\techsafe\MCRuntime\dev_mcrt\mcrt\Debug_STM32_M7\libMCRuntime_V1.a(uniqueid.o)
                0x00000000080071e0                init_uniqueid
 .text.Channel_Mapping
                0x0000000008007246       0x20 D:\work\techsafe\MCRuntime\dev_mcrt\mcrt\Debug_STM32_M7\libMCRuntime_V1.a(comm_service.o)
                0x0000000008007246                Channel_Mapping
 .text.Runtime_CommDataService_NewData_Received
                0x0000000008007266       0x56 D:\work\techsafe\MCRuntime\dev_mcrt\mcrt\Debug_STM32_M7\libMCRuntime_V1.a(comm_service.o)
                0x0000000008007266                Runtime_CommDataService_NewData_Received
 .text.Runtime_CommDataService_Process_DataBuffer
                0x00000000080072bc       0x52 D:\work\techsafe\MCRuntime\dev_mcrt\mcrt\Debug_STM32_M7\libMCRuntime_V1.a(comm_service.o)
                0x00000000080072bc                Runtime_CommDataService_Process_DataBuffer
 *fill*         0x000000000800730e        0x2 
 .text.get_Modbus_Buf_Holding_Registers_40001
                0x0000000008007310       0x14 D:\work\techsafe\MCRuntime\dev_mcrt\mcrt\Debug_STM32_M7\libMCRuntime_V1.a(modbus_slave.o)
                0x0000000008007310                get_Modbus_Buf_Holding_Registers_40001
 .text.get_Modbus_Buf_Input_Registers_30001
                0x0000000008007324       0x14 D:\work\techsafe\MCRuntime\dev_mcrt\mcrt\Debug_STM32_M7\libMCRuntime_V1.a(modbus_slave.o)
                0x0000000008007324                get_Modbus_Buf_Input_Registers_30001
 .text.get_MODBUS_SLAVE_ADDR
                0x0000000008007338       0x14 D:\work\techsafe\MCRuntime\dev_mcrt\mcrt\Debug_STM32_M7\libMCRuntime_V1.a(modbus_slave.o)
                0x0000000008007338                get_MODBUS_SLAVE_ADDR
 .text.get_low_byte
                0x000000000800734c       0x1a D:\work\techsafe\MCRuntime\dev_mcrt\mcrt\Debug_STM32_M7\libMCRuntime_V1.a(modbus_slave.o)
                0x000000000800734c                get_low_byte
 .text.get_hi_byte
                0x0000000008007366       0x1e D:\work\techsafe\MCRuntime\dev_mcrt\mcrt\Debug_STM32_M7\libMCRuntime_V1.a(modbus_slave.o)
                0x0000000008007366                get_hi_byte
 .text.modbus_byte2word
                0x0000000008007384       0x2a D:\work\techsafe\MCRuntime\dev_mcrt\mcrt\Debug_STM32_M7\libMCRuntime_V1.a(modbus_slave.o)
                0x0000000008007384                modbus_byte2word
 *fill*         0x00000000080073ae        0x2 
 .text.modbus_slave_prep_resp_data
                0x00000000080073b0      0x338 D:\work\techsafe\MCRuntime\dev_mcrt\mcrt\Debug_STM32_M7\libMCRuntime_V1.a(modbus_slave.o)
                0x00000000080073b0                modbus_slave_prep_resp_data
 .text.modbus_slave_tx
                0x00000000080076e8       0x20 D:\work\techsafe\MCRuntime\dev_mcrt\mcrt\Debug_STM32_M7\libMCRuntime_V1.a(modbus_slave.o)
                0x00000000080076e8                modbus_slave_tx
 .text.modbus_slave_rx
                0x0000000008007708      0x17c D:\work\techsafe\MCRuntime\dev_mcrt\mcrt\Debug_STM32_M7\libMCRuntime_V1.a(modbus_slave.o)
                0x0000000008007708                modbus_slave_rx
 .text.CRC16    0x0000000008007884       0x54 D:\work\techsafe\MCRuntime\dev_mcrt\mcrt\Debug_STM32_M7\libMCRuntime_V1.a(modbus_slave.o)
                0x0000000008007884                CRC16
 .text.fb_gui_display
                0x00000000080078d8      0x188 D:\work\techsafe\MCRuntime\dev_mcrt\mcrt\Debug_STM32_M7\libMCRuntime_V1.a(fb_gui_display.o)
                0x00000000080078d8                fb_gui_display
 .text.create_fb_gui_display
                0x0000000008007a60       0xc8 D:\work\techsafe\MCRuntime\dev_mcrt\mcrt\Debug_STM32_M7\libMCRuntime_V1.a(fb_gui_display.o)
                0x0000000008007a60                create_fb_gui_display
 .text.fb_text  0x0000000008007b28       0x16 D:\work\techsafe\MCRuntime\dev_mcrt\mcrt\Debug_STM32_M7\libMCRuntime_V1.a(fb_text.o)
                0x0000000008007b28                fb_text
 *fill*         0x0000000008007b3e        0x2 
 .text.create_fb_text
                0x0000000008007b40       0x6c D:\work\techsafe\MCRuntime\dev_mcrt\mcrt\Debug_STM32_M7\libMCRuntime_V1.a(fb_text.o)
                0x0000000008007b40                create_fb_text
 .text.parser_create_connection
                0x0000000008007bac       0x26 D:\work\techsafe\MCRuntime\dev_mcrt\mcrt\Debug_STM32_M7\libMCRuntime_V1.a(Parser.o)
                0x0000000008007bac                parser_create_connection
 .text.parser_addwatch
                0x0000000008007bd2       0x1c D:\work\techsafe\MCRuntime\dev_mcrt\mcrt\Debug_STM32_M7\libMCRuntime_V1.a(Parser.o)
                0x0000000008007bd2                parser_addwatch
 .text.parser_removewatch
                0x0000000008007bee       0x1c D:\work\techsafe\MCRuntime\dev_mcrt\mcrt\Debug_STM32_M7\libMCRuntime_V1.a(Parser.o)
                0x0000000008007bee                parser_removewatch
 .text.parser_monitor
                0x0000000008007c0a       0x16 D:\work\techsafe\MCRuntime\dev_mcrt\mcrt\Debug_STM32_M7\libMCRuntime_V1.a(Parser.o)
                0x0000000008007c0a                parser_monitor
 .text.Parser   0x0000000008007c20       0xe8 D:\work\techsafe\MCRuntime\dev_mcrt\mcrt\Debug_STM32_M7\libMCRuntime_V1.a(Parser.o)
                0x0000000008007c20                Parser
 .text.get_deployment_ch
                0x0000000008007d08       0x14 D:\work\techsafe\MCRuntime\dev_mcrt\mcrt\Debug_STM32_M7\libMCRuntime_V1.a(deployment.o)
                0x0000000008007d08                get_deployment_ch
 .text.deployment_data_validity_check
                0x0000000008007d1c       0x30 D:\work\techsafe\MCRuntime\dev_mcrt\mcrt\Debug_STM32_M7\libMCRuntime_V1.a(deployment.o)
                0x0000000008007d1c                deployment_data_validity_check
 .text.init_deployment_ch
                0x0000000008007d4c       0x28 D:\work\techsafe\MCRuntime\dev_mcrt\mcrt\Debug_STM32_M7\libMCRuntime_V1.a(deployment.o)
                0x0000000008007d4c                init_deployment_ch
 .text.check_for_available_memory
                0x0000000008007d74       0x3e D:\work\techsafe\MCRuntime\dev_mcrt\mcrt\Debug_STM32_M7\libMCRuntime_V1.a(fcb.o)
 *fill*         0x0000000008007db2        0x2 
 .text.write_flash_block
                0x0000000008007db4       0x58 D:\work\techsafe\MCRuntime\dev_mcrt\mcrt\Debug_STM32_M7\libMCRuntime_V1.a(fcb.o)
 .text.get_current_address
                0x0000000008007e0c       0x74 D:\work\techsafe\MCRuntime\dev_mcrt\mcrt\Debug_STM32_M7\libMCRuntime_V1.a(fcb.o)
 .text.write_flash_data
                0x0000000008007e80       0x68 D:\work\techsafe\MCRuntime\dev_mcrt\mcrt\Debug_STM32_M7\libMCRuntime_V1.a(fcb.o)
                0x0000000008007e80                write_flash_data
 .text.get_flash_data
                0x0000000008007ee8       0x2c D:\work\techsafe\MCRuntime\dev_mcrt\mcrt\Debug_STM32_M7\libMCRuntime_V1.a(fcb.o)
                0x0000000008007ee8                get_flash_data
 .text.addWatch
                0x0000000008007f14       0x3c D:\work\techsafe\MCRuntime\dev_mcrt\mcrt\Debug_STM32_M7\libMCRuntime_V1.a(mcCore_Watch.o)
                0x0000000008007f14                addWatch
 .text.removeWatch
                0x0000000008007f50       0x7c D:\work\techsafe\MCRuntime\dev_mcrt\mcrt\Debug_STM32_M7\libMCRuntime_V1.a(mcCore_Watch.o)
                0x0000000008007f50                removeWatch
 .text.monitor  0x0000000008007fcc       0x80 D:\work\techsafe\MCRuntime\dev_mcrt\mcrt\Debug_STM32_M7\libMCRuntime_V1.a(mcCore_Watch.o)
                0x0000000008007fcc                monitor
 .text.get_text_element_table
                0x000000000800804c       0x14 D:\work\techsafe\MCRuntime\dev_mcrt\mcrt\Debug_STM32_M7\libMCRuntime_V1.a(text_table.o)
                0x000000000800804c                get_text_element_table
 .text.get_next_text_element
                0x0000000008008060       0x4c D:\work\techsafe\MCRuntime\dev_mcrt\mcrt\Debug_STM32_M7\libMCRuntime_V1.a(text_table.o)
 .text.create_text_table_entry
                0x00000000080080ac       0x68 D:\work\techsafe\MCRuntime\dev_mcrt\mcrt\Debug_STM32_M7\libMCRuntime_V1.a(text_table.o)
                0x00000000080080ac                create_text_table_entry
 .text.Display_String
                0x0000000008008114       0x1a D:\work\techsafe\MCRuntime\dev_mcrt\mcrt\Debug_STM32_M7\libMCRuntime_V1.a(adaptor.o)
                0x0000000008008114                Display_String
 .text.Display_Number
                0x000000000800812e       0x1a D:\work\techsafe\MCRuntime\dev_mcrt\mcrt\Debug_STM32_M7\libMCRuntime_V1.a(adaptor.o)
                0x000000000800812e                Display_Number
 .text.fb_and_parser
                0x0000000008008148       0x28 D:\work\techsafe\MCRuntime\dev_mcrt\mcrt\Debug_STM32_M7\libMCRuntime_V1.a(fb_and.o)
                0x0000000008008148                fb_and_parser
 .text.fb_and   0x0000000008008170      0x10c D:\work\techsafe\MCRuntime\dev_mcrt\mcrt\Debug_STM32_M7\libMCRuntime_V1.a(fb_and.o)
                0x0000000008008170                fb_and
 .text.create_fb_and
                0x000000000800827c       0x90 D:\work\techsafe\MCRuntime\dev_mcrt\mcrt\Debug_STM32_M7\libMCRuntime_V1.a(fb_and.o)
                0x000000000800827c                create_fb_and
 .text.fb_nand_parser
                0x000000000800830c       0x28 D:\work\techsafe\MCRuntime\dev_mcrt\mcrt\Debug_STM32_M7\libMCRuntime_V1.a(fb_nand.o)
                0x000000000800830c                fb_nand_parser
 .text.fb_nand  0x0000000008008334      0x118 D:\work\techsafe\MCRuntime\dev_mcrt\mcrt\Debug_STM32_M7\libMCRuntime_V1.a(fb_nand.o)
                0x0000000008008334                fb_nand
 .text.create_fb_nand
                0x000000000800844c       0x90 D:\work\techsafe\MCRuntime\dev_mcrt\mcrt\Debug_STM32_M7\libMCRuntime_V1.a(fb_nand.o)
                0x000000000800844c                create_fb_nand
 .text.fb_nor_parser
                0x00000000080084dc       0x18 D:\work\techsafe\MCRuntime\dev_mcrt\mcrt\Debug_STM32_M7\libMCRuntime_V1.a(fb_nor.o)
                0x00000000080084dc                fb_nor_parser
 .text.fb_nor   0x00000000080084f4       0xcc D:\work\techsafe\MCRuntime\dev_mcrt\mcrt\Debug_STM32_M7\libMCRuntime_V1.a(fb_nor.o)
                0x00000000080084f4                fb_nor
 .text.create_fb_nor
                0x00000000080085c0       0x80 D:\work\techsafe\MCRuntime\dev_mcrt\mcrt\Debug_STM32_M7\libMCRuntime_V1.a(fb_nor.o)
                0x00000000080085c0                create_fb_nor
 .text.fb_not_parser
                0x0000000008008640       0x32 D:\work\techsafe\MCRuntime\dev_mcrt\mcrt\Debug_STM32_M7\libMCRuntime_V1.a(fb_not.o)
                0x0000000008008640                fb_not_parser
 .text.fb_not   0x0000000008008672       0x9e D:\work\techsafe\MCRuntime\dev_mcrt\mcrt\Debug_STM32_M7\libMCRuntime_V1.a(fb_not.o)
                0x0000000008008672                fb_not
 .text.create_fb_not
                0x0000000008008710       0x74 D:\work\techsafe\MCRuntime\dev_mcrt\mcrt\Debug_STM32_M7\libMCRuntime_V1.a(fb_not.o)
                0x0000000008008710                create_fb_not
 .text.fb_or_parser
                0x0000000008008784       0x28 D:\work\techsafe\MCRuntime\dev_mcrt\mcrt\Debug_STM32_M7\libMCRuntime_V1.a(fb_or.o)
                0x0000000008008784                fb_or_parser
 .text.fb_or    0x00000000080087ac      0x10c D:\work\techsafe\MCRuntime\dev_mcrt\mcrt\Debug_STM32_M7\libMCRuntime_V1.a(fb_or.o)
                0x00000000080087ac                fb_or
 .text.create_fb_or
                0x00000000080088b8       0x90 D:\work\techsafe\MCRuntime\dev_mcrt\mcrt\Debug_STM32_M7\libMCRuntime_V1.a(fb_or.o)
                0x00000000080088b8                create_fb_or
 .text.fb_xor_parser
                0x0000000008008948       0x18 D:\work\techsafe\MCRuntime\dev_mcrt\mcrt\Debug_STM32_M7\libMCRuntime_V1.a(fb_xor.o)
                0x0000000008008948                fb_xor_parser
 .text.fb_xor   0x0000000008008960       0x9c D:\work\techsafe\MCRuntime\dev_mcrt\mcrt\Debug_STM32_M7\libMCRuntime_V1.a(fb_xor.o)
                0x0000000008008960                fb_xor
 .text.create_fb_xor
                0x00000000080089fc       0x74 D:\work\techsafe\MCRuntime\dev_mcrt\mcrt\Debug_STM32_M7\libMCRuntime_V1.a(fb_xor.o)
                0x00000000080089fc                create_fb_xor
 .text.fb_condition_parser
                0x0000000008008a70       0x28 D:\work\techsafe\MCRuntime\dev_mcrt\mcrt\Debug_STM32_M7\libMCRuntime_V1.a(fb_condition.o)
                0x0000000008008a70                fb_condition_parser
 .text.fb_condition
                0x0000000008008a98      0x164 D:\work\techsafe\MCRuntime\dev_mcrt\mcrt\Debug_STM32_M7\libMCRuntime_V1.a(fb_condition.o)
                0x0000000008008a98                fb_condition
 .text.create_fb_condition
                0x0000000008008bfc       0x7c D:\work\techsafe\MCRuntime\dev_mcrt\mcrt\Debug_STM32_M7\libMCRuntime_V1.a(fb_condition.o)
                0x0000000008008bfc                create_fb_condition
 .text.fb_cycle_parser
                0x0000000008008c78       0x90 D:\work\techsafe\MCRuntime\dev_mcrt\mcrt\Debug_STM32_M7\libMCRuntime_V1.a(fb_cycle.o)
                0x0000000008008c78                fb_cycle_parser
 .text.fb_cycle
                0x0000000008008d08      0x162 D:\work\techsafe\MCRuntime\dev_mcrt\mcrt\Debug_STM32_M7\libMCRuntime_V1.a(fb_cycle.o)
                0x0000000008008d08                fb_cycle
 *fill*         0x0000000008008e6a        0x2 
 .text.create_fb_cycle
                0x0000000008008e6c       0xb8 D:\work\techsafe\MCRuntime\dev_mcrt\mcrt\Debug_STM32_M7\libMCRuntime_V1.a(fb_cycle.o)
                0x0000000008008e6c                create_fb_cycle
 .text.fb_hsc_parser
                0x0000000008008f24       0x54 D:\work\techsafe\MCRuntime\dev_mcrt\mcrt\Debug_STM32_M7\libMCRuntime_V1.a(fb_hsc.o)
                0x0000000008008f24                fb_hsc_parser
 .text.fb_hsc   0x0000000008008f78      0x100 D:\work\techsafe\MCRuntime\dev_mcrt\mcrt\Debug_STM32_M7\libMCRuntime_V1.a(fb_hsc.o)
                0x0000000008008f78                fb_hsc
 .text.create_fb_hsc
                0x0000000008009078       0xbc D:\work\techsafe\MCRuntime\dev_mcrt\mcrt\Debug_STM32_M7\libMCRuntime_V1.a(fb_hsc.o)
                0x0000000008009078                create_fb_hsc
 .text.fb_inputpin_parser
                0x0000000008009134       0x32 D:\work\techsafe\MCRuntime\dev_mcrt\mcrt\Debug_STM32_M7\libMCRuntime_V1.a(fb_inputpin.o)
                0x0000000008009134                fb_inputpin_parser
 .text.fb_inputpin
                0x0000000008009166       0x86 D:\work\techsafe\MCRuntime\dev_mcrt\mcrt\Debug_STM32_M7\libMCRuntime_V1.a(fb_inputpin.o)
                0x0000000008009166                fb_inputpin
 .text.create_fb_inputpin
                0x00000000080091ec       0x74 D:\work\techsafe\MCRuntime\dev_mcrt\mcrt\Debug_STM32_M7\libMCRuntime_V1.a(fb_inputpin.o)
                0x00000000080091ec                create_fb_inputpin
 .text.fb_jy_parser
                0x0000000008009260       0x32 D:\work\techsafe\MCRuntime\dev_mcrt\mcrt\Debug_STM32_M7\libMCRuntime_V1.a(fb_jy.o)
                0x0000000008009260                fb_jy_parser
 .text.fb_jy    0x0000000008009292      0x106 D:\work\techsafe\MCRuntime\dev_mcrt\mcrt\Debug_STM32_M7\libMCRuntime_V1.a(fb_jy.o)
                0x0000000008009292                fb_jy
 .text.create_fb_jy
                0x0000000008009398       0xb0 D:\work\techsafe\MCRuntime\dev_mcrt\mcrt\Debug_STM32_M7\libMCRuntime_V1.a(fb_jy.o)
                0x0000000008009398                create_fb_jy
 .text.fb_number_parser
                0x0000000008009448       0x30 D:\work\techsafe\MCRuntime\dev_mcrt\mcrt\Debug_STM32_M7\libMCRuntime_V1.a(fb_number.o)
                0x0000000008009448                fb_number_parser
 .text.fb_number
                0x0000000008009478       0x16 D:\work\techsafe\MCRuntime\dev_mcrt\mcrt\Debug_STM32_M7\libMCRuntime_V1.a(fb_number.o)
                0x0000000008009478                fb_number
 *fill*         0x000000000800948e        0x2 
 .text.create_fb_number
                0x0000000008009490       0x50 D:\work\techsafe\MCRuntime\dev_mcrt\mcrt\Debug_STM32_M7\libMCRuntime_V1.a(fb_number.o)
                0x0000000008009490                create_fb_number
 .text.fb_output_pin_parser
                0x00000000080094e0       0x3c D:\work\techsafe\MCRuntime\dev_mcrt\mcrt\Debug_STM32_M7\libMCRuntime_V1.a(fb_outputpin.o)
                0x00000000080094e0                fb_output_pin_parser
 .text.fb_outputpin
                0x000000000800951c       0xc6 D:\work\techsafe\MCRuntime\dev_mcrt\mcrt\Debug_STM32_M7\libMCRuntime_V1.a(fb_outputpin.o)
                0x000000000800951c                fb_outputpin
 *fill*         0x00000000080095e2        0x2 
 .text.create_fb_outputpin
                0x00000000080095e4       0x90 D:\work\techsafe\MCRuntime\dev_mcrt\mcrt\Debug_STM32_M7\libMCRuntime_V1.a(fb_outputpin.o)
                0x00000000080095e4                create_fb_outputpin
 .text.fb_rmhr_parser
                0x0000000008009674       0x32 D:\work\techsafe\MCRuntime\dev_mcrt\mcrt\Debug_STM32_M7\libMCRuntime_V1.a(fb_rmhr.o)
                0x0000000008009674                fb_rmhr_parser
 .text.fb_rmhr  0x00000000080096a6       0x90 D:\work\techsafe\MCRuntime\dev_mcrt\mcrt\Debug_STM32_M7\libMCRuntime_V1.a(fb_rmhr.o)
                0x00000000080096a6                fb_rmhr
 *fill*         0x0000000008009736        0x2 
 .text.create_fb_rmhr
                0x0000000008009738       0x74 D:\work\techsafe\MCRuntime\dev_mcrt\mcrt\Debug_STM32_M7\libMCRuntime_V1.a(fb_rmhr.o)
                0x0000000008009738                create_fb_rmhr
 .text.fb_step_parser
                0x00000000080097ac       0x24 D:\work\techsafe\MCRuntime\dev_mcrt\mcrt\Debug_STM32_M7\libMCRuntime_V1.a(fb_step.o)
                0x00000000080097ac                fb_step_parser
 .text.fb_step  0x00000000080097d0      0x13e D:\work\techsafe\MCRuntime\dev_mcrt\mcrt\Debug_STM32_M7\libMCRuntime_V1.a(fb_step.o)
                0x00000000080097d0                fb_step
 *fill*         0x000000000800990e        0x2 
 .text.create_fb_step
                0x0000000008009910       0xa0 D:\work\techsafe\MCRuntime\dev_mcrt\mcrt\Debug_STM32_M7\libMCRuntime_V1.a(fb_step.o)
                0x0000000008009910                create_fb_step
 .text.fb_timer_tp_parser
                0x00000000080099b0       0x40 D:\work\techsafe\MCRuntime\dev_mcrt\mcrt\Debug_STM32_M7\libMCRuntime_V1.a(fb_timer_tp.o)
                0x00000000080099b0                fb_timer_tp_parser
 .text.fb_timer_tp
                0x00000000080099f0      0x178 D:\work\techsafe\MCRuntime\dev_mcrt\mcrt\Debug_STM32_M7\libMCRuntime_V1.a(fb_timer_tp.o)
                0x00000000080099f0                fb_timer_tp
 .text.create_fb_timer_tp
                0x0000000008009b68       0x8c D:\work\techsafe\MCRuntime\dev_mcrt\mcrt\Debug_STM32_M7\libMCRuntime_V1.a(fb_timer_tp.o)
                0x0000000008009b68                create_fb_timer_tp
 .text.fb_wmhr_parser
                0x0000000008009bf4       0x32 D:\work\techsafe\MCRuntime\dev_mcrt\mcrt\Debug_STM32_M7\libMCRuntime_V1.a(fb_wmhr.o)
                0x0000000008009bf4                fb_wmhr_parser
 .text.fb_wmhr  0x0000000008009c26      0x138 D:\work\techsafe\MCRuntime\dev_mcrt\mcrt\Debug_STM32_M7\libMCRuntime_V1.a(fb_wmhr.o)
                0x0000000008009c26                fb_wmhr
 *fill*         0x0000000008009d5e        0x2 
 .text.create_fb_wmhr
                0x0000000008009d60       0x8c D:\work\techsafe\MCRuntime\dev_mcrt\mcrt\Debug_STM32_M7\libMCRuntime_V1.a(fb_wmhr.o)
                0x0000000008009d60                create_fb_wmhr
 .text.__libc_init_array
                0x0000000008009dec       0x48 c:/st/stm32cubeide_1.5.1/stm32cubeide/plugins/com.st.stm32cube.ide.mcu.externaltools.gnu-tools-for-stm32.9-2020-q2-update.win32_1.5.0.202011040924/tools/bin/../lib/gcc/arm-none-eabi/9.3.1/../../../../arm-none-eabi/lib/thumb/v7e-m+dp/hard\libc_nano.a(lib_a-init.o)
                0x0000000008009dec                __libc_init_array
 .text.memcpy   0x0000000008009e34       0x1c c:/st/stm32cubeide_1.5.1/stm32cubeide/plugins/com.st.stm32cube.ide.mcu.externaltools.gnu-tools-for-stm32.9-2020-q2-update.win32_1.5.0.202011040924/tools/bin/../lib/gcc/arm-none-eabi/9.3.1/../../../../arm-none-eabi/lib/thumb/v7e-m+dp/hard\libc_nano.a(lib_a-memcpy-stub.o)
                0x0000000008009e34                memcpy
 .text.memset   0x0000000008009e50       0x10 c:/st/stm32cubeide_1.5.1/stm32cubeide/plugins/com.st.stm32cube.ide.mcu.externaltools.gnu-tools-for-stm32.9-2020-q2-update.win32_1.5.0.202011040924/tools/bin/../lib/gcc/arm-none-eabi/9.3.1/../../../../arm-none-eabi/lib/thumb/v7e-m+dp/hard\libc_nano.a(lib_a-memset.o)
                0x0000000008009e50                memset
 *(.glue_7)
 .glue_7        0x0000000008009e60        0x0 linker stubs
 *(.glue_7t)
 .glue_7t       0x0000000008009e60        0x0 linker stubs
 *(.eh_frame)
 .eh_frame      0x0000000008009e60        0x0 c:/st/stm32cubeide_1.5.1/stm32cubeide/plugins/com.st.stm32cube.ide.mcu.externaltools.gnu-tools-for-stm32.9-2020-q2-update.win32_1.5.0.202011040924/tools/bin/../lib/gcc/arm-none-eabi/9.3.1/thumb/v7e-m+dp/hard/crtbegin.o
 *(.init)
 .init          0x0000000008009e60        0x4 c:/st/stm32cubeide_1.5.1/stm32cubeide/plugins/com.st.stm32cube.ide.mcu.externaltools.gnu-tools-for-stm32.9-2020-q2-update.win32_1.5.0.202011040924/tools/bin/../lib/gcc/arm-none-eabi/9.3.1/thumb/v7e-m+dp/hard/crti.o
                0x0000000008009e60                _init
 .init          0x0000000008009e64        0x8 c:/st/stm32cubeide_1.5.1/stm32cubeide/plugins/com.st.stm32cube.ide.mcu.externaltools.gnu-tools-for-stm32.9-2020-q2-update.win32_1.5.0.202011040924/tools/bin/../lib/gcc/arm-none-eabi/9.3.1/thumb/v7e-m+dp/hard/crtn.o
 *(.fini)
 .fini          0x0000000008009e6c        0x4 c:/st/stm32cubeide_1.5.1/stm32cubeide/plugins/com.st.stm32cube.ide.mcu.externaltools.gnu-tools-for-stm32.9-2020-q2-update.win32_1.5.0.202011040924/tools/bin/../lib/gcc/arm-none-eabi/9.3.1/thumb/v7e-m+dp/hard/crti.o
                0x0000000008009e6c                _fini
 .fini          0x0000000008009e70        0x8 c:/st/stm32cubeide_1.5.1/stm32cubeide/plugins/com.st.stm32cube.ide.mcu.externaltools.gnu-tools-for-stm32.9-2020-q2-update.win32_1.5.0.202011040924/tools/bin/../lib/gcc/arm-none-eabi/9.3.1/thumb/v7e-m+dp/hard/crtn.o
                0x0000000008009e78                . = ALIGN (0x4)
                0x0000000008009e78                _etext = .

.vfp11_veneer   0x0000000008009e78        0x0
 .vfp11_veneer  0x0000000008009e78        0x0 linker stubs

.v4_bx          0x0000000008009e78        0x0
 .v4_bx         0x0000000008009e78        0x0 linker stubs

.iplt           0x0000000008009e78        0x0
 .iplt          0x0000000008009e78        0x0 c:/st/stm32cubeide_1.5.1/stm32cubeide/plugins/com.st.stm32cube.ide.mcu.externaltools.gnu-tools-for-stm32.9-2020-q2-update.win32_1.5.0.202011040924/tools/bin/../lib/gcc/arm-none-eabi/9.3.1/thumb/v7e-m+dp/hard/crtbegin.o

.rodata         0x0000000008009e78      0x228
                0x0000000008009e78                . = ALIGN (0x4)
 *(.rodata)
 .rodata        0x0000000008009e78        0x8 D:\work\techsafe\MCRuntime\dev_mcrt\mcrt\Debug_STM32_M7\libMCRuntime_V1.a(test_circuits.o)
 *(.rodata*)
 .rodata.AHBPrescTable
                0x0000000008009e80       0x10 Core/Src/system_stm32f7xx.o
                0x0000000008009e80                AHBPrescTable
 .rodata.APBPrescTable
                0x0000000008009e90        0x8 Core/Src/system_stm32f7xx.o
                0x0000000008009e90                APBPrescTable
 .rodata.flagBitshiftOffset.9400
                0x0000000008009e98        0x8 Drivers/STM32F7xx_HAL_Driver/Src/stm32f7xx_hal_dma.o
 .rodata.wCRCTable.5660
                0x0000000008009ea0      0x200 D:\work\techsafe\MCRuntime\dev_mcrt\mcrt\Debug_STM32_M7\libMCRuntime_V1.a(modbus_slave.o)
                0x000000000800a0a0                . = ALIGN (0x4)

.ARM.extab      0x000000000800a0a0        0x0
                0x000000000800a0a0                . = ALIGN (0x4)
 *(.ARM.extab* .gnu.linkonce.armextab.*)
                0x000000000800a0a0                . = ALIGN (0x4)

.ARM            0x000000000800a0a0        0x8
                0x000000000800a0a0                . = ALIGN (0x4)
                0x000000000800a0a0                __exidx_start = .
 *(.ARM.exidx*)
 .ARM.exidx     0x000000000800a0a0        0x8 c:/st/stm32cubeide_1.5.1/stm32cubeide/plugins/com.st.stm32cube.ide.mcu.externaltools.gnu-tools-for-stm32.9-2020-q2-update.win32_1.5.0.202011040924/tools/bin/../lib/gcc/arm-none-eabi/9.3.1/thumb/v7e-m+dp/hard\libgcc.a(_udivmoddi4.o)
                0x000000000800a0a8                __exidx_end = .
                0x000000000800a0a8                . = ALIGN (0x4)

.rel.dyn        0x000000000800a0a8        0x0
 .rel.iplt      0x000000000800a0a8        0x0 c:/st/stm32cubeide_1.5.1/stm32cubeide/plugins/com.st.stm32cube.ide.mcu.externaltools.gnu-tools-for-stm32.9-2020-q2-update.win32_1.5.0.202011040924/tools/bin/../lib/gcc/arm-none-eabi/9.3.1/thumb/v7e-m+dp/hard/crtbegin.o

.preinit_array  0x000000000800a0a8        0x0
                0x000000000800a0a8                . = ALIGN (0x4)
                0x000000000800a0a8                PROVIDE (__preinit_array_start = .)
 *(.preinit_array*)
                0x000000000800a0a8                PROVIDE (__preinit_array_end = .)
                0x000000000800a0a8                . = ALIGN (0x4)

.init_array     0x000000000800a0a8        0x4
                0x000000000800a0a8                . = ALIGN (0x4)
                0x000000000800a0a8                PROVIDE (__init_array_start = .)
 *(SORT_BY_NAME(.init_array.*))
 *(.init_array*)
 .init_array    0x000000000800a0a8        0x4 c:/st/stm32cubeide_1.5.1/stm32cubeide/plugins/com.st.stm32cube.ide.mcu.externaltools.gnu-tools-for-stm32.9-2020-q2-update.win32_1.5.0.202011040924/tools/bin/../lib/gcc/arm-none-eabi/9.3.1/thumb/v7e-m+dp/hard/crtbegin.o
                0x000000000800a0ac                PROVIDE (__init_array_end = .)
                0x000000000800a0ac                . = ALIGN (0x4)

.fini_array     0x000000000800a0ac        0x4
                0x000000000800a0ac                . = ALIGN (0x4)
                [!provide]                        PROVIDE (__fini_array_start = .)
 *(SORT_BY_NAME(.fini_array.*))
 *(.fini_array*)
 .fini_array    0x000000000800a0ac        0x4 c:/st/stm32cubeide_1.5.1/stm32cubeide/plugins/com.st.stm32cube.ide.mcu.externaltools.gnu-tools-for-stm32.9-2020-q2-update.win32_1.5.0.202011040924/tools/bin/../lib/gcc/arm-none-eabi/9.3.1/thumb/v7e-m+dp/hard/crtbegin.o
                [!provide]                        PROVIDE (__fini_array_end = .)
                0x000000000800a0b0                . = ALIGN (0x4)
                0x000000000800a0b0                _sidata = LOADADDR (.data)

.data           0x0000000020000000       0x8c load address 0x000000000800a0b0
                0x0000000020000000                . = ALIGN (0x4)
                0x0000000020000000                _sdata = .
 *(.data)
 *(.data*)
 .data.adc_info
                0x0000000020000000       0x28 Adaptors/adaptor.o
 .data.ra       0x0000000020000028        0x8 Adaptors/adaptor.o
                0x0000000020000028                ra
 .data.SystemCoreClock
                0x0000000020000030        0x4 Core/Src/system_stm32f7xx.o
                0x0000000020000030                SystemCoreClock
 .data.uwTickPrio
                0x0000000020000034        0x4 Drivers/STM32F7xx_HAL_Driver/Src/stm32f7xx_hal.o
                0x0000000020000034                uwTickPrio
 .data.uwTickFreq
                0x0000000020000038        0x1 Drivers/STM32F7xx_HAL_Driver/Src/stm32f7xx_hal.o
                0x0000000020000038                uwTickFreq
 .data.mcCore_state.6038
                0x0000000020000039        0x1 D:\work\techsafe\MCRuntime\dev_mcrt\mcrt\Debug_STM32_M7\libMCRuntime_V1.a(mcCore.o)
 .data.MODBUS_SLAVE_ADDR
                0x000000002000003a        0x1 D:\work\techsafe\MCRuntime\dev_mcrt\mcrt\Debug_STM32_M7\libMCRuntime_V1.a(modbus_slave.o)
                0x000000002000003a                MODBUS_SLAVE_ADDR
 *fill*         0x000000002000003b        0x1 
 .data.fb_parsers
                0x000000002000003c       0x50 D:\work\techsafe\MCRuntime\dev_mcrt\mcrt\Debug_STM32_M7\libMCRuntime_V1.a(Parser.o)
                0x000000002000003c                fb_parsers
                0x000000002000008c                . = ALIGN (0x4)
                0x000000002000008c                _edata = .

.igot.plt       0x000000002000008c        0x0 load address 0x000000000800a13c
 .igot.plt      0x000000002000008c        0x0 c:/st/stm32cubeide_1.5.1/stm32cubeide/plugins/com.st.stm32cube.ide.mcu.externaltools.gnu-tools-for-stm32.9-2020-q2-update.win32_1.5.0.202011040924/tools/bin/../lib/gcc/arm-none-eabi/9.3.1/thumb/v7e-m+dp/hard/crtbegin.o
                0x000000002000008c                . = ALIGN (0x4)

.bss            0x000000002000008c      0xc20 load address 0x000000000800a13c
                0x000000002000008c                _sbss = .
                0x000000002000008c                __bss_start__ = _sbss
 *(.bss)
 .bss           0x000000002000008c       0x1c c:/st/stm32cubeide_1.5.1/stm32cubeide/plugins/com.st.stm32cube.ide.mcu.externaltools.gnu-tools-for-stm32.9-2020-q2-update.win32_1.5.0.202011040924/tools/bin/../lib/gcc/arm-none-eabi/9.3.1/thumb/v7e-m+dp/hard/crtbegin.o
 *(.bss*)
 .bss.inputChannel
                0x00000000200000a8       0x20 Adaptors/adaptor.o
 .bss.outputChannel
                0x00000000200000c8       0x18 Adaptors/adaptor.o
 .bss.analog_input_channel
                0x00000000200000e0       0x10 Adaptors/adaptor.o
 .bss.counter_hal_dma
                0x00000000200000f0        0x4 Adaptors/adaptor.o
                0x00000000200000f0                counter_hal_dma
 .bss.counter_dma_callback
                0x00000000200000f4        0x4 Adaptors/adaptor.o
                0x00000000200000f4                counter_dma_callback
 .bss.deployment_ch
                0x00000000200000f8       0x50 D:\work\techsafe\MCRuntime\dev_mcrt\mcrt\Debug_STM32_M7\libMCRuntime_V1.a(deployment.o)
                0x00000000200000f8                deployment_ch
 .bss.text_element_table
                0x0000000020000148      0x282 D:\work\techsafe\MCRuntime\dev_mcrt\mcrt\Debug_STM32_M7\libMCRuntime_V1.a(text_table.o)
                0x0000000020000148                text_element_table
 *(COMMON)
 COMMON         0x00000000200003ca        0x1 Adaptors/adaptor.o
                0x00000000200003ca                uart_rx_data
 *fill*         0x00000000200003cb        0x1 
 COMMON         0x00000000200003cc      0x2c8 Core/Src/main.o
                0x00000000200003cc                huart7
                0x0000000020000450                htim4
                0x000000002000049c                joystick_button_time_start
                0x00000000200004c4                Encoder_button_time_start
                0x00000000200004ec                hadc1
                0x0000000020000534                value_adc
                0x0000000020000538                hdma_adc1
                0x0000000020000598                htim6
                0x00000000200005e4                htim1
                0x0000000020000630                hspi1
 COMMON         0x0000000020000694        0x4 Drivers/STM32F7xx_HAL_Driver/Src/stm32f7xx_hal.o
                0x0000000020000694                uwTick
 COMMON         0x0000000020000698       0x1c Drivers/STM32F7xx_HAL_Driver/Src/stm32f7xx_hal_flash.o
                0x0000000020000698                pFlash
 COMMON         0x00000000200006b4      0x508 D:\work\techsafe\MCRuntime\dev_mcrt\mcrt\Debug_STM32_M7\libMCRuntime_V1.a(mcCore.o)
                0x00000000200006b4                fbTable
                0x00000000200007b8                paramAddrTable
 COMMON         0x0000000020000bbc       0x28 D:\work\techsafe\MCRuntime\dev_mcrt\mcrt\Debug_STM32_M7\libMCRuntime_V1.a(persistent_vars.o)
                0x0000000020000bbc                gpd
 COMMON         0x0000000020000be4       0x68 D:\work\techsafe\MCRuntime\dev_mcrt\mcrt\Debug_STM32_M7\libMCRuntime_V1.a(modbus_slave.o)
                0x0000000020000be4                resp_data
                0x0000000020000c0c                Modbus_Buf_Holding_Registers_40001
                0x0000000020000c2c                Modbus_Buf_Input_Registers_30001
 COMMON         0x0000000020000c4c       0x60 D:\work\techsafe\MCRuntime\dev_mcrt\mcrt\Debug_STM32_M7\libMCRuntime_V1.a(mcCore_Watch.o)
                0x0000000020000c4c                watchList
                0x0000000020000cac                . = ALIGN (0x4)
                0x0000000020000cac                _ebss = .
                0x0000000020000cac                __bss_end__ = _ebss

._user_heap_stack
                0x0000000020000cac      0x604 load address 0x000000000800a13c
                0x0000000020000cb0                . = ALIGN (0x8)
 *fill*         0x0000000020000cac        0x4 
                [!provide]                        PROVIDE (end = .)
                0x0000000020000cb0                PROVIDE (_end = .)
                0x0000000020000eb0                . = (. + _Min_Heap_Size)
 *fill*         0x0000000020000cb0      0x200 
                0x00000000200012b0                . = (. + _Min_Stack_Size)
 *fill*         0x0000000020000eb0      0x400 
                0x00000000200012b0                . = ALIGN (0x8)

/DISCARD/
 libc.a(*)
 libm.a(*)
 libgcc.a(*)

.ARM.attributes
                0x0000000000000000       0x2e
 *(.ARM.attributes)
 .ARM.attributes
                0x0000000000000000       0x1e c:/st/stm32cubeide_1.5.1/stm32cubeide/plugins/com.st.stm32cube.ide.mcu.externaltools.gnu-tools-for-stm32.9-2020-q2-update.win32_1.5.0.202011040924/tools/bin/../lib/gcc/arm-none-eabi/9.3.1/thumb/v7e-m+dp/hard/crti.o
 .ARM.attributes
                0x000000000000001e       0x32 c:/st/stm32cubeide_1.5.1/stm32cubeide/plugins/com.st.stm32cube.ide.mcu.externaltools.gnu-tools-for-stm32.9-2020-q2-update.win32_1.5.0.202011040924/tools/bin/../lib/gcc/arm-none-eabi/9.3.1/thumb/v7e-m+dp/hard/crtbegin.o
 .ARM.attributes
                0x0000000000000050       0x32 Adaptors/adaptor.o
 .ARM.attributes
                0x0000000000000082       0x32 Core/Src/main.o
 .ARM.attributes
                0x00000000000000b4       0x32 Core/Src/stm32f7xx_hal_msp.o
 .ARM.attributes
                0x00000000000000e6       0x32 Core/Src/stm32f7xx_it.o
 .ARM.attributes
                0x0000000000000118       0x32 Core/Src/system_stm32f7xx.o
 .ARM.attributes
                0x000000000000014a       0x21 Core/Startup/startup_stm32f767zitx.o
 .ARM.attributes
                0x000000000000016b       0x32 Drivers/STM32F7xx_HAL_Driver/Src/stm32f7xx_hal.o
 .ARM.attributes
                0x000000000000019d       0x32 Drivers/STM32F7xx_HAL_Driver/Src/stm32f7xx_hal_adc.o
 .ARM.attributes
                0x00000000000001cf       0x32 Drivers/STM32F7xx_HAL_Driver/Src/stm32f7xx_hal_adc_ex.o
 .ARM.attributes
                0x0000000000000201       0x32 Drivers/STM32F7xx_HAL_Driver/Src/stm32f7xx_hal_cortex.o
 .ARM.attributes
                0x0000000000000233       0x32 Drivers/STM32F7xx_HAL_Driver/Src/stm32f7xx_hal_dma.o
 .ARM.attributes
                0x0000000000000265       0x32 Drivers/STM32F7xx_HAL_Driver/Src/stm32f7xx_hal_flash.o
 .ARM.attributes
                0x0000000000000297       0x32 Drivers/STM32F7xx_HAL_Driver/Src/stm32f7xx_hal_flash_ex.o
 .ARM.attributes
                0x00000000000002c9       0x32 Drivers/STM32F7xx_HAL_Driver/Src/stm32f7xx_hal_gpio.o
 .ARM.attributes
                0x00000000000002fb       0x32 Drivers/STM32F7xx_HAL_Driver/Src/stm32f7xx_hal_rcc.o
 .ARM.attributes
                0x000000000000032d       0x32 Drivers/STM32F7xx_HAL_Driver/Src/stm32f7xx_hal_rcc_ex.o
 .ARM.attributes
                0x000000000000035f       0x32 Drivers/STM32F7xx_HAL_Driver/Src/stm32f7xx_hal_spi.o
 .ARM.attributes
                0x0000000000000391       0x32 Drivers/STM32F7xx_HAL_Driver/Src/stm32f7xx_hal_tim.o
 .ARM.attributes
                0x00000000000003c3       0x32 Drivers/STM32F7xx_HAL_Driver/Src/stm32f7xx_hal_tim_ex.o
 .ARM.attributes
                0x00000000000003f5       0x32 Drivers/STM32F7xx_HAL_Driver/Src/stm32f7xx_hal_uart.o
 .ARM.attributes
                0x0000000000000427       0x32 D:\work\techsafe\MCRuntime\dev_mcrt\mcrt\Debug_STM32_M7\libMCRuntime_V1.a(mcCore.o)
 .ARM.attributes
                0x0000000000000459       0x32 D:\work\techsafe\MCRuntime\dev_mcrt\mcrt\Debug_STM32_M7\libMCRuntime_V1.a(persistent_vars.o)
 .ARM.attributes
                0x000000000000048b       0x32 D:\work\techsafe\MCRuntime\dev_mcrt\mcrt\Debug_STM32_M7\libMCRuntime_V1.a(test_circuits.o)
 .ARM.attributes
                0x00000000000004bd       0x32 D:\work\techsafe\MCRuntime\dev_mcrt\mcrt\Debug_STM32_M7\libMCRuntime_V1.a(uniqueid.o)
 .ARM.attributes
                0x00000000000004ef       0x32 D:\work\techsafe\MCRuntime\dev_mcrt\mcrt\Debug_STM32_M7\libMCRuntime_V1.a(comm_service.o)
 .ARM.attributes
                0x0000000000000521       0x32 D:\work\techsafe\MCRuntime\dev_mcrt\mcrt\Debug_STM32_M7\libMCRuntime_V1.a(modbus_slave.o)
 .ARM.attributes
                0x0000000000000553       0x32 D:\work\techsafe\MCRuntime\dev_mcrt\mcrt\Debug_STM32_M7\libMCRuntime_V1.a(fb_gui_display.o)
 .ARM.attributes
                0x0000000000000585       0x32 D:\work\techsafe\MCRuntime\dev_mcrt\mcrt\Debug_STM32_M7\libMCRuntime_V1.a(fb_text.o)
 .ARM.attributes
                0x00000000000005b7       0x32 D:\work\techsafe\MCRuntime\dev_mcrt\mcrt\Debug_STM32_M7\libMCRuntime_V1.a(Parser.o)
 .ARM.attributes
                0x00000000000005e9       0x32 D:\work\techsafe\MCRuntime\dev_mcrt\mcrt\Debug_STM32_M7\libMCRuntime_V1.a(deployment.o)
 .ARM.attributes
                0x000000000000061b       0x32 D:\work\techsafe\MCRuntime\dev_mcrt\mcrt\Debug_STM32_M7\libMCRuntime_V1.a(fcb.o)
 .ARM.attributes
                0x000000000000064d       0x32 D:\work\techsafe\MCRuntime\dev_mcrt\mcrt\Debug_STM32_M7\libMCRuntime_V1.a(mcCore_Watch.o)
 .ARM.attributes
                0x000000000000067f       0x32 D:\work\techsafe\MCRuntime\dev_mcrt\mcrt\Debug_STM32_M7\libMCRuntime_V1.a(text_table.o)
 .ARM.attributes
                0x00000000000006b1       0x32 D:\work\techsafe\MCRuntime\dev_mcrt\mcrt\Debug_STM32_M7\libMCRuntime_V1.a(adaptor.o)
 .ARM.attributes
                0x00000000000006e3       0x32 D:\work\techsafe\MCRuntime\dev_mcrt\mcrt\Debug_STM32_M7\libMCRuntime_V1.a(fb_and.o)
 .ARM.attributes
                0x0000000000000715       0x32 D:\work\techsafe\MCRuntime\dev_mcrt\mcrt\Debug_STM32_M7\libMCRuntime_V1.a(fb_nand.o)
 .ARM.attributes
                0x0000000000000747       0x32 D:\work\techsafe\MCRuntime\dev_mcrt\mcrt\Debug_STM32_M7\libMCRuntime_V1.a(fb_nor.o)
 .ARM.attributes
                0x0000000000000779       0x32 D:\work\techsafe\MCRuntime\dev_mcrt\mcrt\Debug_STM32_M7\libMCRuntime_V1.a(fb_not.o)
 .ARM.attributes
                0x00000000000007ab       0x32 D:\work\techsafe\MCRuntime\dev_mcrt\mcrt\Debug_STM32_M7\libMCRuntime_V1.a(fb_or.o)
 .ARM.attributes
                0x00000000000007dd       0x32 D:\work\techsafe\MCRuntime\dev_mcrt\mcrt\Debug_STM32_M7\libMCRuntime_V1.a(fb_xor.o)
 .ARM.attributes
                0x000000000000080f       0x32 D:\work\techsafe\MCRuntime\dev_mcrt\mcrt\Debug_STM32_M7\libMCRuntime_V1.a(fb_condition.o)
 .ARM.attributes
                0x0000000000000841       0x32 D:\work\techsafe\MCRuntime\dev_mcrt\mcrt\Debug_STM32_M7\libMCRuntime_V1.a(fb_cycle.o)
 .ARM.attributes
                0x0000000000000873       0x32 D:\work\techsafe\MCRuntime\dev_mcrt\mcrt\Debug_STM32_M7\libMCRuntime_V1.a(fb_hsc.o)
 .ARM.attributes
                0x00000000000008a5       0x32 D:\work\techsafe\MCRuntime\dev_mcrt\mcrt\Debug_STM32_M7\libMCRuntime_V1.a(fb_inputpin.o)
 .ARM.attributes
                0x00000000000008d7       0x32 D:\work\techsafe\MCRuntime\dev_mcrt\mcrt\Debug_STM32_M7\libMCRuntime_V1.a(fb_jy.o)
 .ARM.attributes
                0x0000000000000909       0x32 D:\work\techsafe\MCRuntime\dev_mcrt\mcrt\Debug_STM32_M7\libMCRuntime_V1.a(fb_number.o)
 .ARM.attributes
                0x000000000000093b       0x32 D:\work\techsafe\MCRuntime\dev_mcrt\mcrt\Debug_STM32_M7\libMCRuntime_V1.a(fb_outputpin.o)
 .ARM.attributes
                0x000000000000096d       0x32 D:\work\techsafe\MCRuntime\dev_mcrt\mcrt\Debug_STM32_M7\libMCRuntime_V1.a(fb_rmhr.o)
 .ARM.attributes
                0x000000000000099f       0x32 D:\work\techsafe\MCRuntime\dev_mcrt\mcrt\Debug_STM32_M7\libMCRuntime_V1.a(fb_step.o)
 .ARM.attributes
                0x00000000000009d1       0x32 D:\work\techsafe\MCRuntime\dev_mcrt\mcrt\Debug_STM32_M7\libMCRuntime_V1.a(fb_timer_tp.o)
 .ARM.attributes
                0x0000000000000a03       0x32 D:\work\techsafe\MCRuntime\dev_mcrt\mcrt\Debug_STM32_M7\libMCRuntime_V1.a(fb_wmhr.o)
 .ARM.attributes
                0x0000000000000a35       0x32 c:/st/stm32cubeide_1.5.1/stm32cubeide/plugins/com.st.stm32cube.ide.mcu.externaltools.gnu-tools-for-stm32.9-2020-q2-update.win32_1.5.0.202011040924/tools/bin/../lib/gcc/arm-none-eabi/9.3.1/../../../../arm-none-eabi/lib/thumb/v7e-m+dp/hard\libc_nano.a(lib_a-init.o)
 .ARM.attributes
                0x0000000000000a67       0x32 c:/st/stm32cubeide_1.5.1/stm32cubeide/plugins/com.st.stm32cube.ide.mcu.externaltools.gnu-tools-for-stm32.9-2020-q2-update.win32_1.5.0.202011040924/tools/bin/../lib/gcc/arm-none-eabi/9.3.1/../../../../arm-none-eabi/lib/thumb/v7e-m+dp/hard\libc_nano.a(lib_a-memcpy-stub.o)
 .ARM.attributes
                0x0000000000000a99       0x32 c:/st/stm32cubeide_1.5.1/stm32cubeide/plugins/com.st.stm32cube.ide.mcu.externaltools.gnu-tools-for-stm32.9-2020-q2-update.win32_1.5.0.202011040924/tools/bin/../lib/gcc/arm-none-eabi/9.3.1/../../../../arm-none-eabi/lib/thumb/v7e-m+dp/hard\libc_nano.a(lib_a-memset.o)
 .ARM.attributes
                0x0000000000000acb       0x1e c:/st/stm32cubeide_1.5.1/stm32cubeide/plugins/com.st.stm32cube.ide.mcu.externaltools.gnu-tools-for-stm32.9-2020-q2-update.win32_1.5.0.202011040924/tools/bin/../lib/gcc/arm-none-eabi/9.3.1/thumb/v7e-m+dp/hard\libgcc.a(_aeabi_uldivmod.o)
 .ARM.attributes
                0x0000000000000ae9       0x32 c:/st/stm32cubeide_1.5.1/stm32cubeide/plugins/com.st.stm32cube.ide.mcu.externaltools.gnu-tools-for-stm32.9-2020-q2-update.win32_1.5.0.202011040924/tools/bin/../lib/gcc/arm-none-eabi/9.3.1/thumb/v7e-m+dp/hard\libgcc.a(_udivmoddi4.o)
 .ARM.attributes
                0x0000000000000b1b       0x1e c:/st/stm32cubeide_1.5.1/stm32cubeide/plugins/com.st.stm32cube.ide.mcu.externaltools.gnu-tools-for-stm32.9-2020-q2-update.win32_1.5.0.202011040924/tools/bin/../lib/gcc/arm-none-eabi/9.3.1/thumb/v7e-m+dp/hard\libgcc.a(_dvmd_tls.o)
 .ARM.attributes
                0x0000000000000b39       0x1e c:/st/stm32cubeide_1.5.1/stm32cubeide/plugins/com.st.stm32cube.ide.mcu.externaltools.gnu-tools-for-stm32.9-2020-q2-update.win32_1.5.0.202011040924/tools/bin/../lib/gcc/arm-none-eabi/9.3.1/thumb/v7e-m+dp/hard/crtn.o
OUTPUT(LCD_Button_LED.elf elf32-littlearm)
LOAD linker stubs
LOAD c:/st/stm32cubeide_1.5.1/stm32cubeide/plugins/com.st.stm32cube.ide.mcu.externaltools.gnu-tools-for-stm32.9-2020-q2-update.win32_1.5.0.202011040924/tools/bin/../lib/gcc/arm-none-eabi/9.3.1/../../../../arm-none-eabi/lib/thumb/v7e-m+dp/hard\libc.a
LOAD c:/st/stm32cubeide_1.5.1/stm32cubeide/plugins/com.st.stm32cube.ide.mcu.externaltools.gnu-tools-for-stm32.9-2020-q2-update.win32_1.5.0.202011040924/tools/bin/../lib/gcc/arm-none-eabi/9.3.1/../../../../arm-none-eabi/lib/thumb/v7e-m+dp/hard\libm.a
LOAD c:/st/stm32cubeide_1.5.1/stm32cubeide/plugins/com.st.stm32cube.ide.mcu.externaltools.gnu-tools-for-stm32.9-2020-q2-update.win32_1.5.0.202011040924/tools/bin/../lib/gcc/arm-none-eabi/9.3.1/thumb/v7e-m+dp/hard\libgcc.a

.debug_info     0x0000000000000000    0x1a0e9
 .debug_info    0x0000000000000000     0x14af Adaptors/adaptor.o
 .debug_info    0x00000000000014af     0x21a0 Core/Src/main.o
 .debug_info    0x000000000000364f     0x198e Core/Src/stm32f7xx_hal_msp.o
 .debug_info    0x0000000000004fdd      0xe79 Core/Src/stm32f7xx_it.o
 .debug_info    0x0000000000005e56      0x7ad Core/Src/system_stm32f7xx.o
 .debug_info    0x0000000000006603       0x22 Core/Startup/startup_stm32f767zitx.o
 .debug_info    0x0000000000006625      0xab8 Drivers/STM32F7xx_HAL_Driver/Src/stm32f7xx_hal.o
 .debug_info    0x00000000000070dd      0xd66 Drivers/STM32F7xx_HAL_Driver/Src/stm32f7xx_hal_adc.o
 .debug_info    0x0000000000007e43      0xbae Drivers/STM32F7xx_HAL_Driver/Src/stm32f7xx_hal_adc_ex.o
 .debug_info    0x00000000000089f1     0x1158 Drivers/STM32F7xx_HAL_Driver/Src/stm32f7xx_hal_cortex.o
 .debug_info    0x0000000000009b49      0x9f1 Drivers/STM32F7xx_HAL_Driver/Src/stm32f7xx_hal_dma.o
 .debug_info    0x000000000000a53a      0x6ba Drivers/STM32F7xx_HAL_Driver/Src/stm32f7xx_hal_flash.o
 .debug_info    0x000000000000abf4      0x838 Drivers/STM32F7xx_HAL_Driver/Src/stm32f7xx_hal_flash_ex.o
 .debug_info    0x000000000000b42c      0x876 Drivers/STM32F7xx_HAL_Driver/Src/stm32f7xx_hal_gpio.o
 .debug_info    0x000000000000bca2      0xa28 Drivers/STM32F7xx_HAL_Driver/Src/stm32f7xx_hal_rcc.o
 .debug_info    0x000000000000c6ca      0x853 Drivers/STM32F7xx_HAL_Driver/Src/stm32f7xx_hal_rcc_ex.o
 .debug_info    0x000000000000cf1d     0x1825 Drivers/STM32F7xx_HAL_Driver/Src/stm32f7xx_hal_spi.o
 .debug_info    0x000000000000e742     0x2bc9 Drivers/STM32F7xx_HAL_Driver/Src/stm32f7xx_hal_tim.o
 .debug_info    0x000000000001130b     0x1703 Drivers/STM32F7xx_HAL_Driver/Src/stm32f7xx_hal_tim_ex.o
 .debug_info    0x0000000000012a0e     0x1974 Drivers/STM32F7xx_HAL_Driver/Src/stm32f7xx_hal_uart.o
 .debug_info    0x0000000000014382      0x39e D:\work\techsafe\MCRuntime\dev_mcrt\mcrt\Debug_STM32_M7\libMCRuntime_V1.a(mcCore.o)
 .debug_info    0x0000000000014720      0x2c3 D:\work\techsafe\MCRuntime\dev_mcrt\mcrt\Debug_STM32_M7\libMCRuntime_V1.a(persistent_vars.o)
 .debug_info    0x00000000000149e3      0x256 D:\work\techsafe\MCRuntime\dev_mcrt\mcrt\Debug_STM32_M7\libMCRuntime_V1.a(test_circuits.o)
 .debug_info    0x0000000000014c39      0x117 D:\work\techsafe\MCRuntime\dev_mcrt\mcrt\Debug_STM32_M7\libMCRuntime_V1.a(uniqueid.o)
 .debug_info    0x0000000000014d50      0x254 D:\work\techsafe\MCRuntime\dev_mcrt\mcrt\Debug_STM32_M7\libMCRuntime_V1.a(comm_service.o)
 .debug_info    0x0000000000014fa4      0x557 D:\work\techsafe\MCRuntime\dev_mcrt\mcrt\Debug_STM32_M7\libMCRuntime_V1.a(modbus_slave.o)
 .debug_info    0x00000000000154fb      0x524 D:\work\techsafe\MCRuntime\dev_mcrt\mcrt\Debug_STM32_M7\libMCRuntime_V1.a(fb_gui_display.o)
 .debug_info    0x0000000000015a1f      0x29c D:\work\techsafe\MCRuntime\dev_mcrt\mcrt\Debug_STM32_M7\libMCRuntime_V1.a(fb_text.o)
 .debug_info    0x0000000000015cbb      0x2b8 D:\work\techsafe\MCRuntime\dev_mcrt\mcrt\Debug_STM32_M7\libMCRuntime_V1.a(Parser.o)
 .debug_info    0x0000000000015f73      0x1ae D:\work\techsafe\MCRuntime\dev_mcrt\mcrt\Debug_STM32_M7\libMCRuntime_V1.a(deployment.o)
 .debug_info    0x0000000000016121      0x41e D:\work\techsafe\MCRuntime\dev_mcrt\mcrt\Debug_STM32_M7\libMCRuntime_V1.a(fcb.o)
 .debug_info    0x000000000001653f      0x2cb D:\work\techsafe\MCRuntime\dev_mcrt\mcrt\Debug_STM32_M7\libMCRuntime_V1.a(mcCore_Watch.o)
 .debug_info    0x000000000001680a      0x20f D:\work\techsafe\MCRuntime\dev_mcrt\mcrt\Debug_STM32_M7\libMCRuntime_V1.a(text_table.o)
 .debug_info    0x0000000000016a19      0x3bd D:\work\techsafe\MCRuntime\dev_mcrt\mcrt\Debug_STM32_M7\libMCRuntime_V1.a(adaptor.o)
 .debug_info    0x0000000000016dd6      0x2fc D:\work\techsafe\MCRuntime\dev_mcrt\mcrt\Debug_STM32_M7\libMCRuntime_V1.a(fb_and.o)
 .debug_info    0x00000000000170d2      0x2fc D:\work\techsafe\MCRuntime\dev_mcrt\mcrt\Debug_STM32_M7\libMCRuntime_V1.a(fb_nand.o)
 .debug_info    0x00000000000173ce      0x2aa D:\work\techsafe\MCRuntime\dev_mcrt\mcrt\Debug_STM32_M7\libMCRuntime_V1.a(fb_nor.o)
 .debug_info    0x0000000000017678      0x2c6 D:\work\techsafe\MCRuntime\dev_mcrt\mcrt\Debug_STM32_M7\libMCRuntime_V1.a(fb_not.o)