main.c:112:5:main	8	static
main.c:265:6:SystemClock_Config	232	static
main.c:317:13:MX_ADC1_Init	24	static
main.c:375:13:MX_SPI1_Init	8	static
main.c:415:13:MX_TIM4_Init	64	static
main.c:474:13:MX_TIM6_Init	24	static
main.c:512:13:MX_UART7_Init	8	static
main.c:545:13:MX_DMA_Init	16	static
main.c:563:13:MX_GPIO_Init	56	static
main.c:652:6:HAL_GPIO_EXTI_Callback	24	static
main.c:675:6:change_flag	16	static
main.c:682:6:HAL_ADC_ConvCpltCallback	16	static
main.c:692:6:Error_Handler	8	static,ignoring_inline_asm
